2025-07-28 16:09:58,049 [INFO] /app/main_operator_recovery_time.py - 🚀 Operator startup timer started at 2025-07-28 16:09:58
2025-07-28 16:09:58,050 [INFO] /app/main_operator_recovery_time.py - Starting Operator with 20 workers.
2025-07-28 16:09:58,146 [INFO] kopf.activities.startup - Activity 'startup_handler' succeeded.
2025-07-28 16:09:58,148 [INFO] kopf._core.engines.activities - Initial authentication has been initiated.
2025-07-28 16:09:58,150 [INFO] kopf.activities.authentication - Activity 'login_via_client' succeeded.
2025-07-28 16:09:58,151 [INFO] kopf._core.engines.activities - Initial authentication has finished.
2025-07-28 16:09:58,181 [WARNING] kopf._core.reactor.observation - Not enough permissions to list namespaces. Falling back to a list of namespaces which are assumed to exist: {'test-thesis'}
2025-07-28 16:09:58,187 [WARNING] kopf._core.reactor.observation - Not enough permissions to watch for namespaces: changes (deletion/creation) will not be noticed; the namespaces are only refreshed on operator restarts.
2025-07-28 16:09:58,305 [INFO] /app/main_operator_recovery_time.py - ⏰ Resume handler executed at 16:09:58
2025-07-28 16:09:58,307 [INFO] /app/main_operator_recovery_time.py - ⏰ Resume handler executed at 16:09:58
2025-07-28 16:09:58,313 [INFO] /app/main_operator_recovery_time.py - ⏰ Resume handler executed at 16:09:58
2025-07-28 16:09:58,322 [INFO] /app/main_operator_recovery_time.py - ⏰ Resume handler executed at 16:09:58
2025-07-28 16:09:58,323 [INFO] /app/main_operator_recovery_time.py - ⏰ Resume handler executed at 16:09:58
2025-07-28 16:09:58,329 [INFO] /app/main_operator_recovery_time.py - ⏰ Resume handler executed at 16:09:58
2025-07-28 16:09:58,330 [INFO] /app/main_operator_recovery_time.py - ⏰ Resume handler executed at 16:09:58
2025-07-28 16:09:58,336 [INFO] /app/main_operator_recovery_time.py - ⏰ Resume handler executed at 16:09:58
2025-07-28 16:09:58,338 [INFO] kopf.objects - Handler 'handle_existing_pod' succeeded.
2025-07-28 16:09:58,339 [INFO] /app/main_operator_recovery_time.py - ⏰ Resume handler executed at 16:09:58
2025-07-28 16:09:58,340 [INFO] kopf.objects - Resuming is processed: 1 succeeded; 0 failed.
2025-07-28 16:09:58,342 [INFO] kopf.objects - Handler 'handle_existing_pod' succeeded.
2025-07-28 16:09:58,343 [INFO] kopf.objects - Resuming is processed: 1 succeeded; 0 failed.
2025-07-28 16:09:58,344 [INFO] kopf.objects - Handler 'handle_existing_pod' succeeded.
2025-07-28 16:09:58,345 [INFO] kopf.objects - Resuming is processed: 1 succeeded; 0 failed.
2025-07-28 16:09:58,346 [INFO] kopf.objects - Handler 'handle_existing_pod' succeeded.
2025-07-28 16:09:58,346 [INFO] kopf.objects - Resuming is processed: 1 succeeded; 0 failed.
2025-07-28 16:09:58,347 [INFO] kopf.objects - Handler 'handle_existing_pod' succeeded.
2025-07-28 16:09:58,347 [INFO] kopf.objects - Resuming is processed: 1 succeeded; 0 failed.
2025-07-28 16:09:58,348 [INFO] kopf.objects - Handler 'handle_existing_pod' succeeded.
2025-07-28 16:09:58,348 [INFO] kopf.objects - Resuming is processed: 1 succeeded; 0 failed.
2025-07-28 16:09:58,349 [INFO] kopf.objects - Handler 'handle_existing_pod' succeeded.
2025-07-28 16:09:58,349 [INFO] kopf.objects - Resuming is processed: 1 succeeded; 0 failed.
2025-07-28 16:09:58,349 [INFO] kopf.objects - Handler 'handle_existing_pod' succeeded.
2025-07-28 16:09:58,350 [INFO] kopf.objects - Resuming is processed: 1 succeeded; 0 failed.
2025-07-28 16:09:58,368 [INFO] /app/main_operator_recovery_time.py - ⏰ Resume handler executed at 16:09:58
2025-07-28 16:09:58,379 [INFO] /app/main_operator_recovery_time.py - ⏰ Resume handler executed at 16:09:58
2025-07-28 16:09:58,388 [INFO] /app/main_operator_recovery_time.py - ⏰ Resume handler executed at 16:09:58
2025-07-28 16:09:58,390 [INFO] kopf.objects - Handler 'handle_existing_pod' succeeded.
2025-07-28 16:09:58,390 [INFO] kopf.objects - Resuming is processed: 1 succeeded; 0 failed.
2025-07-28 16:09:58,392 [INFO] kopf.objects - Handler 'handle_existing_policy' succeeded.
2025-07-28 16:09:58,392 [INFO] kopf.objects - Resuming is processed: 1 succeeded; 0 failed.
2025-07-28 16:09:58,392 [INFO] kopf.objects - Handler 'handle_existing_policy' succeeded.
2025-07-28 16:09:58,392 [INFO] kopf.objects - Resuming is processed: 1 succeeded; 0 failed.
2025-07-28 16:09:58,393 [INFO] kopf.objects - Handler 'handle_existing_policy' succeeded.
2025-07-28 16:09:58,393 [INFO] kopf.objects - Resuming is processed: 1 succeeded; 0 failed.
🚀 Starting Kopf operator in mode: PLS, watching the test-thesis namespace.
Initializing Openstack Client!
================================= FRESH (Light) INITIALISATION DONE =====================================
Watcher class for Kopf Operator!
Handling existing pod test-pod-0, scheduled on node worker.
Handling already existing pod object: Pod(name=test-pod-0, label_set=LabelSet(labels={'app': 'app-a', 'role': 'frontend'}), node=Node(name=worker)
[134223248836288] Handling pod test-pod-0, locking app:app-arole:frontend,  ...
New pod: test-pod-0, on node: worker
[134223248836288] Pod test-pod-0 handled. Released locks for: app:app-arole:frontend, 
⏰ Resume handler executed, updating startup timer
Handling existing pod test-pod-1, scheduled on node worker.
Handling already existing pod object: Pod(name=test-pod-1, label_set=LabelSet(labels={'app': 'app-a', 'role': 'backend'}), node=Node(name=worker)
[134223155422912] Handling pod test-pod-1, locking app:app-arole:backend,  ...
New pod: test-pod-1, on node: worker
[134223155422912] Pod test-pod-1 handled. Released locks for: app:app-arole:backend, 
⏰ Resume handler executed, updating startup timer
Handling existing pod test-pod-2, scheduled on node worker-1.
Handling already existing pod object: Pod(name=test-pod-2, label_set=LabelSet(labels={'app': 'app-a', 'role': 'database'}), node=Node(name=worker-1)
[134223155422912] Handling pod test-pod-2, locking app:app-arole:database,  ...
New pod: test-pod-2, on node: worker-1
[134223155422912] Pod test-pod-2 handled. Released locks for: app:app-arole:database, 
⏰ Resume handler executed, updating startup timer
Handling existing pod test-pod-3, scheduled on node worker-1.
Handling already existing pod object: Pod(name=test-pod-3, label_set=LabelSet(labels={'app': 'app-b', 'role': 'frontend'}), node=Node(name=worker-1)
[134223155422912] Handling pod test-pod-3, locking app:app-brole:frontend,  ...
New pod: test-pod-3, on node: worker-1
[134223155422912] Pod test-pod-3 handled. Released locks for: app:app-brole:frontend, 
⏰ Resume handler executed, updating startup timer
Handling existing pod test-pod-4, scheduled on node worker.
Handling already existing pod object: Pod(name=test-pod-4, label_set=LabelSet(labels={'app': 'app-b', 'role': 'backend'}), node=Node(name=worker)
[134223155422912] Handling pod test-pod-4, locking app:app-brole:backend,  ...
New pod: test-pod-4, on node: worker
[134223155422912] Pod test-pod-4 handled. Released locks for: app:app-brole:backend, 
⏰ Resume handler executed, updating startup timer
Handling existing pod test-pod-5, scheduled on node worker.
Handling already existing pod object: Pod(name=test-pod-5, label_set=LabelSet(labels={'app': 'app-b', 'role': 'database'}), node=Node(name=worker)
[134223155422912] Handling pod test-pod-5, locking app:app-brole:database,  ...
New pod: test-pod-5, on node: worker
[134223155422912] Pod test-pod-5 handled. Released locks for: app:app-brole:database, 
⏰ Resume handler executed, updating startup timer
Handling existing pod test-pod-6, scheduled on node worker-1.
Handling already existing pod object: Pod(name=test-pod-6, label_set=LabelSet(labels={'app': 'app-c', 'role': 'frontend'}), node=Node(name=worker-1)
[134223155422912] Handling pod test-pod-6, locking app:app-crole:frontend,  ...
New pod: test-pod-6, on node: worker-1
[134223155422912] Pod test-pod-6 handled. Released locks for: app:app-crole:frontend, 
⏰ Resume handler executed, updating startup timer
Handling existing pod test-pod-7, scheduled on node worker.
Handling already existing pod object: Pod(name=test-pod-7, label_set=LabelSet(labels={'app': 'app-c', 'role': 'backend'}), node=Node(name=worker)
[134223248836288] Handling pod test-pod-7, locking app:app-crole:backend,  ...
New pod: test-pod-7, on node: worker
[134223248836288] Pod test-pod-7 handled. Released locks for: app:app-crole:backend, 
⏰ Resume handler executed, updating startup timer
Handling existing pod test-pod-8, scheduled on node worker-1.
Handling already existing pod object: Pod(name=test-pod-8, label_set=LabelSet(labels={'app': 'app-c', 'role': 'database'}), node=Node(name=worker-1)
[134223155422912] Handling pod test-pod-8, locking app:app-crole:database,  ...
New pod: test-pod-8, on node: worker-1
[134223155422912] Pod test-pod-8 handled. Released locks for: app:app-crole:database, 
⏰ Resume handler executed, updating startup timer
[134223248836288] Handling new policy app-a-allow-backend-database, locking app:app-arole:backend, app:app-arole:database,  ...
PLS: Configuring new spol Policy(name=app-a-allow-backend-database, sel=LabelSet(labels={'app': 'app-a', 'role': 'backend'}), allow=[
(LabelSet(labels={'app': 'app-a', 'role': 'database'}), Traffic(direction=ingress, port=80, protocol=TCP)) 
])
Adding Security Group for select labelset: LabelSet(labels={'app': 'app-a', 'role': 'backend'})
[134223147030208] Handling new policy app-a-allow-backend-frontend, locking app:app-arole:backend, app:app-arole:frontend,  ...
[134223155422912] Handling new policy app-a-allow-database-backend, locking app:app-arole:backend, app:app-arole:database,  ...
[134223138637504] Handling new policy app-a-allow-frontend-backend, locking app:app-arole:backend, app:app-arole:frontend,  ...
[134223130244800] Handling new policy app-a-deny-all, locking app:app-a,  ...
Successfully added policy app-a-deny-all to ClusterState
[134223130244800] Handled new policy app-a-deny-all, Released app:app-a,  ...
⏰ Resume handler executed, updating startup timer
[134223130244800] Handling new policy app-b-allow-backend-database, locking app:app-brole:backend, app:app-brole:database,  ...
PLS: Configuring new spol Policy(name=app-b-allow-backend-database, sel=LabelSet(labels={'app': 'app-b', 'role': 'backend'}), allow=[
(LabelSet(labels={'app': 'app-b', 'role': 'database'}), Traffic(direction=ingress, port=80, protocol=TCP)) 
])
Adding Security Group for select labelset: LabelSet(labels={'app': 'app-b', 'role': 'backend'})
[134223121852096] Handling new policy app-b-allow-backend-frontend, locking app:app-brole:backend, app:app-brole:frontend,  ...
[134223113459392] Handling new policy app-b-allow-database-backend, locking app:app-brole:database, app:app-brole:backend,  ...
[134222626944704] Handling new policy app-b-allow-frontend-backend, locking app:app-brole:backend, app:app-brole:frontend,  ...
[134222618552000] Handling new policy app-b-deny-all, locking app:app-b,  ...
Successfully added policy app-b-deny-all to ClusterState
[134222618552000] Handled new policy app-b-deny-all, Released app:app-b,  ...
⏰ Resume handler executed, updating startup timer
[134222610159296] Handling new policy app-c-allow-backend-database, locking app:app-crole:database, app:app-crole:backend,  ...
PLS: Configuring new spol Policy(name=app-c-allow-backend-database, sel=LabelSet(labels={'app': 'app-c', 'role': 'backend'}), allow=[
(LabelSet(labels={'app': 'app-c', 'role': 'database'}), Traffic(direction=ingress, port=80, protocol=TCP)) 
])
Adding Security Group for select labelset: LabelSet(labels={'app': 'app-c', 'role': 'backend'})
[134222618552000] Handling new policy app-c-allow-backend-frontend, locking app:app-crole:frontend, app:app-crole:backend,  ...
[134222593373888] Handling new policy app-c-allow-database-backend, locking app:app-crole:database, app:app-crole:backend,  ...
[134222584981184] Handling new policy app-c-allow-frontend-backend, locking app:app-crole:frontend, app:app-crole:backend,  ...
[134222601766592] Handling new policy app-c-deny-all, locking app:app-c,  ...
Successfully added policy app-c-deny-all to ClusterState
[134222601766592] Handled new policy app-c-deny-all, Released app:app-c,  ...
⏰ Resume handler executed, updating startup timer
Security group 'SG-app:app-brole:backend' already exists.
Security group 'SG-app:app-crole:backend' already exists.
Security group 'SG-app:app-arole:backend' already exists.
SG-app:app-crole:backend already attached to worker
Adding Security Group for allow labelset: LabelSet(labels={'app': 'app-c', 'role': 'database'})
Security group 'SG-app:app-crole:database' already exists.
2025-07-28 16:10:00,143 [INFO] /app/main_operator_recovery_time.py - ⏰ Resume handler executed at 16:10:00
2025-07-28 16:10:00,147 [INFO] kopf.objects - Handler 'handle_existing_policy' succeeded.
2025-07-28 16:10:00,149 [INFO] kopf.objects - Resuming is processed: 1 succeeded; 0 failed.
2025-07-28 16:10:00,174 [INFO] /app/main_operator_recovery_time.py - ⏰ Resume handler executed at 16:10:00
2025-07-28 16:10:00,178 [INFO] kopf.objects - Handler 'handle_existing_policy' succeeded.
2025-07-28 16:10:00,181 [INFO] kopf.objects - Resuming is processed: 1 succeeded; 0 failed.
2025-07-28 16:10:00,262 [INFO] /app/main_operator_recovery_time.py - ⏰ Resume handler executed at 16:10:00
2025-07-28 16:10:00,269 [INFO] kopf.objects - Handler 'handle_existing_policy' succeeded.
2025-07-28 16:10:00,270 [INFO] kopf.objects - Resuming is processed: 1 succeeded; 0 failed.
SG-app:app-arole:backend already attached to worker
Adding Security Group for allow labelset: LabelSet(labels={'app': 'app-a', 'role': 'database'})
SG-app:app-brole:backend already attached to worker
Adding Security Group for allow labelset: LabelSet(labels={'app': 'app-b', 'role': 'database'})
Security group 'SG-app:app-arole:database' already exists.
Security group 'SG-app:app-brole:database' already exists.
SG-app:app-crole:database already attached to worker-1
SGMod: Adding rule to SG-app:app-crole:backend, remote SG-app:app-crole:database, port 80, type ingress
SG-app:app-arole:database already attached to worker-1
SGMod: Adding rule to SG-app:app-arole:backend, remote SG-app:app-arole:database, port 80, type ingress
Cannot add rule to remotes: Security group rule already exists. Rule id is 8fc815a9-cae8-4f78-aebc-62468edeb72c.
Neutron server returns request_ids: ['req-fd37d8c0-071d-4fac-b7f7-99e9494f612e']
PLS: Configuring new spol Policy(name=app-a-allow-backend-database, sel=LabelSet(labels={'app': 'app-a', 'role': 'backend'}), allow=[
(LabelSet(labels={'app': 'app-a', 'role': 'database'}), Traffic(direction=egress, port=80, protocol=TCP)) 
])
Adding Security Group for select labelset: LabelSet(labels={'app': 'app-a', 'role': 'backend'})
Adding Security Group for allow labelset: LabelSet(labels={'app': 'app-a', 'role': 'database'})
SGMod: Adding rule to SG-app:app-arole:backend, remote SG-app:app-arole:database, port 80, type egress
Cannot add rule to remotes: Security group rule already exists. Rule id is 16eaa4ac-6d93-47cb-a6d6-139713c3c3cd.
Neutron server returns request_ids: ['req-43ccae02-9dd5-4771-a8c3-674770e9593d']
PLS: Configuring new spol Policy(name=app-c-allow-backend-database, sel=LabelSet(labels={'app': 'app-c', 'role': 'backend'}), allow=[
(LabelSet(labels={'app': 'app-c', 'role': 'database'}), Traffic(direction=egress, port=80, protocol=TCP)) 
])
Adding Security Group for select labelset: LabelSet(labels={'app': 'app-c', 'role': 'backend'})
Adding Security Group for allow labelset: LabelSet(labels={'app': 'app-c', 'role': 'database'})
SGMod: Adding rule to SG-app:app-crole:backend, remote SG-app:app-crole:database, port 80, type egress
SG-app:app-brole:database already attached to worker
SGMod: Adding rule to SG-app:app-brole:backend, remote SG-app:app-brole:database, port 80, type ingress
Cannot add rule to remotes: Security group rule already exists. Rule id is 4babea6e-c946-48b8-8dfd-cb8e7bd237c8.
Neutron server returns request_ids: ['req-d7f8844a-bbfe-4c29-945a-b37a0189f54b']
Successfully added policy app-a-allow-backend-database to ClusterState
[134223248836288] Handled new policy app-a-allow-backend-database, Released app:app-arole:backend, app:app-arole:database,  ...
PLS: Configuring new spol Policy(name=app-a-allow-backend-frontend, sel=LabelSet(labels={'app': 'app-a', 'role': 'backend'}), allow=[
(LabelSet(labels={'app': 'app-a', 'role': 'frontend'}), Traffic(direction=ingress, port=80, protocol=TCP)) 
])
Adding Security Group for select labelset: LabelSet(labels={'app': 'app-a', 'role': 'backend'})
Adding Security Group for allow labelset: LabelSet(labels={'app': 'app-a', 'role': 'frontend'})
⏰ Resume handler executed, updating startup timer
Cannot add rule to remotes: Security group rule already exists. Rule id is 8ce88d10-8a4a-4515-bef7-b1ef74202222.
Neutron server returns request_ids: ['req-769af25a-2972-4e37-8713-03dc12c4829a']
Successfully added policy app-c-allow-backend-database to ClusterState
[134222610159296] Handled new policy app-c-allow-backend-database, Released app:app-crole:database, app:app-crole:backend,  ...
⏰ Resume handler executed, updating startup timer
PLS: Configuring new spol Policy(name=app-c-allow-backend-frontend, sel=LabelSet(labels={'app': 'app-c', 'role': 'backend'}), allow=[
(LabelSet(labels={'app': 'app-c', 'role': 'frontend'}), Traffic(direction=ingress, port=80, protocol=TCP)) 
])
Adding Security Group for select labelset: LabelSet(labels={'app': 'app-c', 'role': 'backend'})
Adding Security Group for allow labelset: LabelSet(labels={'app': 'app-c', 'role': 'frontend'})
Cannot add rule to remotes: Security group rule already exists. Rule id is b03d71a0-3cce-4d35-a48d-54d85a27969b.
Neutron server returns request_ids: ['req-22c66bf5-31bd-4e1e-9101-626dda8cd164']
PLS: Configuring new spol Policy(name=app-b-allow-backend-database, sel=LabelSet(labels={'app': 'app-b', 'role': 'backend'}), allow=[
(LabelSet(labels={'app': 'app-b', 'role': 'database'}), Traffic(direction=egress, port=80, protocol=TCP)) 
])
Adding Security Group for select labelset: LabelSet(labels={'app': 'app-b', 'role': 'backend'})
Adding Security Group for allow labelset: LabelSet(labels={'app': 'app-b', 'role': 'database'})
SGMod: Adding rule to SG-app:app-brole:backend, remote SG-app:app-brole:database, port 80, type egress
Security group 'SG-app:app-arole:frontend' already exists.
Security group 'SG-app:app-crole:frontend' already exists.
Cannot add rule to remotes: Security group rule already exists. Rule id is f0236a13-ed50-434a-b90d-cf8a11e3afcd.
Neutron server returns request_ids: ['req-1e432681-b696-406b-94e7-79acbc2ef0f3']
Successfully added policy app-b-allow-backend-database to ClusterState
[134223130244800] Handled new policy app-b-allow-backend-database, Released app:app-brole:backend, app:app-brole:database,  ...
PLS: Configuring new spol Policy(name=app-b-allow-backend-frontend, sel=LabelSet(labels={'app': 'app-b', 'role': 'backend'}), allow=[
(LabelSet(labels={'app': 'app-b', 'role': 'frontend'}), Traffic(direction=ingress, port=80, protocol=TCP)) 
])
Adding Security Group for select labelset: LabelSet(labels={'app': 'app-b', 'role': 'backend'})
Adding Security Group for allow labelset: LabelSet(labels={'app': 'app-b', 'role': 'frontend'})
⏰ Resume handler executed, updating startup timer
Security group 'SG-app:app-brole:frontend' already exists.
2025-07-28 16:10:00,679 [INFO] /app/main_operator_recovery_time.py - ⏰ Resume handler executed at 16:10:00
SG-app:app-crole:frontend already attached to worker-1
SGMod: Adding rule to SG-app:app-crole:backend, remote SG-app:app-crole:frontend, port 80, type ingress
SG-app:app-arole:frontend already attached to worker
SGMod: Adding rule to SG-app:app-arole:backend, remote SG-app:app-arole:frontend, port 80, type ingress
Cannot add rule to remotes: Security group rule already exists. Rule id is d4e623b0-01b3-444d-aa8f-7e38f7d8cf4b.
Neutron server returns request_ids: ['req-abe829bf-4d31-4001-a791-9c1dce5b7f40']
PLS: Configuring new spol Policy(name=app-c-allow-backend-frontend, sel=LabelSet(labels={'app': 'app-c', 'role': 'backend'}), allow=[
(LabelSet(labels={'app': 'app-c', 'role': 'frontend'}), Traffic(direction=egress, port=80, protocol=TCP)) 
])
Adding Security Group for select labelset: LabelSet(labels={'app': 'app-c', 'role': 'backend'})
Adding Security Group for allow labelset: LabelSet(labels={'app': 'app-c', 'role': 'frontend'})
SGMod: Adding rule to SG-app:app-crole:backend, remote SG-app:app-crole:frontend, port 80, type egress
SG-app:app-brole:frontend already attached to worker-1
SGMod: Adding rule to SG-app:app-brole:backend, remote SG-app:app-brole:frontend, port 80, type ingress
Cannot add rule to remotes: Security group rule already exists. Rule id is aca1d661-521a-4831-aa5e-cc48f4151c2c.
Neutron server returns request_ids: ['req-c9877bad-2978-4251-911f-b9a7fa780b23']
PLS: Configuring new spol Policy(name=app-a-allow-backend-frontend, sel=LabelSet(labels={'app': 'app-a', 'role': 'backend'}), allow=[
(LabelSet(labels={'app': 'app-a', 'role': 'frontend'}), Traffic(direction=egress, port=80, protocol=TCP)) 
])
Adding Security Group for select labelset: LabelSet(labels={'app': 'app-a', 'role': 'backend'})
Adding Security Group for allow labelset: LabelSet(labels={'app': 'app-a', 'role': 'frontend'})
SGMod: Adding rule to SG-app:app-arole:backend, remote SG-app:app-arole:frontend, port 80, type egress
Cannot add rule to remotes: Security group rule already exists. Rule id is f2a526a8-daaf-4481-9e19-8674a37d60a8.
Neutron server returns request_ids: ['req-a6c688fd-fcfd-411d-984c-4297fab68804']
Successfully added policy app-c-allow-backend-frontend to ClusterState
2025-07-28 16:10:00,687 [INFO] kopf.objects - Handler 'handle_existing_policy' succeeded.
2025-07-28 16:10:00,690 [INFO] kopf.objects - Resuming is processed: 1 succeeded; 0 failed.
2025-07-28 16:10:00,718 [INFO] /app/main_operator_recovery_time.py - ⏰ Resume handler executed at 16:10:00
2025-07-28 16:10:00,719 [INFO] kopf.objects - Handler 'handle_existing_policy' succeeded.
2025-07-28 16:10:00,719 [INFO] kopf.objects - Resuming is processed: 1 succeeded; 0 failed.
2025-07-28 16:10:00,797 [INFO] /app/main_operator_recovery_time.py - ⏰ Resume handler executed at 16:10:00
2025-07-28 16:10:00,800 [INFO] kopf.objects - Handler 'handle_existing_policy' succeeded.
2025-07-28 16:10:00,800 [INFO] kopf.objects - Resuming is processed: 1 succeeded; 0 failed.
2025-07-28 16:10:00,853 [INFO] /app/main_operator_recovery_time.py - ⏰ Resume handler executed at 16:10:00
2025-07-28 16:10:00,856 [INFO] kopf.objects - Handler 'handle_existing_policy' succeeded.
2025-07-28 16:10:00,856 [INFO] kopf.objects - Resuming is processed: 1 succeeded; 0 failed.
2025-07-28 16:10:00,919 [INFO] /app/main_operator_recovery_time.py - ⏰ Resume handler executed at 16:10:00
2025-07-28 16:10:00,921 [INFO] kopf.objects - Handler 'handle_existing_policy' succeeded.
2025-07-28 16:10:00,924 [INFO] kopf.objects - Resuming is processed: 1 succeeded; 0 failed.
[134222618552000] Handled new policy app-c-allow-backend-frontend, Released app:app-crole:frontend, app:app-crole:backend,  ...
⏰ Resume handler executed, updating startup timer
PLS: Configuring new spol Policy(name=app-c-allow-database-backend, sel=LabelSet(labels={'app': 'app-c', 'role': 'database'}), allow=[
(LabelSet(labels={'app': 'app-c', 'role': 'backend'}), Traffic(direction=ingress, port=80, protocol=TCP)) 
])
Adding Security Group for select labelset: LabelSet(labels={'app': 'app-c', 'role': 'database'})
Adding Security Group for allow labelset: LabelSet(labels={'app': 'app-c', 'role': 'backend'})
SGMod: Adding rule to SG-app:app-crole:database, remote SG-app:app-crole:backend, port 80, type ingress
Cannot add rule to remotes: Security group rule already exists. Rule id is 2d3229e2-d7d4-45f4-9fd7-cc007a4c2c57.
Neutron server returns request_ids: ['req-d6785f3f-816c-4df5-82b5-68cddf6c400c']
PLS: Configuring new spol Policy(name=app-b-allow-backend-frontend, sel=LabelSet(labels={'app': 'app-b', 'role': 'backend'}), allow=[
(LabelSet(labels={'app': 'app-b', 'role': 'frontend'}), Traffic(direction=egress, port=80, protocol=TCP)) 
])
Adding Security Group for select labelset: LabelSet(labels={'app': 'app-b', 'role': 'backend'})
Adding Security Group for allow labelset: LabelSet(labels={'app': 'app-b', 'role': 'frontend'})
SGMod: Adding rule to SG-app:app-brole:backend, remote SG-app:app-brole:frontend, port 80, type egress
Cannot add rule to remotes: Security group rule already exists. Rule id is ccadb7d9-f757-44a5-9e52-86ebcbcdbf9a.
Neutron server returns request_ids: ['req-db4bd9cb-6acd-41c1-82e8-38e8bdfeeb11']
Successfully added policy app-a-allow-backend-frontend to ClusterState
[134223147030208] Handled new policy app-a-allow-backend-frontend, Released app:app-arole:backend, app:app-arole:frontend,  ...
⏰ Resume handler executed, updating startup timer
PLS: Configuring new spol Policy(name=app-a-allow-database-backend, sel=LabelSet(labels={'app': 'app-a', 'role': 'database'}), allow=[
(LabelSet(labels={'app': 'app-a', 'role': 'backend'}), Traffic(direction=ingress, port=80, protocol=TCP)) 
])
Adding Security Group for select labelset: LabelSet(labels={'app': 'app-a', 'role': 'database'})
Adding Security Group for allow labelset: LabelSet(labels={'app': 'app-a', 'role': 'backend'})
SGMod: Adding rule to SG-app:app-arole:database, remote SG-app:app-arole:backend, port 80, type ingress
Cannot add rule to remotes: Security group rule already exists. Rule id is 7ca3698c-e202-42a0-a59b-eafdac8764f0.
Neutron server returns request_ids: ['req-d677995a-a462-46ba-b37b-521c994c1eaa']
PLS: Configuring new spol Policy(name=app-c-allow-database-backend, sel=LabelSet(labels={'app': 'app-c', 'role': 'database'}), allow=[
(LabelSet(labels={'app': 'app-c', 'role': 'backend'}), Traffic(direction=egress, port=80, protocol=TCP)) 
])
Adding Security Group for select labelset: LabelSet(labels={'app': 'app-c', 'role': 'database'})
Adding Security Group for allow labelset: LabelSet(labels={'app': 'app-c', 'role': 'backend'})
SGMod: Adding rule to SG-app:app-crole:database, remote SG-app:app-crole:backend, port 80, type egress
Cannot add rule to remotes: Security group rule already exists. Rule id is 89b47cfa-7e25-4fbc-aca8-5689e982cdd8.
Neutron server returns request_ids: ['req-1d31d233-98df-40b7-ae41-e91491e4d848']
Successfully added policy app-b-allow-backend-frontend to ClusterState
[134223121852096] Handled new policy app-b-allow-backend-frontend, Released app:app-brole:backend, app:app-brole:frontend,  ...
⏰ Resume handler executed, updating startup timer
PLS: Configuring new spol Policy(name=app-b-allow-database-backend, sel=LabelSet(labels={'app': 'app-b', 'role': 'database'}), allow=[
(LabelSet(labels={'app': 'app-b', 'role': 'backend'}), Traffic(direction=ingress, port=80, protocol=TCP)) 
])
Adding Security Group for select labelset: LabelSet(labels={'app': 'app-b', 'role': 'database'})
Adding Security Group for allow labelset: LabelSet(labels={'app': 'app-b', 'role': 'backend'})
SGMod: Adding rule to SG-app:app-brole:database, remote SG-app:app-brole:backend, port 80, type ingress
Cannot add rule to remotes: Security group rule already exists. Rule id is 385afad0-3fc1-40db-84ec-a9dd5748035e.
Neutron server returns request_ids: ['req-ea1aace1-7145-4016-9d48-44af0f330a0c']
PLS: Configuring new spol Policy(name=app-a-allow-database-backend, sel=LabelSet(labels={'app': 'app-a', 'role': 'database'}), allow=[
(LabelSet(labels={'app': 'app-a', 'role': 'backend'}), Traffic(direction=egress, port=80, protocol=TCP)) 
])
Adding Security Group for select labelset: LabelSet(labels={'app': 'app-a', 'role': 'database'})
Adding Security Group for allow labelset: LabelSet(labels={'app': 'app-a', 'role': 'backend'})
SGMod: Adding rule to SG-app:app-arole:database, remote SG-app:app-arole:backend, port 80, type egress
Cannot add rule to remotes: Security group rule already exists. Rule id is ce72b327-e52e-420f-a4d9-ee585c27bbd3.
Neutron server returns request_ids: ['req-2e010385-5eef-4059-97b3-dbf94c4e637a']
Successfully added policy app-c-allow-database-backend to ClusterState
[134222593373888] Handled new policy app-c-allow-database-backend, Released app:app-crole:database, app:app-crole:backend,  ...
⏰ Resume handler executed, updating startup timer
PLS: Configuring new spol Policy(name=app-c-allow-frontend-backend, sel=LabelSet(labels={'app': 'app-c', 'role': 'frontend'}), allow=[
(LabelSet(labels={'app': 'app-c', 'role': 'backend'}), Traffic(direction=ingress, port=80, protocol=TCP)) 
])
Adding Security Group for select labelset: LabelSet(labels={'app': 'app-c', 'role': 'frontend'})
Adding Security Group for allow labelset: LabelSet(labels={'app': 'app-c', 'role': 'backend'})
SGMod: Adding rule to SG-app:app-crole:frontend, remote SG-app:app-crole:backend, port 80, type ingress
Cannot add rule to remotes: Security group rule already exists. Rule id is d512e710-9a68-4edc-8b04-91ba99d5d227.
Neutron server returns request_ids: ['req-90f116c4-0c75-43e5-bda3-15b637c34b57']
PLS: Configuring new spol Policy(name=app-b-allow-database-backend, sel=LabelSet(labels={'app': 'app-b', 'role': 'database'}), allow=[
(LabelSet(labels={'app': 'app-b', 'role': 'backend'}), Traffic(direction=egress, port=80, protocol=TCP)) 
])
Adding Security Group for select labelset: LabelSet(labels={'app': 'app-b', 'role': 'database'})
Adding Security Group for allow labelset: LabelSet(labels={'app': 'app-b', 'role': 'backend'})
SGMod: Adding rule to SG-app:app-brole:database, remote SG-app:app-brole:backend, port 80, type egress
Cannot add rule to remotes: Security group rule already exists. Rule id is a489d4ba-4cd1-49f8-87d6-02dbf03143d4.
Neutron server returns request_ids: ['req-b26d6350-0103-4d06-991f-e08a56f173ed']
Successfully added policy app-a-allow-database-backend to ClusterState
[134223155422912] Handled new policy app-a-allow-database-backend, Released app:app-arole:backend, app:app-arole:database,  ...
⏰ Resume handler executed, updating startup timer
PLS: Configuring new spol Policy(name=app-a-allow-frontend-backend, sel=LabelSet(labels={'app': 'app-a', 'role': 'frontend'}), allow=[
(LabelSet(labels={'app': 'app-a', 'role': 'backend'}), Traffic(direction=ingress, port=80, protocol=TCP)) 
])
Adding Security Group for select labelset: LabelSet(labels={'app': 'app-a', 'role': 'frontend'})
Adding Security Group for allow labelset: LabelSet(labels={'app': 'app-a', 'role': 'backend'})
SGMod: Adding rule to SG-app:app-arole:frontend, remote SG-app:app-arole:backend, port 80, type ingress
Cannot add rule to remotes: Security group rule already exists. Rule id is 88361388-a412-4bb3-bfe9-af4b46c8fc41.
Neutron server returns request_ids: ['req-1541fe80-216a-4ee8-b91e-4b92909870aa']
PLS: Configuring new spol Policy(name=app-c-allow-frontend-backend, sel=LabelSet(labels={'app': 'app-c', 'role': 'frontend'}), allow=[
(LabelSet(labels={'app': 'app-c', 'role': 'backend'}), Traffic(direction=egress, port=80, protocol=TCP)) 
])
Adding Security Group for select labelset: LabelSet(labels={'app': 'app-c', 'role': 'frontend'})
2025-07-28 16:10:00,937 [INFO] /app/main_operator_recovery_time.py - ⏰ Resume handler executed at 16:10:00
2025-07-28 16:10:00,939 [INFO] kopf.objects - Handler 'handle_existing_policy' succeeded.
2025-07-28 16:10:00,940 [INFO] kopf.objects - Resuming is processed: 1 succeeded; 0 failed.
2025-07-28 16:10:01,010 [INFO] /app/main_operator_recovery_time.py - ⏰ Resume handler executed at 16:10:01
2025-07-28 16:10:01,012 [INFO] kopf.objects - Handler 'handle_existing_policy' succeeded.
2025-07-28 16:10:01,013 [INFO] kopf.objects - Resuming is processed: 1 succeeded; 0 failed.
2025-07-28 16:10:01,045 [INFO] /app/main_operator_recovery_time.py - ⏰ Resume handler executed at 16:10:01
2025-07-28 16:10:01,046 [INFO] kopf.objects - Handler 'handle_existing_policy' succeeded.
2025-07-28 16:10:01,046 [INFO] kopf.objects - Resuming is processed: 1 succeeded; 0 failed.
2025-07-28 16:10:01,100 [INFO] /app/main_operator_recovery_time.py - ⏰ Resume handler executed at 16:10:01
2025-07-28 16:10:01,101 [INFO] kopf.objects - Handler 'handle_existing_policy' succeeded.
2025-07-28 16:10:01,101 [INFO] kopf.objects - Resuming is processed: 1 succeeded; 0 failed.
2025-07-28 16:10:11,169 [INFO] /app/main_operator_recovery_time.py - Startup time written to file: 3.051 seconds
