2025-07-28 16:10:26,493 [INFO] /app/main_operator_recovery_time.py - 🚀 Operator startup timer started at 2025-07-28 16:10:26
2025-07-28 16:10:26,494 [INFO] /app/main_operator_recovery_time.py - Starting Operator with 20 workers.
2025-07-28 16:10:26,569 [INFO] kopf.activities.startup - Activity 'startup_handler' succeeded.
2025-07-28 16:10:26,569 [INFO] kopf._core.engines.activities - Initial authentication has been initiated.
2025-07-28 16:10:26,573 [INFO] kopf.activities.authentication - Activity 'login_via_client' succeeded.
2025-07-28 16:10:26,573 [INFO] kopf._core.engines.activities - Initial authentication has finished.
2025-07-28 16:10:26,603 [WARNING] kopf._core.reactor.observation - Not enough permissions to list namespaces. Falling back to a list of namespaces which are assumed to exist: {'test-thesis'}
2025-07-28 16:10:26,608 [WARNING] kopf._core.reactor.observation - Not enough permissions to watch for namespaces: changes (deletion/creation) will not be noticed; the namespaces are only refreshed on operator restarts.
2025-07-28 16:10:26,729 [INFO] /app/main_operator_recovery_time.py - ⏰ Resume handler executed at 16:10:26
2025-07-28 16:10:26,735 [INFO] /app/main_operator_recovery_time.py - ⏰ Resume handler executed at 16:10:26
2025-07-28 16:10:26,736 [INFO] /app/main_operator_recovery_time.py - ⏰ Resume handler executed at 16:10:26
2025-07-28 16:10:26,746 [INFO] /app/main_operator_recovery_time.py - ⏰ Resume handler executed at 16:10:26
2025-07-28 16:10:26,747 [INFO] /app/main_operator_recovery_time.py - ⏰ Resume handler executed at 16:10:26
2025-07-28 16:10:26,753 [INFO] /app/main_operator_recovery_time.py - ⏰ Resume handler executed at 16:10:26
2025-07-28 16:10:26,764 [INFO] /app/main_operator_recovery_time.py - ⏰ Resume handler executed at 16:10:26
2025-07-28 16:10:26,766 [INFO] /app/main_operator_recovery_time.py - ⏰ Resume handler executed at 16:10:26
2025-07-28 16:10:26,767 [INFO] /app/main_operator_recovery_time.py - ⏰ Resume handler executed at 16:10:26
2025-07-28 16:10:26,774 [INFO] /app/main_operator_recovery_time.py - ⏰ Resume handler executed at 16:10:26
2025-07-28 16:10:26,781 [INFO] /app/main_operator_recovery_time.py - ⏰ Resume handler executed at 16:10:26
2025-07-28 16:10:26,860 [INFO] /app/main_operator_recovery_time.py - ⏰ Resume handler executed at 16:10:26
2025-07-28 16:10:26,860 [INFO] kopf.objects - Handler 'handle_existing_pod' succeeded.
2025-07-28 16:10:26,861 [INFO] kopf.objects - Resuming is processed: 1 succeeded; 0 failed.
2025-07-28 16:10:26,861 [INFO] kopf.objects - Handler 'handle_existing_pod' succeeded.
2025-07-28 16:10:26,861 [INFO] kopf.objects - Resuming is processed: 1 succeeded; 0 failed.
2025-07-28 16:10:26,862 [INFO] kopf.objects - Handler 'handle_existing_pod' succeeded.
2025-07-28 16:10:26,862 [INFO] kopf.objects - Resuming is processed: 1 succeeded; 0 failed.
2025-07-28 16:10:26,862 [INFO] kopf.objects - Handler 'handle_existing_pod' succeeded.
2025-07-28 16:10:26,863 [INFO] kopf.objects - Resuming is processed: 1 succeeded; 0 failed.
2025-07-28 16:10:26,863 [INFO] kopf.objects - Handler 'handle_existing_pod' succeeded.
2025-07-28 16:10:26,863 [INFO] kopf.objects - Resuming is processed: 1 succeeded; 0 failed.
2025-07-28 16:10:26,864 [INFO] kopf.objects - Handler 'handle_existing_pod' succeeded.
2025-07-28 16:10:26,864 [INFO] kopf.objects - Resuming is processed: 1 succeeded; 0 failed.
2025-07-28 16:10:26,865 [INFO] kopf.objects - Handler 'handle_existing_pod' succeeded.
2025-07-28 16:10:26,865 [INFO] kopf.objects - Resuming is processed: 1 succeeded; 0 failed.
2025-07-28 16:10:26,866 [INFO] kopf.objects - Handler 'handle_existing_pod' succeeded.
2025-07-28 16:10:26,866 [INFO] kopf.objects - Resuming is processed: 1 succeeded; 0 failed.
2025-07-28 16:10:26,867 [INFO] kopf.objects - Handler 'handle_existing_pod' succeeded.
2025-07-28 16:10:26,868 [INFO] kopf.objects - Resuming is processed: 1 succeeded; 0 failed.
2025-07-28 16:10:26,868 [INFO] kopf.objects - Handler 'handle_existing_policy' succeeded.
2025-07-28 16:10:26,868 [INFO] kopf.objects - Resuming is processed: 1 succeeded; 0 failed.
2025-07-28 16:10:26,869 [INFO] kopf.objects - Handler 'handle_existing_policy' succeeded.
2025-07-28 16:10:26,869 [INFO] kopf.objects - Resuming is processed: 1 succeeded; 0 failed.
2025-07-28 16:10:26,870 [INFO] kopf.objects - Handler 'handle_existing_policy' succeeded.
2025-07-28 16:10:26,870 [INFO] kopf.objects - Resuming is processed: 1 succeeded; 0 failed.
🚀 Starting Kopf operator in mode: PLS, watching the test-thesis namespace.
Initializing Openstack Client!
================================= FRESH (Light) INITIALISATION DONE =====================================
Watcher class for Kopf Operator!
Handling existing pod test-pod-0, scheduled on node worker.
Handling already existing pod object: Pod(name=test-pod-0, label_set=LabelSet(labels={'app': 'app-a', 'role': 'frontend'}), node=Node(name=worker)
[127040775718592] Handling pod test-pod-0, locking app:app-arole:frontend,  ...
New pod: test-pod-0, on node: worker
[127040775718592] Pod test-pod-0 handled. Released locks for: app:app-arole:frontend, 
⏰ Resume handler executed, updating startup timer
Handling existing pod test-pod-1, scheduled on node worker.
Handling already existing pod object: Pod(name=test-pod-1, label_set=LabelSet(labels={'app': 'app-a', 'role': 'backend'}), node=Node(name=worker)
[127040775718592] Handling pod test-pod-1, locking app:app-arole:backend,  ...
New pod: test-pod-1, on node: worker
[127040775718592] Pod test-pod-1 handled. Released locks for: app:app-arole:backend, 
⏰ Resume handler executed, updating startup timer
Handling existing pod test-pod-2, scheduled on node worker-1.
Handling already existing pod object: Pod(name=test-pod-2, label_set=LabelSet(labels={'app': 'app-a', 'role': 'database'}), node=Node(name=worker-1)
[127040775718592] Handling pod test-pod-2, locking app:app-arole:database,  ...
New pod: test-pod-2, on node: worker-1
[127040775718592] Pod test-pod-2 handled. Released locks for: app:app-arole:database, 
⏰ Resume handler executed, updating startup timer
Handling existing pod test-pod-3, scheduled on node worker-1.
Handling already existing pod object: Pod(name=test-pod-3, label_set=LabelSet(labels={'app': 'app-b', 'role': 'frontend'}), node=Node(name=worker-1)
[127040775718592] Handling pod test-pod-3, locking app:app-brole:frontend,  ...
New pod: test-pod-3, on node: worker-1
[127040775718592] Pod test-pod-3 handled. Released locks for: app:app-brole:frontend, 
⏰ Resume handler executed, updating startup timer
Handling existing pod test-pod-4, scheduled on node worker.
Handling already existing pod object: Pod(name=test-pod-4, label_set=LabelSet(labels={'app': 'app-b', 'role': 'backend'}), node=Node(name=worker)
[127040775718592] Handling pod test-pod-4, locking app:app-brole:backend,  ...
New pod: test-pod-4, on node: worker
[127040775718592] Pod test-pod-4 handled. Released locks for: app:app-brole:backend, 
⏰ Resume handler executed, updating startup timer
Handling existing pod test-pod-5, scheduled on node worker.
Handling already existing pod object: Pod(name=test-pod-5, label_set=LabelSet(labels={'app': 'app-b', 'role': 'database'}), node=Node(name=worker)
[127040753690304] Handling pod test-pod-5, locking app:app-brole:database,  ...
New pod: test-pod-5, on node: worker
[127040753690304] Pod test-pod-5 handled. Released locks for: app:app-brole:database, 
⏰ Resume handler executed, updating startup timer
Handling existing pod test-pod-6, scheduled on node worker-1.
Handling already existing pod object: Pod(name=test-pod-6, label_set=LabelSet(labels={'app': 'app-c', 'role': 'frontend'}), node=Node(name=worker-1)
[127040775718592] Handling pod test-pod-6, locking app:app-crole:frontend,  ...
New pod: test-pod-6, on node: worker-1
[127040775718592] Pod test-pod-6 handled. Released locks for: app:app-crole:frontend, 
Handling existing pod test-pod-7, scheduled on node worker.
Handling already existing pod object: Pod(name=test-pod-7, label_set=LabelSet(labels={'app': 'app-c', 'role': 'backend'}), node=Node(name=worker)
[127040745297600] Handling pod test-pod-7, locking app:app-crole:backend,  ...
New pod: test-pod-7, on node: worker
[127040745297600] Pod test-pod-7 handled. Released locks for: app:app-crole:backend, 
Handling existing pod test-pod-8, scheduled on node worker-1.
Handling already existing pod object: Pod(name=test-pod-8, label_set=LabelSet(labels={'app': 'app-c', 'role': 'database'}), node=Node(name=worker-1)
[127040753690304] Handling pod test-pod-8, locking app:app-crole:database,  ...
New pod: test-pod-8, on node: worker-1
[127040753690304] Pod test-pod-8 handled. Released locks for: app:app-crole:database, 
⏰ Resume handler executed, updating startup timer
⏰ Resume handler executed, updating startup timer
[127040745297600] Handling new policy app-a-allow-backend-database, locking app:app-arole:backend, app:app-arole:database,  ...
PLS: Configuring new spol Policy(name=app-a-allow-backend-database, sel=LabelSet(labels={'app': 'app-a', 'role': 'backend'}), allow=[
(LabelSet(labels={'app': 'app-a', 'role': 'database'}), Traffic(direction=ingress, port=80, protocol=TCP)) 
])
Adding Security Group for select labelset: LabelSet(labels={'app': 'app-a', 'role': 'backend'})
⏰ Resume handler executed, updating startup timer
[127040753690304] Handling new policy app-a-allow-backend-frontend, locking app:app-arole:backend, app:app-arole:frontend,  ...
[127040736904896] Handling new policy app-a-allow-database-backend, locking app:app-arole:backend, app:app-arole:database,  ...
[127040775718592] Handling new policy app-a-allow-frontend-backend, locking app:app-arole:backend, app:app-arole:frontend,  ...
[127040720119488] Handling new policy app-a-deny-all, locking app:app-a,  ...
Successfully added policy app-a-deny-all to ClusterState
[127040720119488] Handled new policy app-a-deny-all, Released app:app-a,  ...
⏰ Resume handler executed, updating startup timer
[127040728512192] Handling new policy app-b-allow-backend-database, locking app:app-brole:database, app:app-brole:backend,  ...
PLS: Configuring new spol Policy(name=app-b-allow-backend-database, sel=LabelSet(labels={'app': 'app-b', 'role': 'backend'}), allow=[
(LabelSet(labels={'app': 'app-b', 'role': 'database'}), Traffic(direction=ingress, port=80, protocol=TCP)) 
])
Adding Security Group for select labelset: LabelSet(labels={'app': 'app-b', 'role': 'backend'})
[127040720119488] Handling new policy app-b-allow-backend-frontend, locking app:app-brole:frontend, app:app-brole:backend,  ...
[127040225273536] Handling new policy app-b-allow-database-backend, locking app:app-brole:database, app:app-brole:backend,  ...
[127040233666240] Handling new policy app-b-allow-frontend-backend, locking app:app-brole:frontend, app:app-brole:backend,  ...
[127040216880832] Handling new policy app-b-deny-all, locking app:app-b,  ...
Successfully added policy app-b-deny-all to ClusterState
[127040216880832] Handled new policy app-b-deny-all, Released app:app-b,  ...
⏰ Resume handler executed, updating startup timer
[127040208488128] Handling new policy app-c-allow-backend-database, locking app:app-crole:database, app:app-crole:backend,  ...
PLS: Configuring new spol Policy(name=app-c-allow-backend-database, sel=LabelSet(labels={'app': 'app-c', 'role': 'backend'}), allow=[
(LabelSet(labels={'app': 'app-c', 'role': 'database'}), Traffic(direction=ingress, port=80, protocol=TCP)) 
])
Adding Security Group for select labelset: LabelSet(labels={'app': 'app-c', 'role': 'backend'})
[127040200095424] Handling new policy app-c-allow-backend-frontend, locking app:app-crole:frontend, app:app-crole:backend,  ...
[127040216880832] Handling new policy app-c-allow-database-backend, locking app:app-crole:database, app:app-crole:backend,  ...
[127040191702720] Handling new policy app-c-allow-frontend-backend, locking app:app-crole:backend, app:app-crole:frontend,  ...
[127040183310016] Handling new policy app-c-deny-all, locking app:app-c,  ...
Successfully added policy app-c-deny-all to ClusterState
[127040183310016] Handled new policy app-c-deny-all, Released app:app-c,  ...
⏰ Resume handler executed, updating startup timer
Security group 'SG-app:app-crole:backend' already exists.
Security group 'SG-app:app-arole:backend' already exists.
Security group 'SG-app:app-brole:backend' already exists.
SG-app:app-brole:backend already attached to worker
Adding Security Group for allow labelset: LabelSet(labels={'app': 'app-b', 'role': 'database'})
SG-app:app-crole:backend already attached to worker
2025-07-28 16:10:28,408 [INFO] /app/main_operator_recovery_time.py - ⏰ Resume handler executed at 16:10:28
2025-07-28 16:10:28,412 [INFO] kopf.objects - Handler 'handle_existing_policy' succeeded.
2025-07-28 16:10:28,414 [INFO] kopf.objects - Resuming is processed: 1 succeeded; 0 failed.
2025-07-28 16:10:28,430 [INFO] /app/main_operator_recovery_time.py - ⏰ Resume handler executed at 16:10:28
2025-07-28 16:10:28,432 [INFO] kopf.objects - Handler 'handle_existing_policy' succeeded.
2025-07-28 16:10:28,433 [INFO] kopf.objects - Resuming is processed: 1 succeeded; 0 failed.
2025-07-28 16:10:28,520 [INFO] /app/main_operator_recovery_time.py - ⏰ Resume handler executed at 16:10:28
2025-07-28 16:10:28,523 [INFO] kopf.objects - Handler 'handle_existing_policy' succeeded.
2025-07-28 16:10:28,526 [INFO] kopf.objects - Resuming is processed: 1 succeeded; 0 failed.
Adding Security Group for allow labelset: LabelSet(labels={'app': 'app-c', 'role': 'database'})
SG-app:app-arole:backend already attached to worker
Adding Security Group for allow labelset: LabelSet(labels={'app': 'app-a', 'role': 'database'})
Security group 'SG-app:app-brole:database' already exists.
Security group 'SG-app:app-arole:database' already exists.
Security group 'SG-app:app-crole:database' already exists.
SG-app:app-brole:database already attached to worker
SGMod: Adding rule to SG-app:app-brole:backend, remote SG-app:app-brole:database, port 80, type ingress
SG-app:app-arole:database already attached to worker-1
SGMod: Adding rule to SG-app:app-arole:backend, remote SG-app:app-arole:database, port 80, type ingress
Cannot add rule to remotes: Security group rule already exists. Rule id is 8fc815a9-cae8-4f78-aebc-62468edeb72c.
Neutron server returns request_ids: ['req-7b33d20d-1dca-4607-9180-e30f39456da5']
PLS: Configuring new spol Policy(name=app-a-allow-backend-database, sel=LabelSet(labels={'app': 'app-a', 'role': 'backend'}), allow=[
(LabelSet(labels={'app': 'app-a', 'role': 'database'}), Traffic(direction=egress, port=80, protocol=TCP)) 
])
Adding Security Group for select labelset: LabelSet(labels={'app': 'app-a', 'role': 'backend'})
Adding Security Group for allow labelset: LabelSet(labels={'app': 'app-a', 'role': 'database'})
SGMod: Adding rule to SG-app:app-arole:backend, remote SG-app:app-arole:database, port 80, type egress
Cannot add rule to remotes: Security group rule already exists. Rule id is b03d71a0-3cce-4d35-a48d-54d85a27969b.
Neutron server returns request_ids: ['req-906351b0-371b-491c-905a-2c425826c461']
PLS: Configuring new spol Policy(name=app-b-allow-backend-database, sel=LabelSet(labels={'app': 'app-b', 'role': 'backend'}), allow=[
(LabelSet(labels={'app': 'app-b', 'role': 'database'}), Traffic(direction=egress, port=80, protocol=TCP)) 
])
Adding Security Group for select labelset: LabelSet(labels={'app': 'app-b', 'role': 'backend'})
Adding Security Group for allow labelset: LabelSet(labels={'app': 'app-b', 'role': 'database'})
SGMod: Adding rule to SG-app:app-brole:backend, remote SG-app:app-brole:database, port 80, type egress
SG-app:app-crole:database already attached to worker-1
SGMod: Adding rule to SG-app:app-crole:backend, remote SG-app:app-crole:database, port 80, type ingress
Cannot add rule to remotes: Security group rule already exists. Rule id is 4babea6e-c946-48b8-8dfd-cb8e7bd237c8.
Neutron server returns request_ids: ['req-e524eac0-4dae-42f9-a767-90f577221f3c']
Successfully added policy app-a-allow-backend-database to ClusterState
[127040745297600] Handled new policy app-a-allow-backend-database, Released app:app-arole:backend, app:app-arole:database,  ...
⏰ Resume handler executed, updating startup timer
PLS: Configuring new spol Policy(name=app-a-allow-backend-frontend, sel=LabelSet(labels={'app': 'app-a', 'role': 'backend'}), allow=[
(LabelSet(labels={'app': 'app-a', 'role': 'frontend'}), Traffic(direction=ingress, port=80, protocol=TCP)) 
])
Adding Security Group for select labelset: LabelSet(labels={'app': 'app-a', 'role': 'backend'})
Adding Security Group for allow labelset: LabelSet(labels={'app': 'app-a', 'role': 'frontend'})
Cannot add rule to remotes: Security group rule already exists. Rule id is f0236a13-ed50-434a-b90d-cf8a11e3afcd.
Neutron server returns request_ids: ['req-67d56c2a-6e84-4fbb-ac00-2697a383ae00']
Successfully added policy app-b-allow-backend-database to ClusterState
[127040728512192] Handled new policy app-b-allow-backend-database, Released app:app-brole:database, app:app-brole:backend,  ...
⏰ Resume handler executed, updating startup timer
PLS: Configuring new spol Policy(name=app-b-allow-backend-frontend, sel=LabelSet(labels={'app': 'app-b', 'role': 'backend'}), allow=[
(LabelSet(labels={'app': 'app-b', 'role': 'frontend'}), Traffic(direction=ingress, port=80, protocol=TCP)) 
])
Adding Security Group for select labelset: LabelSet(labels={'app': 'app-b', 'role': 'backend'})
Adding Security Group for allow labelset: LabelSet(labels={'app': 'app-b', 'role': 'frontend'})
Cannot add rule to remotes: Security group rule already exists. Rule id is 16eaa4ac-6d93-47cb-a6d6-139713c3c3cd.
Neutron server returns request_ids: ['req-da9f6a88-3315-4c65-8302-83d286adda02']
PLS: Configuring new spol Policy(name=app-c-allow-backend-database, sel=LabelSet(labels={'app': 'app-c', 'role': 'backend'}), allow=[
(LabelSet(labels={'app': 'app-c', 'role': 'database'}), Traffic(direction=egress, port=80, protocol=TCP)) 
])
Adding Security Group for select labelset: LabelSet(labels={'app': 'app-c', 'role': 'backend'})
Adding Security Group for allow labelset: LabelSet(labels={'app': 'app-c', 'role': 'database'})
SGMod: Adding rule to SG-app:app-crole:backend, remote SG-app:app-crole:database, port 80, type egress
Security group 'SG-app:app-arole:frontend' already exists.
Security group 'SG-app:app-brole:frontend' already exists.
Cannot add rule to remotes: Security group rule already exists. Rule id is 8ce88d10-8a4a-4515-bef7-b1ef74202222.
Neutron server returns request_ids: ['req-2cceefc8-8dee-48de-8754-718779f6cfa6']
Successfully added policy app-c-allow-backend-database to ClusterState
[127040208488128] Handled new policy app-c-allow-backend-database, Released app:app-crole:database, app:app-crole:backend,  ...
⏰ Resume handler executed, updating startup timer
PLS: Configuring new spol Policy(name=app-c-allow-backend-frontend, sel=LabelSet(labels={'app': 'app-c', 'role': 'backend'}), allow=[
(LabelSet(labels={'app': 'app-c', 'role': 'frontend'}), Traffic(direction=ingress, port=80, protocol=TCP)) 
])
Adding Security Group for select labelset: LabelSet(labels={'app': 'app-c', 'role': 'backend'})
Adding Security Group for allow labelset: LabelSet(labels={'app': 'app-c', 'role': 'frontend'})
Security group 'SG-app:app-crole:frontend' already exists.
SG-app:app-brole:frontend already attached to worker-1
SGMod: Adding rule to SG-app:app-brole:backend, remote SG-app:app-brole:frontend, port 80, type ingress
SG-app:app-arole:frontend already attached to worker
SGMod: Adding rule to SG-app:app-arole:backend, remote SG-app:app-arole:frontend, port 80, type ingress
SG-app:app-crole:frontend already attached to worker-1
SGMod: Adding rule to SG-app:app-crole:backend, remote SG-app:app-crole:frontend, port 80, type ingress
Cannot add rule to remotes: Security group rule already exists. Rule id is 2d3229e2-d7d4-45f4-9fd7-cc007a4c2c57.
Neutron server returns request_ids: ['req-12a0410c-4e5f-470f-a855-23442e253c03']
PLS: Configuring new spol Policy(name=app-b-allow-backend-frontend, sel=LabelSet(labels={'app': 'app-b', 'role': 'backend'}), allow=[
(LabelSet(labels={'app': 'app-b', 'role': 'frontend'}), Traffic(direction=egress, port=80, protocol=TCP)) 
])
Adding Security Group for select labelset: LabelSet(labels={'app': 'app-b', 'role': 'backend'})
Adding Security Group for allow labelset: LabelSet(labels={'app': 'app-b', 'role': 'frontend'})
SGMod: Adding rule to SG-app:app-brole:backend, remote SG-app:app-brole:frontend, port 80, type egress
Cannot add rule to remotes: Security group rule already exists. Rule id is aca1d661-521a-4831-aa5e-cc48f4151c2c.
Neutron server returns request_ids: ['req-bc28f896-983d-48eb-829b-6bb9e58321b6']
PLS: Configuring new spol Policy(name=app-a-allow-backend-frontend, sel=LabelSet(labels={'app': 'app-a', 'role': 'backend'}), allow=[
(LabelSet(labels={'app': 'app-a', 'role': 'frontend'}), Traffic(direction=egress, port=80, protocol=TCP)) 
])
Adding Security Group for select labelset: LabelSet(labels={'app': 'app-a', 'role': 'backend'})
Adding Security Group for allow labelset: LabelSet(labels={'app': 'app-a', 'role': 'frontend'})
SGMod: Adding rule to SG-app:app-arole:backend, remote SG-app:app-arole:frontend, port 80, type egress
Cannot add rule to remotes: Security group rule already exists. Rule id is d4e623b0-01b3-444d-aa8f-7e38f7d8cf4b.
Neutron server returns request_ids: ['req-71ee25af-0a73-472b-be54-f193f738625e']
2025-07-28 16:10:29,017 [INFO] /app/main_operator_recovery_time.py - ⏰ Resume handler executed at 16:10:29
2025-07-28 16:10:29,022 [INFO] kopf.objects - Handler 'handle_existing_policy' succeeded.
2025-07-28 16:10:29,024 [INFO] kopf.objects - Resuming is processed: 1 succeeded; 0 failed.
2025-07-28 16:10:29,029 [INFO] /app/main_operator_recovery_time.py - ⏰ Resume handler executed at 16:10:29
2025-07-28 16:10:29,037 [INFO] kopf.objects - Handler 'handle_existing_policy' succeeded.
2025-07-28 16:10:29,039 [INFO] kopf.objects - Resuming is processed: 1 succeeded; 0 failed.
2025-07-28 16:10:29,073 [INFO] /app/main_operator_recovery_time.py - ⏰ Resume handler executed at 16:10:29
2025-07-28 16:10:29,075 [INFO] kopf.objects - Handler 'handle_existing_policy' succeeded.
2025-07-28 16:10:29,077 [INFO] kopf.objects - Resuming is processed: 1 succeeded; 0 failed.
2025-07-28 16:10:29,261 [INFO] /app/main_operator_recovery_time.py - ⏰ Resume handler executed at 16:10:29
2025-07-28 16:10:29,263 [INFO] kopf.objects - Handler 'handle_existing_policy' succeeded.
2025-07-28 16:10:29,264 [INFO] kopf.objects - Resuming is processed: 1 succeeded; 0 failed.
2025-07-28 16:10:29,272 [INFO] /app/main_operator_recovery_time.py - ⏰ Resume handler executed at 16:10:29
2025-07-28 16:10:29,282 [INFO] /app/main_operator_recovery_time.py - ⏰ Resume handler executed at 16:10:29
PLS: Configuring new spol Policy(name=app-c-allow-backend-frontend, sel=LabelSet(labels={'app': 'app-c', 'role': 'backend'}), allow=[
(LabelSet(labels={'app': 'app-c', 'role': 'frontend'}), Traffic(direction=egress, port=80, protocol=TCP)) 
])
Adding Security Group for select labelset: LabelSet(labels={'app': 'app-c', 'role': 'backend'})
Adding Security Group for allow labelset: LabelSet(labels={'app': 'app-c', 'role': 'frontend'})
SGMod: Adding rule to SG-app:app-crole:backend, remote SG-app:app-crole:frontend, port 80, type egress
Cannot add rule to remotes: Security group rule already exists. Rule id is 89b47cfa-7e25-4fbc-aca8-5689e982cdd8.
Neutron server returns request_ids: ['req-6c12ad08-d6f9-4352-8836-6b86ad1f46c3']
Successfully added policy app-b-allow-backend-frontend to ClusterState
[127040720119488] Handled new policy app-b-allow-backend-frontend, Released app:app-brole:frontend, app:app-brole:backend,  ...
⏰ Resume handler executed, updating startup timer
PLS: Configuring new spol Policy(name=app-b-allow-database-backend, sel=LabelSet(labels={'app': 'app-b', 'role': 'database'}), allow=[
(LabelSet(labels={'app': 'app-b', 'role': 'backend'}), Traffic(direction=ingress, port=80, protocol=TCP)) 
])
Adding Security Group for select labelset: LabelSet(labels={'app': 'app-b', 'role': 'database'})
Adding Security Group for allow labelset: LabelSet(labels={'app': 'app-b', 'role': 'backend'})
SGMod: Adding rule to SG-app:app-brole:database, remote SG-app:app-brole:backend, port 80, type ingress
Cannot add rule to remotes: Security group rule already exists. Rule id is ccadb7d9-f757-44a5-9e52-86ebcbcdbf9a.
Neutron server returns request_ids: ['req-18653db9-7a39-4b61-9996-9f5d614d585f']
Successfully added policy app-a-allow-backend-frontend to ClusterState
[127040753690304] Handled new policy app-a-allow-backend-frontend, Released app:app-arole:backend, app:app-arole:frontend,  ...
⏰ Resume handler executed, updating startup timer
PLS: Configuring new spol Policy(name=app-a-allow-database-backend, sel=LabelSet(labels={'app': 'app-a', 'role': 'database'}), allow=[
(LabelSet(labels={'app': 'app-a', 'role': 'backend'}), Traffic(direction=ingress, port=80, protocol=TCP)) 
])
Adding Security Group for select labelset: LabelSet(labels={'app': 'app-a', 'role': 'database'})
Adding Security Group for allow labelset: LabelSet(labels={'app': 'app-a', 'role': 'backend'})
SGMod: Adding rule to SG-app:app-arole:database, remote SG-app:app-arole:backend, port 80, type ingress
Cannot add rule to remotes: Security group rule already exists. Rule id is f2a526a8-daaf-4481-9e19-8674a37d60a8.
Neutron server returns request_ids: ['req-268fe39f-f616-41f8-ad86-63e1a01a67a8']
Successfully added policy app-c-allow-backend-frontend to ClusterState
[127040200095424] Handled new policy app-c-allow-backend-frontend, Released app:app-crole:frontend, app:app-crole:backend,  ...
⏰ Resume handler executed, updating startup timer
PLS: Configuring new spol Policy(name=app-c-allow-database-backend, sel=LabelSet(labels={'app': 'app-c', 'role': 'database'}), allow=[
(LabelSet(labels={'app': 'app-c', 'role': 'backend'}), Traffic(direction=ingress, port=80, protocol=TCP)) 
])
Adding Security Group for select labelset: LabelSet(labels={'app': 'app-c', 'role': 'database'})
Adding Security Group for allow labelset: LabelSet(labels={'app': 'app-c', 'role': 'backend'})
SGMod: Adding rule to SG-app:app-crole:database, remote SG-app:app-crole:backend, port 80, type ingress
Cannot add rule to remotes: Security group rule already exists. Rule id is 385afad0-3fc1-40db-84ec-a9dd5748035e.
Neutron server returns request_ids: ['req-02b2334a-fad3-46fa-a0d3-d78856e864f6']
PLS: Configuring new spol Policy(name=app-a-allow-database-backend, sel=LabelSet(labels={'app': 'app-a', 'role': 'database'}), allow=[
(LabelSet(labels={'app': 'app-a', 'role': 'backend'}), Traffic(direction=egress, port=80, protocol=TCP)) 
])
Adding Security Group for select labelset: LabelSet(labels={'app': 'app-a', 'role': 'database'})
Adding Security Group for allow labelset: LabelSet(labels={'app': 'app-a', 'role': 'backend'})
SGMod: Adding rule to SG-app:app-arole:database, remote SG-app:app-arole:backend, port 80, type egress
Cannot add rule to remotes: Security group rule already exists. Rule id is d512e710-9a68-4edc-8b04-91ba99d5d227.
Neutron server returns request_ids: ['req-5621af8d-5ffb-4a8f-991b-18e367c0b73d']
PLS: Configuring new spol Policy(name=app-b-allow-database-backend, sel=LabelSet(labels={'app': 'app-b', 'role': 'database'}), allow=[
(LabelSet(labels={'app': 'app-b', 'role': 'backend'}), Traffic(direction=egress, port=80, protocol=TCP)) 
])
Adding Security Group for select labelset: LabelSet(labels={'app': 'app-b', 'role': 'database'})
Adding Security Group for allow labelset: LabelSet(labels={'app': 'app-b', 'role': 'backend'})
SGMod: Adding rule to SG-app:app-brole:database, remote SG-app:app-brole:backend, port 80, type egress
Cannot add rule to remotes: Security group rule already exists. Rule id is 7ca3698c-e202-42a0-a59b-eafdac8764f0.
Neutron server returns request_ids: ['req-2be8e966-5921-4d3a-9251-26f11ac078c0']
PLS: Configuring new spol Policy(name=app-c-allow-database-backend, sel=LabelSet(labels={'app': 'app-c', 'role': 'database'}), allow=[
(LabelSet(labels={'app': 'app-c', 'role': 'backend'}), Traffic(direction=egress, port=80, protocol=TCP)) 
])
Adding Security Group for select labelset: LabelSet(labels={'app': 'app-c', 'role': 'database'})
Adding Security Group for allow labelset: LabelSet(labels={'app': 'app-c', 'role': 'backend'})
SGMod: Adding rule to SG-app:app-crole:database, remote SG-app:app-crole:backend, port 80, type egress
Cannot add rule to remotes: Security group rule already exists. Rule id is 0e2297d8-92f9-4742-b325-9b02b2e89a6e.
Neutron server returns request_ids: ['req-7e74a31e-3310-4680-92b0-222603d170d7']
Successfully added policy app-b-allow-database-backend to ClusterState
[127040225273536] Handled new policy app-b-allow-database-backend, Released app:app-brole:database, app:app-brole:backend,  ...
⏰ Resume handler executed, updating startup timer
PLS: Configuring new spol Policy(name=app-b-allow-frontend-backend, sel=LabelSet(labels={'app': 'app-b', 'role': 'frontend'}), allow=[
(LabelSet(labels={'app': 'app-b', 'role': 'backend'}), Traffic(direction=ingress, port=80, protocol=TCP)) 
])
Adding Security Group for select labelset: LabelSet(labels={'app': 'app-b', 'role': 'frontend'})
Adding Security Group for allow labelset: LabelSet(labels={'app': 'app-b', 'role': 'backend'})
SGMod: Adding rule to SG-app:app-brole:frontend, remote SG-app:app-brole:backend, port 80, type ingress
Cannot add rule to remotes: Security group rule already exists. Rule id is a489d4ba-4cd1-49f8-87d6-02dbf03143d4.
Neutron server returns request_ids: ['req-8f87db7d-4995-4a47-982b-6e6284eebe93']
Successfully added policy app-a-allow-database-backend to ClusterState
[127040736904896] Handled new policy app-a-allow-database-backend, Released app:app-arole:backend, app:app-arole:database,  ...
⏰ Resume handler executed, updating startup timer
PLS: Configuring new spol Policy(name=app-a-allow-frontend-backend, sel=LabelSet(labels={'app': 'app-a', 'role': 'frontend'}), allow=[
(LabelSet(labels={'app': 'app-a', 'role': 'backend'}), Traffic(direction=ingress, port=80, protocol=TCP)) 
])
Adding Security Group for select labelset: LabelSet(labels={'app': 'app-a', 'role': 'frontend'})
Adding Security Group for allow labelset: LabelSet(labels={'app': 'app-a', 'role': 'backend'})
SGMod: Adding rule to SG-app:app-arole:frontend, remote SG-app:app-arole:backend, port 80, type ingress
Cannot add rule to remotes: Security group rule already exists. Rule id is ce72b327-e52e-420f-a4d9-ee585c27bbd3.
Neutron server returns request_ids: ['req-30686840-0859-4748-b94f-a5d52c5bbae5']
Successfully added policy app-c-allow-database-backend to ClusterState
[127040216880832] Handled new policy app-c-allow-database-backend, Released app:app-crole:database, app:app-crole:backend,  ...
⏰ Resume handler executed, updating startup timer
2025-07-28 16:10:29,292 [INFO] kopf.objects - Handler 'handle_existing_policy' succeeded.
2025-07-28 16:10:29,293 [INFO] kopf.objects - Resuming is processed: 1 succeeded; 0 failed.
2025-07-28 16:10:29,296 [INFO] kopf.objects - Handler 'handle_existing_policy' succeeded.
2025-07-28 16:10:29,296 [INFO] kopf.objects - Resuming is processed: 1 succeeded; 0 failed.
2025-07-28 16:10:29,414 [INFO] /app/main_operator_recovery_time.py - ⏰ Resume handler executed at 16:10:29
2025-07-28 16:10:29,416 [INFO] kopf.objects - Handler 'handle_existing_policy' succeeded.
2025-07-28 16:10:29,417 [INFO] kopf.objects - Resuming is processed: 1 succeeded; 0 failed.
2025-07-28 16:10:29,423 [INFO] /app/main_operator_recovery_time.py - ⏰ Resume handler executed at 16:10:29
2025-07-28 16:10:29,425 [INFO] kopf.objects - Handler 'handle_existing_policy' succeeded.
2025-07-28 16:10:29,425 [INFO] kopf.objects - Resuming is processed: 1 succeeded; 0 failed.
2025-07-28 16:10:29,432 [INFO] /app/main_operator_recovery_time.py - ⏰ Resume handler executed at 16:10:29
2025-07-28 16:10:29,433 [INFO] kopf.objects - Handler 'handle_existing_policy' succeeded.
2025-07-28 16:10:29,433 [INFO] kopf.objects - Resuming is processed: 1 succeeded; 0 failed.
2025-07-28 16:10:39,590 [INFO] /app/main_operator_recovery_time.py - Startup time written to file: 2.939 seconds
