2025-07-28 16:11:24,399 [INFO] /app/main_operator_recovery_time.py - 🚀 Operator startup timer started at 2025-07-28 16:11:24
2025-07-28 16:11:24,399 [INFO] /app/main_operator_recovery_time.py - Starting Operator with 20 workers.
2025-07-28 16:11:24,511 [INFO] kopf.activities.startup - Activity 'startup_handler' succeeded.
2025-07-28 16:11:24,512 [INFO] kopf._core.engines.activities - Initial authentication has been initiated.
2025-07-28 16:11:24,514 [INFO] kopf.activities.authentication - Activity 'login_via_client' succeeded.
2025-07-28 16:11:24,515 [INFO] kopf._core.engines.activities - Initial authentication has finished.
2025-07-28 16:11:24,547 [WARNING] kopf._core.reactor.observation - Not enough permissions to list namespaces. Falling back to a list of namespaces which are assumed to exist: {'test-thesis'}
2025-07-28 16:11:24,551 [WARNING] kopf._core.reactor.observation - Not enough permissions to watch for namespaces: changes (deletion/creation) will not be noticed; the namespaces are only refreshed on operator restarts.
2025-07-28 16:11:24,672 [INFO] /app/main_operator_recovery_time.py - ⏰ Resume handler executed at 16:11:24
2025-07-28 16:11:24,673 [INFO] /app/main_operator_recovery_time.py - ⏰ Resume handler executed at 16:11:24
2025-07-28 16:11:24,684 [INFO] /app/main_operator_recovery_time.py - ⏰ Resume handler executed at 16:11:24
2025-07-28 16:11:24,686 [INFO] /app/main_operator_recovery_time.py - ⏰ Resume handler executed at 16:11:24
2025-07-28 16:11:24,691 [INFO] /app/main_operator_recovery_time.py - ⏰ Resume handler executed at 16:11:24
2025-07-28 16:11:24,698 [INFO] /app/main_operator_recovery_time.py - ⏰ Resume handler executed at 16:11:24
2025-07-28 16:11:24,699 [INFO] /app/main_operator_recovery_time.py - ⏰ Resume handler executed at 16:11:24
2025-07-28 16:11:24,705 [INFO] /app/main_operator_recovery_time.py - ⏰ Resume handler executed at 16:11:24
2025-07-28 16:11:24,706 [INFO] /app/main_operator_recovery_time.py - ⏰ Resume handler executed at 16:11:24
2025-07-28 16:11:24,712 [INFO] /app/main_operator_recovery_time.py - ⏰ Resume handler executed at 16:11:24
2025-07-28 16:11:24,718 [INFO] /app/main_operator_recovery_time.py - ⏰ Resume handler executed at 16:11:24
2025-07-28 16:11:24,727 [INFO] /app/main_operator_recovery_time.py - ⏰ Resume handler executed at 16:11:24
2025-07-28 16:11:24,728 [INFO] kopf.objects - Handler 'handle_existing_pod' succeeded.
2025-07-28 16:11:24,728 [INFO] kopf.objects - Resuming is processed: 1 succeeded; 0 failed.
2025-07-28 16:11:24,728 [INFO] kopf.objects - Handler 'handle_existing_pod' succeeded.
2025-07-28 16:11:24,729 [INFO] kopf.objects - Resuming is processed: 1 succeeded; 0 failed.
2025-07-28 16:11:24,729 [INFO] kopf.objects - Handler 'handle_existing_pod' succeeded.
2025-07-28 16:11:24,729 [INFO] kopf.objects - Resuming is processed: 1 succeeded; 0 failed.
2025-07-28 16:11:24,729 [INFO] kopf.objects - Handler 'handle_existing_pod' succeeded.
2025-07-28 16:11:24,729 [INFO] kopf.objects - Resuming is processed: 1 succeeded; 0 failed.
2025-07-28 16:11:24,730 [INFO] kopf.objects - Handler 'handle_existing_pod' succeeded.
2025-07-28 16:11:24,730 [INFO] kopf.objects - Resuming is processed: 1 succeeded; 0 failed.
2025-07-28 16:11:24,730 [INFO] kopf.objects - Handler 'handle_existing_pod' succeeded.
2025-07-28 16:11:24,731 [INFO] kopf.objects - Resuming is processed: 1 succeeded; 0 failed.
2025-07-28 16:11:24,731 [INFO] kopf.objects - Handler 'handle_existing_pod' succeeded.
2025-07-28 16:11:24,731 [INFO] kopf.objects - Resuming is processed: 1 succeeded; 0 failed.
2025-07-28 16:11:24,731 [INFO] kopf.objects - Handler 'handle_existing_pod' succeeded.
2025-07-28 16:11:24,731 [INFO] kopf.objects - Resuming is processed: 1 succeeded; 0 failed.
2025-07-28 16:11:24,732 [INFO] kopf.objects - Handler 'handle_existing_pod' succeeded.
2025-07-28 16:11:24,732 [INFO] kopf.objects - Resuming is processed: 1 succeeded; 0 failed.
2025-07-28 16:11:24,732 [INFO] kopf.objects - Handler 'handle_existing_policy' succeeded.
2025-07-28 16:11:24,732 [INFO] kopf.objects - Resuming is processed: 1 succeeded; 0 failed.
2025-07-28 16:11:24,732 [INFO] kopf.objects - Handler 'handle_existing_policy' succeeded.
2025-07-28 16:11:24,732 [INFO] kopf.objects - Resuming is processed: 1 succeeded; 0 failed.
2025-07-28 16:11:24,733 [INFO] kopf.objects - Handler 'handle_existing_policy' succeeded.
2025-07-28 16:11:24,733 [INFO] kopf.objects - Resuming is processed: 1 succeeded; 0 failed.
🚀 Starting Kopf operator in mode: PLS, watching the test-thesis namespace.
Initializing Openstack Client!
================================= FRESH (Light) INITIALISATION DONE =====================================
Watcher class for Kopf Operator!
Handling existing pod test-pod-0, scheduled on node worker.
Handling already existing pod object: Pod(name=test-pod-0, label_set=LabelSet(labels={'app': 'app-a', 'role': 'frontend'}), node=Node(name=worker)
[138791045244608] Handling pod test-pod-0, locking app:app-arole:frontend,  ...
New pod: test-pod-0, on node: worker
[138791045244608] Pod test-pod-0 handled. Released locks for: app:app-arole:frontend, 
⏰ Resume handler executed, updating startup timer
Handling existing pod test-pod-1, scheduled on node worker.
Handling already existing pod object: Pod(name=test-pod-1, label_set=LabelSet(labels={'app': 'app-a', 'role': 'backend'}), node=Node(name=worker)
[138791045244608] Handling pod test-pod-1, locking app:app-arole:backend,  ...
New pod: test-pod-1, on node: worker
[138791045244608] Pod test-pod-1 handled. Released locks for: app:app-arole:backend, 
⏰ Resume handler executed, updating startup timer
Handling existing pod test-pod-2, scheduled on node worker-1.
Handling already existing pod object: Pod(name=test-pod-2, label_set=LabelSet(labels={'app': 'app-a', 'role': 'database'}), node=Node(name=worker-1)
[138791045244608] Handling pod test-pod-2, locking app:app-arole:database,  ...
New pod: test-pod-2, on node: worker-1
[138791045244608] Pod test-pod-2 handled. Released locks for: app:app-arole:database, 
⏰ Resume handler executed, updating startup timer
Handling existing pod test-pod-3, scheduled on node worker-1.
Handling already existing pod object: Pod(name=test-pod-3, label_set=LabelSet(labels={'app': 'app-b', 'role': 'frontend'}), node=Node(name=worker-1)
[138791045244608] Handling pod test-pod-3, locking app:app-brole:frontend,  ...
New pod: test-pod-3, on node: worker-1
[138791045244608] Pod test-pod-3 handled. Released locks for: app:app-brole:frontend, 
⏰ Resume handler executed, updating startup timer
Handling existing pod test-pod-4, scheduled on node worker.
Handling already existing pod object: Pod(name=test-pod-4, label_set=LabelSet(labels={'app': 'app-b', 'role': 'backend'}), node=Node(name=worker)
[138791045244608] Handling pod test-pod-4, locking app:app-brole:backend,  ...
New pod: test-pod-4, on node: worker
[138791045244608] Pod test-pod-4 handled. Released locks for: app:app-brole:backend, 
Handling existing pod test-pod-5, scheduled on node worker.
Handling already existing pod object: Pod(name=test-pod-5, label_set=LabelSet(labels={'app': 'app-b', 'role': 'database'}), node=Node(name=worker)
[138791014823616] Handling pod test-pod-5, locking app:app-brole:database,  ...
New pod: test-pod-5, on node: worker
[138791014823616] Pod test-pod-5 handled. Released locks for: app:app-brole:database, 
⏰ Resume handler executed, updating startup timer
Handling existing pod test-pod-6, scheduled on node worker-1.
Handling already existing pod object: Pod(name=test-pod-6, label_set=LabelSet(labels={'app': 'app-c', 'role': 'frontend'}), node=Node(name=worker-1)
[138791023216320] Handling pod test-pod-6, locking app:app-crole:frontend,  ...
New pod: test-pod-6, on node: worker-1
[138791023216320] Pod test-pod-6 handled. Released locks for: app:app-crole:frontend, 
Handling existing pod test-pod-7, scheduled on node worker.
Handling already existing pod object: Pod(name=test-pod-7, label_set=LabelSet(labels={'app': 'app-c', 'role': 'backend'}), node=Node(name=worker)
[138791045244608] Handling pod test-pod-7, locking app:app-crole:backend,  ...
New pod: test-pod-7, on node: worker
[138791045244608] Pod test-pod-7 handled. Released locks for: app:app-crole:backend, 
⏰ Resume handler executed, updating startup timer
Handling existing pod test-pod-8, scheduled on node worker-1.
Handling already existing pod object: Pod(name=test-pod-8, label_set=LabelSet(labels={'app': 'app-c', 'role': 'database'}), node=Node(name=worker-1)
[138791014823616] Handling pod test-pod-8, locking app:app-crole:database,  ...
New pod: test-pod-8, on node: worker-1
[138791014823616] Pod test-pod-8 handled. Released locks for: app:app-crole:database, 
⏰ Resume handler executed, updating startup timer
[138791023216320] Handling new policy app-a-allow-backend-database, locking app:app-arole:database, app:app-arole:backend,  ...
PLS: Configuring new spol Policy(name=app-a-allow-backend-database, sel=LabelSet(labels={'app': 'app-a', 'role': 'backend'}), allow=[
(LabelSet(labels={'app': 'app-a', 'role': 'database'}), Traffic(direction=ingress, port=80, protocol=TCP)) 
])
Adding Security Group for select labelset: LabelSet(labels={'app': 'app-a', 'role': 'backend'})
⏰ Resume handler executed, updating startup timer
[138791045244608] Handling new policy app-a-allow-backend-frontend, locking app:app-arole:backend, app:app-arole:frontend,  ...
⏰ Resume handler executed, updating startup timer
[138791006430912] Handling new policy app-a-allow-database-backend, locking app:app-arole:database, app:app-arole:backend,  ...
[138791014823616] Handling new policy app-a-allow-frontend-backend, locking app:app-arole:backend, app:app-arole:frontend,  ...
[138790651815616] Handling new policy app-a-deny-all, locking app:app-a,  ...
Successfully added policy app-a-deny-all to ClusterState
[138790651815616] Handled new policy app-a-deny-all, Released app:app-a,  ...
⏰ Resume handler executed, updating startup timer
[138790660208320] Handling new policy app-b-allow-backend-database, locking app:app-brole:backend, app:app-brole:database,  ...
PLS: Configuring new spol Policy(name=app-b-allow-backend-database, sel=LabelSet(labels={'app': 'app-b', 'role': 'backend'}), allow=[
(LabelSet(labels={'app': 'app-b', 'role': 'database'}), Traffic(direction=ingress, port=80, protocol=TCP)) 
])
Adding Security Group for select labelset: LabelSet(labels={'app': 'app-b', 'role': 'backend'})
[138790643422912] Handling new policy app-b-allow-backend-frontend, locking app:app-brole:backend, app:app-brole:frontend,  ...
[138790635030208] Handling new policy app-b-allow-database-backend, locking app:app-brole:backend, app:app-brole:database,  ...
[138790651815616] Handling new policy app-b-allow-frontend-backend, locking app:app-brole:backend, app:app-brole:frontend,  ...
[138790626637504] Handling new policy app-b-deny-all, locking app:app-b,  ...
Successfully added policy app-b-deny-all to ClusterState
[138790626637504] Handled new policy app-b-deny-all, Released app:app-b,  ...
⏰ Resume handler executed, updating startup timer
[138790626637504] Handling new policy app-c-allow-backend-database, locking app:app-crole:database, app:app-crole:backend,  ...
PLS: Configuring new spol Policy(name=app-c-allow-backend-database, sel=LabelSet(labels={'app': 'app-c', 'role': 'backend'}), allow=[
(LabelSet(labels={'app': 'app-c', 'role': 'database'}), Traffic(direction=ingress, port=80, protocol=TCP)) 
])
Adding Security Group for select labelset: LabelSet(labels={'app': 'app-c', 'role': 'backend'})
[138790609852096] Handling new policy app-c-allow-backend-frontend, locking app:app-crole:frontend, app:app-crole:backend,  ...
[138790618244800] Handling new policy app-c-allow-database-backend, locking app:app-crole:database, app:app-crole:backend,  ...
[138790123337408] Handling new policy app-c-allow-frontend-backend, locking app:app-crole:frontend, app:app-crole:backend,  ...
[138790114944704] Handling new policy app-c-deny-all, locking app:app-c,  ...
Successfully added policy app-c-deny-all to ClusterState
[138790114944704] Handled new policy app-c-deny-all, Released app:app-c,  ...
⏰ Resume handler executed, updating startup timer
Security group 'SG-app:app-crole:backend' already exists.
Security group 'SG-app:app-arole:backend' already exists.
Security group 'SG-app:app-brole:backend' already exists.
SG-app:app-brole:backend already attached to worker
Adding Security Group for allow labelset: LabelSet(labels={'app': 'app-b', 'role': 'database'})
Security group 'SG-app:app-brole:database' already exists.
2025-07-28 16:11:26,267 [INFO] /app/main_operator_recovery_time.py - ⏰ Resume handler executed at 16:11:26
2025-07-28 16:11:26,272 [INFO] kopf.objects - Handler 'handle_existing_policy' succeeded.
2025-07-28 16:11:26,273 [INFO] kopf.objects - Resuming is processed: 1 succeeded; 0 failed.
2025-07-28 16:11:26,494 [INFO] /app/main_operator_recovery_time.py - ⏰ Resume handler executed at 16:11:26
2025-07-28 16:11:26,500 [INFO] kopf.objects - Handler 'handle_existing_policy' succeeded.
2025-07-28 16:11:26,502 [INFO] kopf.objects - Resuming is processed: 1 succeeded; 0 failed.
2025-07-28 16:11:26,821 [INFO] /app/main_operator_recovery_time.py - ⏰ Resume handler executed at 16:11:26
2025-07-28 16:11:26,823 [INFO] kopf.objects - Handler 'handle_existing_policy' succeeded.
2025-07-28 16:11:26,824 [INFO] kopf.objects - Resuming is processed: 1 succeeded; 0 failed.
2025-07-28 16:11:26,880 [INFO] /app/main_operator_recovery_time.py - ⏰ Resume handler executed at 16:11:26
2025-07-28 16:11:26,885 [INFO] kopf.objects - Handler 'handle_existing_policy' succeeded.
2025-07-28 16:11:26,888 [INFO] kopf.objects - Resuming is processed: 1 succeeded; 0 failed.
SG-app:app-arole:backend already attached to worker
Adding Security Group for allow labelset: LabelSet(labels={'app': 'app-a', 'role': 'database'})
SG-app:app-crole:backend already attached to worker
Adding Security Group for allow labelset: LabelSet(labels={'app': 'app-c', 'role': 'database'})
Security group 'SG-app:app-arole:database' already exists.
Security group 'SG-app:app-crole:database' already exists.
SG-app:app-brole:database already attached to worker
SGMod: Adding rule to SG-app:app-brole:backend, remote SG-app:app-brole:database, port 80, type ingress
Cannot add rule to remotes: Security group rule already exists. Rule id is b03d71a0-3cce-4d35-a48d-54d85a27969b.
Neutron server returns request_ids: ['req-bac8c0ce-2218-4aa7-948e-26eda6d59dac']
PLS: Configuring new spol Policy(name=app-b-allow-backend-database, sel=LabelSet(labels={'app': 'app-b', 'role': 'backend'}), allow=[
(LabelSet(labels={'app': 'app-b', 'role': 'database'}), Traffic(direction=egress, port=80, protocol=TCP)) 
])
Adding Security Group for select labelset: LabelSet(labels={'app': 'app-b', 'role': 'backend'})
Adding Security Group for allow labelset: LabelSet(labels={'app': 'app-b', 'role': 'database'})
SGMod: Adding rule to SG-app:app-brole:backend, remote SG-app:app-brole:database, port 80, type egress
Cannot add rule to remotes: Security group rule already exists. Rule id is f0236a13-ed50-434a-b90d-cf8a11e3afcd.
Neutron server returns request_ids: ['req-fe8e4188-23ae-4cd4-8793-51edffe2a1f5']
Successfully added policy app-b-allow-backend-database to ClusterState
[138790660208320] Handled new policy app-b-allow-backend-database, Released app:app-brole:backend, app:app-brole:database,  ...
⏰ Resume handler executed, updating startup timer
PLS: Configuring new spol Policy(name=app-b-allow-backend-frontend, sel=LabelSet(labels={'app': 'app-b', 'role': 'backend'}), allow=[
(LabelSet(labels={'app': 'app-b', 'role': 'frontend'}), Traffic(direction=ingress, port=80, protocol=TCP)) 
])
Adding Security Group for select labelset: LabelSet(labels={'app': 'app-b', 'role': 'backend'})
Adding Security Group for allow labelset: LabelSet(labels={'app': 'app-b', 'role': 'frontend'})
SG-app:app-crole:database already attached to worker-1
SGMod: Adding rule to SG-app:app-crole:backend, remote SG-app:app-crole:database, port 80, type ingress
Security group 'SG-app:app-brole:frontend' already exists.
Cannot add rule to remotes: Security group rule already exists. Rule id is 16eaa4ac-6d93-47cb-a6d6-139713c3c3cd.
Neutron server returns request_ids: ['req-964c40f0-5cc5-4771-9082-0d82bf26f3d6']
PLS: Configuring new spol Policy(name=app-c-allow-backend-database, sel=LabelSet(labels={'app': 'app-c', 'role': 'backend'}), allow=[
(LabelSet(labels={'app': 'app-c', 'role': 'database'}), Traffic(direction=egress, port=80, protocol=TCP)) 
])
Adding Security Group for select labelset: LabelSet(labels={'app': 'app-c', 'role': 'backend'})
Adding Security Group for allow labelset: LabelSet(labels={'app': 'app-c', 'role': 'database'})
SGMod: Adding rule to SG-app:app-crole:backend, remote SG-app:app-crole:database, port 80, type egress
Cannot add rule to remotes: Security group rule already exists. Rule id is 8ce88d10-8a4a-4515-bef7-b1ef74202222.
Neutron server returns request_ids: ['req-6726f6cc-5865-4c57-a8ae-d9e1e6fddaf9']
Successfully added policy app-c-allow-backend-database to ClusterState
[138790626637504] Handled new policy app-c-allow-backend-database, Released app:app-crole:database, app:app-crole:backend,  ...
PLS: Configuring new spol Policy(name=app-c-allow-backend-frontend, sel=LabelSet(labels={'app': 'app-c', 'role': 'backend'}), allow=[
(LabelSet(labels={'app': 'app-c', 'role': 'frontend'}), Traffic(direction=ingress, port=80, protocol=TCP)) 
])
Adding Security Group for select labelset: LabelSet(labels={'app': 'app-c', 'role': 'backend'})
Adding Security Group for allow labelset: LabelSet(labels={'app': 'app-c', 'role': 'frontend'})
⏰ Resume handler executed, updating startup timer
Security group 'SG-app:app-crole:frontend' already exists.
SG-app:app-arole:database already attached to worker-1
SGMod: Adding rule to SG-app:app-arole:backend, remote SG-app:app-arole:database, port 80, type ingress
SG-app:app-brole:frontend already attached to worker-1
SGMod: Adding rule to SG-app:app-brole:backend, remote SG-app:app-brole:frontend, port 80, type ingress
Cannot add rule to remotes: Security group rule already exists. Rule id is 8fc815a9-cae8-4f78-aebc-62468edeb72c.
Neutron server returns request_ids: ['req-43d92232-ec5a-4700-b1f2-da5491ecfbca']
PLS: Configuring new spol Policy(name=app-a-allow-backend-database, sel=LabelSet(labels={'app': 'app-a', 'role': 'backend'}), allow=[
(LabelSet(labels={'app': 'app-a', 'role': 'database'}), Traffic(direction=egress, port=80, protocol=TCP)) 
])
Adding Security Group for select labelset: LabelSet(labels={'app': 'app-a', 'role': 'backend'})
Adding Security Group for allow labelset: LabelSet(labels={'app': 'app-a', 'role': 'database'})
SGMod: Adding rule to SG-app:app-arole:backend, remote SG-app:app-arole:database, port 80, type egress
Cannot add rule to remotes: Security group rule already exists. Rule id is 2d3229e2-d7d4-45f4-9fd7-cc007a4c2c57.
Neutron server returns request_ids: ['req-65aa70be-4d3b-4fde-af80-bc33add1c31b']
PLS: Configuring new spol Policy(name=app-b-allow-backend-frontend, sel=LabelSet(labels={'app': 'app-b', 'role': 'backend'}), allow=[
(LabelSet(labels={'app': 'app-b', 'role': 'frontend'}), Traffic(direction=egress, port=80, protocol=TCP)) 
])
Adding Security Group for select labelset: LabelSet(labels={'app': 'app-b', 'role': 'backend'})
Adding Security Group for allow labelset: LabelSet(labels={'app': 'app-b', 'role': 'frontend'})
SGMod: Adding rule to SG-app:app-brole:backend, remote SG-app:app-brole:frontend, port 80, type egress
Cannot add rule to remotes: Security group rule already exists. Rule id is 4babea6e-c946-48b8-8dfd-cb8e7bd237c8.
Neutron server returns request_ids: ['req-ccd2cf3c-9e4e-46b5-9ac8-222843b3e194']
Successfully added policy app-a-allow-backend-database to ClusterState
[138791023216320] Handled new policy app-a-allow-backend-database, Released app:app-arole:database, app:app-arole:backend,  ...
⏰ Resume handler executed, updating startup timer
PLS: Configuring new spol Policy(name=app-a-allow-backend-frontend, sel=LabelSet(labels={'app': 'app-a', 'role': 'backend'}), allow=[
(LabelSet(labels={'app': 'app-a', 'role': 'frontend'}), Traffic(direction=ingress, port=80, protocol=TCP)) 
])
Adding Security Group for select labelset: LabelSet(labels={'app': 'app-a', 'role': 'backend'})
Adding Security Group for allow labelset: LabelSet(labels={'app': 'app-a', 'role': 'frontend'})
SG-app:app-crole:frontend already attached to worker-1
SGMod: Adding rule to SG-app:app-crole:backend, remote SG-app:app-crole:frontend, port 80, type ingress
Cannot add rule to remotes: Security group rule already exists. Rule id is 89b47cfa-7e25-4fbc-aca8-5689e982cdd8.
Neutron server returns request_ids: ['req-e33edba1-603b-4170-9df8-bf72c34db934']
Successfully added policy app-b-allow-backend-frontend to ClusterState
[138790643422912] Handled new policy app-b-allow-backend-frontend, Released app:app-brole:backend, app:app-brole:frontend,  ...
⏰ Resume handler executed, updating startup timer
PLS: Configuring new spol Policy(name=app-b-allow-database-backend, sel=LabelSet(labels={'app': 'app-b', 'role': 'database'}), allow=[
(LabelSet(labels={'app': 'app-b', 'role': 'backend'}), Traffic(direction=ingress, port=80, protocol=TCP)) 
])
Adding Security Group for select labelset: LabelSet(labels={'app': 'app-b', 'role': 'database'})
Adding Security Group for allow labelset: LabelSet(labels={'app': 'app-b', 'role': 'backend'})
SGMod: Adding rule to SG-app:app-brole:database, remote SG-app:app-brole:backend, port 80, type ingress
Security group 'SG-app:app-arole:frontend' already exists.
Cannot add rule to remotes: Security group rule already exists. Rule id is d4e623b0-01b3-444d-aa8f-7e38f7d8cf4b.
Neutron server returns request_ids: ['req-0caef98e-c00b-4cdc-8bf5-def218071802']
2025-07-28 16:11:27,030 [INFO] /app/main_operator_recovery_time.py - ⏰ Resume handler executed at 16:11:27
2025-07-28 16:11:27,037 [INFO] kopf.objects - Handler 'handle_existing_policy' succeeded.
2025-07-28 16:11:27,037 [INFO] kopf.objects - Resuming is processed: 1 succeeded; 0 failed.
2025-07-28 16:11:27,105 [INFO] /app/main_operator_recovery_time.py - ⏰ Resume handler executed at 16:11:27
2025-07-28 16:11:27,108 [INFO] kopf.objects - Handler 'handle_existing_policy' succeeded.
2025-07-28 16:11:27,113 [INFO] kopf.objects - Resuming is processed: 1 succeeded; 0 failed.
2025-07-28 16:11:27,245 [INFO] /app/main_operator_recovery_time.py - ⏰ Resume handler executed at 16:11:27
2025-07-28 16:11:27,250 [INFO] kopf.objects - Handler 'handle_existing_policy' succeeded.
2025-07-28 16:11:27,251 [INFO] kopf.objects - Resuming is processed: 1 succeeded; 0 failed.
2025-07-28 16:11:27,265 [INFO] /app/main_operator_recovery_time.py - ⏰ Resume handler executed at 16:11:27
2025-07-28 16:11:27,266 [INFO] kopf.objects - Handler 'handle_existing_policy' succeeded.
2025-07-28 16:11:27,266 [INFO] kopf.objects - Resuming is processed: 1 succeeded; 0 failed.
2025-07-28 16:11:27,398 [INFO] /app/main_operator_recovery_time.py - ⏰ Resume handler executed at 16:11:27
PLS: Configuring new spol Policy(name=app-c-allow-backend-frontend, sel=LabelSet(labels={'app': 'app-c', 'role': 'backend'}), allow=[
(LabelSet(labels={'app': 'app-c', 'role': 'frontend'}), Traffic(direction=egress, port=80, protocol=TCP)) 
])
Adding Security Group for select labelset: LabelSet(labels={'app': 'app-c', 'role': 'backend'})
Adding Security Group for allow labelset: LabelSet(labels={'app': 'app-c', 'role': 'frontend'})
SGMod: Adding rule to SG-app:app-crole:backend, remote SG-app:app-crole:frontend, port 80, type egress
Cannot add rule to remotes: Security group rule already exists. Rule id is d512e710-9a68-4edc-8b04-91ba99d5d227.
Neutron server returns request_ids: ['req-f62e7408-f0b7-4e32-9f54-0388da0ab767']
PLS: Configuring new spol Policy(name=app-b-allow-database-backend, sel=LabelSet(labels={'app': 'app-b', 'role': 'database'}), allow=[
(LabelSet(labels={'app': 'app-b', 'role': 'backend'}), Traffic(direction=egress, port=80, protocol=TCP)) 
])
Adding Security Group for select labelset: LabelSet(labels={'app': 'app-b', 'role': 'database'})
Adding Security Group for allow labelset: LabelSet(labels={'app': 'app-b', 'role': 'backend'})
SGMod: Adding rule to SG-app:app-brole:database, remote SG-app:app-brole:backend, port 80, type egress
Cannot add rule to remotes: Security group rule already exists. Rule id is f2a526a8-daaf-4481-9e19-8674a37d60a8.
Neutron server returns request_ids: ['req-710108cc-8197-4eb8-9462-dcc7d1685f81']
Successfully added policy app-c-allow-backend-frontend to ClusterState
[138790609852096] Handled new policy app-c-allow-backend-frontend, Released app:app-crole:frontend, app:app-crole:backend,  ...
⏰ Resume handler executed, updating startup timer
PLS: Configuring new spol Policy(name=app-c-allow-database-backend, sel=LabelSet(labels={'app': 'app-c', 'role': 'database'}), allow=[
(LabelSet(labels={'app': 'app-c', 'role': 'backend'}), Traffic(direction=ingress, port=80, protocol=TCP)) 
])
Adding Security Group for select labelset: LabelSet(labels={'app': 'app-c', 'role': 'database'})
Adding Security Group for allow labelset: LabelSet(labels={'app': 'app-c', 'role': 'backend'})
SGMod: Adding rule to SG-app:app-crole:database, remote SG-app:app-crole:backend, port 80, type ingress
Cannot add rule to remotes: Security group rule already exists. Rule id is 0e2297d8-92f9-4742-b325-9b02b2e89a6e.
Neutron server returns request_ids: ['req-f5f1bc11-4e8a-4113-9682-9882e545de52']
Successfully added policy app-b-allow-database-backend to ClusterState
[138790635030208] Handled new policy app-b-allow-database-backend, Released app:app-brole:backend, app:app-brole:database,  ...
⏰ Resume handler executed, updating startup timer
PLS: Configuring new spol Policy(name=app-b-allow-frontend-backend, sel=LabelSet(labels={'app': 'app-b', 'role': 'frontend'}), allow=[
(LabelSet(labels={'app': 'app-b', 'role': 'backend'}), Traffic(direction=ingress, port=80, protocol=TCP)) 
])
Adding Security Group for select labelset: LabelSet(labels={'app': 'app-b', 'role': 'frontend'})
Adding Security Group for allow labelset: LabelSet(labels={'app': 'app-b', 'role': 'backend'})
SGMod: Adding rule to SG-app:app-brole:frontend, remote SG-app:app-brole:backend, port 80, type ingress
Cannot add rule to remotes: Security group rule already exists. Rule id is 7ca3698c-e202-42a0-a59b-eafdac8764f0.
Neutron server returns request_ids: ['req-f37b5c0d-1138-4a67-b60c-00a99286bb99']
PLS: Configuring new spol Policy(name=app-c-allow-database-backend, sel=LabelSet(labels={'app': 'app-c', 'role': 'database'}), allow=[
(LabelSet(labels={'app': 'app-c', 'role': 'backend'}), Traffic(direction=egress, port=80, protocol=TCP)) 
])
Adding Security Group for select labelset: LabelSet(labels={'app': 'app-c', 'role': 'database'})
Adding Security Group for allow labelset: LabelSet(labels={'app': 'app-c', 'role': 'backend'})
SGMod: Adding rule to SG-app:app-crole:database, remote SG-app:app-crole:backend, port 80, type egress
Cannot add rule to remotes: Security group rule already exists. Rule id is 01039756-2ee1-43b4-b80f-9d2e417c7e63.
Neutron server returns request_ids: ['req-3403855f-7271-46cd-a505-d38679a94d0b']
PLS: Configuring new spol Policy(name=app-b-allow-frontend-backend, sel=LabelSet(labels={'app': 'app-b', 'role': 'frontend'}), allow=[
(LabelSet(labels={'app': 'app-b', 'role': 'backend'}), Traffic(direction=egress, port=80, protocol=TCP)) 
])
Adding Security Group for select labelset: LabelSet(labels={'app': 'app-b', 'role': 'frontend'})
Adding Security Group for allow labelset: LabelSet(labels={'app': 'app-b', 'role': 'backend'})
SGMod: Adding rule to SG-app:app-brole:frontend, remote SG-app:app-brole:backend, port 80, type egress
SG-app:app-arole:frontend already attached to worker
SGMod: Adding rule to SG-app:app-arole:backend, remote SG-app:app-arole:frontend, port 80, type ingress
Cannot add rule to remotes: Security group rule already exists. Rule id is ce72b327-e52e-420f-a4d9-ee585c27bbd3.
Neutron server returns request_ids: ['req-af561f1e-d219-4b47-9804-55e9e58e7e5b']
Successfully added policy app-c-allow-database-backend to ClusterState
[138790618244800] Handled new policy app-c-allow-database-backend, Released app:app-crole:database, app:app-crole:backend,  ...
⏰ Resume handler executed, updating startup timer
PLS: Configuring new spol Policy(name=app-c-allow-frontend-backend, sel=LabelSet(labels={'app': 'app-c', 'role': 'frontend'}), allow=[
(LabelSet(labels={'app': 'app-c', 'role': 'backend'}), Traffic(direction=ingress, port=80, protocol=TCP)) 
])
Adding Security Group for select labelset: LabelSet(labels={'app': 'app-c', 'role': 'frontend'})
Adding Security Group for allow labelset: LabelSet(labels={'app': 'app-c', 'role': 'backend'})
SGMod: Adding rule to SG-app:app-crole:frontend, remote SG-app:app-crole:backend, port 80, type ingress
Cannot add rule to remotes: Security group rule already exists. Rule id is a6754d16-9bee-487a-8914-cd38a3f5ebd5.
Neutron server returns request_ids: ['req-13dfcd9a-0041-41f9-bf12-805f8c7e8601']
Successfully added policy app-b-allow-frontend-backend to ClusterState
[138790651815616] Handled new policy app-b-allow-frontend-backend, Released app:app-brole:backend, app:app-brole:frontend,  ...
⏰ Resume handler executed, updating startup timer
Cannot add rule to remotes: Security group rule already exists. Rule id is aca1d661-521a-4831-aa5e-cc48f4151c2c.
Neutron server returns request_ids: ['req-e2f4e6a3-6176-4bb7-809d-fd88a6e2c7dd']
PLS: Configuring new spol Policy(name=app-a-allow-backend-frontend, sel=LabelSet(labels={'app': 'app-a', 'role': 'backend'}), allow=[
(LabelSet(labels={'app': 'app-a', 'role': 'frontend'}), Traffic(direction=egress, port=80, protocol=TCP)) 
])
Adding Security Group for select labelset: LabelSet(labels={'app': 'app-a', 'role': 'backend'})
Adding Security Group for allow labelset: LabelSet(labels={'app': 'app-a', 'role': 'frontend'})
SGMod: Adding rule to SG-app:app-arole:backend, remote SG-app:app-arole:frontend, port 80, type egress
Cannot add rule to remotes: Security group rule already exists. Rule id is 88361388-a412-4bb3-bfe9-af4b46c8fc41.
Neutron server returns request_ids: ['req-dec481c2-5d29-4aea-ae63-a4799cdd828d']
PLS: Configuring new spol Policy(name=app-c-allow-frontend-backend, sel=LabelSet(labels={'app': 'app-c', 'role': 'frontend'}), allow=[
(LabelSet(labels={'app': 'app-c', 'role': 'backend'}), Traffic(direction=egress, port=80, protocol=TCP)) 
])
Adding Security Group for select labelset: LabelSet(labels={'app': 'app-c', 'role': 'frontend'})
Adding Security Group for allow labelset: LabelSet(labels={'app': 'app-c', 'role': 'backend'})
SGMod: Adding rule to SG-app:app-crole:frontend, remote SG-app:app-crole:backend, port 80, type egress
Cannot add rule to remotes: Security group rule already exists. Rule id is ccadb7d9-f757-44a5-9e52-86ebcbcdbf9a.
Neutron server returns request_ids: ['req-d55dff73-28ed-43f2-8dd2-a08fe70fbd8e']
Successfully added policy app-a-allow-backend-frontend to ClusterState
[138791045244608] Handled new policy app-a-allow-backend-frontend, Released app:app-arole:backend, app:app-arole:frontend,  ...
2025-07-28 16:11:27,399 [INFO] kopf.objects - Handler 'handle_existing_policy' succeeded.
2025-07-28 16:11:27,400 [INFO] kopf.objects - Resuming is processed: 1 succeeded; 0 failed.
2025-07-28 16:11:27,460 [INFO] /app/main_operator_recovery_time.py - ⏰ Resume handler executed at 16:11:27
2025-07-28 16:11:27,462 [INFO] kopf.objects - Handler 'handle_existing_policy' succeeded.
2025-07-28 16:11:27,463 [INFO] kopf.objects - Resuming is processed: 1 succeeded; 0 failed.
2025-07-28 16:11:27,562 [INFO] /app/main_operator_recovery_time.py - ⏰ Resume handler executed at 16:11:27
2025-07-28 16:11:27,563 [INFO] kopf.objects - Handler 'handle_existing_policy' succeeded.
2025-07-28 16:11:27,564 [INFO] kopf.objects - Resuming is processed: 1 succeeded; 0 failed.
2025-07-28 16:11:27,629 [INFO] /app/main_operator_recovery_time.py - ⏰ Resume handler executed at 16:11:27
2025-07-28 16:11:27,631 [INFO] kopf.objects - Handler 'handle_existing_policy' succeeded.
2025-07-28 16:11:27,632 [INFO] kopf.objects - Resuming is processed: 1 succeeded; 0 failed.
2025-07-28 16:11:38,533 [INFO] /app/main_operator_recovery_time.py - Startup time written to file: 3.230 seconds
