2025-07-31 08:56:46,830 [INFO] /app/code/main_operator.py - Starting Operator with 20 workers.
2025-07-31 08:56:46,831 [INFO] /app/code/main_operator.py - 🚀 Starting Kopf operator in mode: PLS, watching the test-thesis namespace.
2025-07-31 08:56:46,832 [INFO] root - Initializing Openstack Client!
2025-07-31 08:56:46,888 [INFO] root - Grasshopper was not running, initialising Cluster State.
2025-07-31 08:56:47,093 [INFO] matcher - PLS: Configuring new spol Policy(name=app-c-allow-backend-frontend, sel=LabelSet(labels={'app': 'app-c', 'role': 'backend'}), allow=[
(LabelSet(labels={'app': 'app-c', 'role': 'frontend'}), Traffic(direction=ingress, port=80, protocol=TCP)) 
])
2025-07-31 08:56:47,108 [INFO] matcher - PLS: Configuring new spol Policy(name=app-c-allow-backend-frontend, sel=LabelSet(labels={'app': 'app-c', 'role': 'backend'}), allow=[
(LabelSet(labels={'app': 'app-c', 'role': 'frontend'}), Traffic(direction=egress, port=80, protocol=TCP)) 
])
2025-07-31 08:56:47,134 [INFO] matcher - PLS: Configuring new spol Policy(name=app-c-allow-database-backend, sel=LabelSet(labels={'app': 'app-c', 'role': 'database'}), allow=[
(LabelSet(labels={'app': 'app-c', 'role': 'backend'}), Traffic(direction=ingress, port=80, protocol=TCP)) 
])
2025-07-31 08:56:47,149 [INFO] matcher - PLS: Configuring new spol Policy(name=app-c-allow-database-backend, sel=LabelSet(labels={'app': 'app-c', 'role': 'database'}), allow=[
(LabelSet(labels={'app': 'app-c', 'role': 'backend'}), Traffic(direction=egress, port=80, protocol=TCP)) 
])
2025-07-31 08:56:47,163 [INFO] matcher - PLS: Configuring new spol Policy(name=app-c-allow-frontend-backend, sel=LabelSet(labels={'app': 'app-c', 'role': 'frontend'}), allow=[
(LabelSet(labels={'app': 'app-c', 'role': 'backend'}), Traffic(direction=ingress, port=80, protocol=TCP)) 
])
2025-07-31 08:56:47,173 [INFO] matcher - PLS: Configuring new spol Policy(name=app-c-allow-frontend-backend, sel=LabelSet(labels={'app': 'app-c', 'role': 'frontend'}), allow=[
(LabelSet(labels={'app': 'app-c', 'role': 'backend'}), Traffic(direction=egress, port=80, protocol=TCP)) 
])
2025-07-31 08:56:47,185 [INFO] root - ================================= FRESH INITIALISATION DONE =====================================
2025-07-31 08:56:47,207 [INFO] operator_code.watcher_operator - Watcher class for Kopf Operator!
2025-07-31 08:56:47,208 [INFO] kopf.activities.startup - Activity 'startup_handler' succeeded.
2025-07-31 08:56:47,209 [INFO] kopf._core.engines.activities - Initial authentication has been initiated.
2025-07-31 08:56:47,215 [INFO] kopf.activities.authentication - Activity 'login_via_client' succeeded.
2025-07-31 08:56:47,215 [INFO] kopf._core.engines.activities - Initial authentication has finished.
2025-07-31 08:56:47,249 [WARNING] kopf._core.reactor.observation - Not enough permissions to list namespaces. Falling back to a list of namespaces which are assumed to exist: {'test-thesis'}
2025-07-31 08:56:47,253 [WARNING] kopf._core.reactor.observation - Not enough permissions to watch for namespaces: changes (deletion/creation) will not be noticed; the namespaces are only refreshed on operator restarts.
2025-07-31 08:56:47,528 [INFO] kopf.objects - Handler 'handle_new_policy' succeeded.
2025-07-31 08:56:47,529 [INFO] kopf.objects - Creation is processed: 1 succeeded; 0 failed.
2025-07-31 08:56:47,534 [INFO] kopf.objects - Handler 'handle_new_policy' succeeded.
2025-07-31 08:56:47,535 [INFO] kopf.objects - Creation is processed: 1 succeeded; 0 failed.
2025-07-31 08:56:47,544 [INFO] matcher - PLS: Configuring new spol Policy(name=app-c-allow-backend-database, sel=LabelSet(labels={'app': 'app-c', 'role': 'backend'}), allow=[
(LabelSet(labels={'app': 'app-c', 'role': 'database'}), Traffic(direction=ingress, port=80, protocol=TCP)) 
])
2025-07-31 08:56:47,549 [INFO] matcher - PLS: Configuring new spol Policy(name=app-b-allow-backend-database, sel=LabelSet(labels={'app': 'app-b', 'role': 'backend'}), allow=[
(LabelSet(labels={'app': 'app-b', 'role': 'database'}), Traffic(direction=ingress, port=80, protocol=TCP)) 
])
2025-07-31 08:56:47,552 [INFO] kopf.objects - Handler 'handle_new_policy' succeeded.
2025-07-31 08:56:47,554 [INFO] kopf.objects - Creation is processed: 1 succeeded; 0 failed.
2025-07-31 08:56:47,560 [INFO] matcher - PLS: Configuring new spol Policy(name=app-b-allow-backend-database, sel=LabelSet(labels={'app': 'app-b', 'role': 'backend'}), allow=[
(LabelSet(labels={'app': 'app-b', 'role': 'database'}), Traffic(direction=egress, port=80, protocol=TCP)) 
])
2025-07-31 08:56:47,568 [INFO] matcher - PLS: Configuring new spol Policy(name=app-b-allow-database-backend, sel=LabelSet(labels={'app': 'app-b', 'role': 'database'}), allow=[
(LabelSet(labels={'app': 'app-b', 'role': 'backend'}), Traffic(direction=ingress, port=80, protocol=TCP)) 
])
2025-07-31 08:56:47,571 [INFO] kopf.objects - Handler 'handle_new_policy' succeeded.
2025-07-31 08:56:47,572 [INFO] matcher - PLS: Configuring new spol Policy(name=app-c-allow-backend-database, sel=LabelSet(labels={'app': 'app-c', 'role': 'backend'}), allow=[
(LabelSet(labels={'app': 'app-c', 'role': 'database'}), Traffic(direction=egress, port=80, protocol=TCP)) 
])
2025-07-31 08:56:47,572 [INFO] kopf.objects - Creation is processed: 1 succeeded; 0 failed.
2025-07-31 08:56:47,582 [INFO] kopf.objects - Handler 'handle_new_policy' succeeded.
2025-07-31 08:56:47,583 [INFO] kopf.objects - Creation is processed: 1 succeeded; 0 failed.
2025-07-31 08:56:47,587 [INFO] kopf.objects - Handler 'handle_new_policy' succeeded.
2025-07-31 08:56:47,587 [INFO] kopf.objects - Creation is processed: 1 succeeded; 0 failed.
2025-07-31 08:56:47,590 [INFO] matcher - PLS: Configuring new spol Policy(name=app-b-allow-database-backend, sel=LabelSet(labels={'app': 'app-b', 'role': 'database'}), allow=[
(LabelSet(labels={'app': 'app-b', 'role': 'backend'}), Traffic(direction=egress, port=80, protocol=TCP)) 
])
2025-07-31 08:56:47,606 [INFO] kopf.objects - Handler 'handle_new_policy' succeeded.
2025-07-31 08:56:47,607 [INFO] kopf.objects - Creation is processed: 1 succeeded; 0 failed.
2025-07-31 08:56:47,693 [INFO] matcher - PLS: Configuring new spol Policy(name=app-b-allow-frontend-backend, sel=LabelSet(labels={'app': 'app-b', 'role': 'frontend'}), allow=[
(LabelSet(labels={'app': 'app-b', 'role': 'backend'}), Traffic(direction=ingress, port=80, protocol=TCP)) 
])
2025-07-31 08:56:47,706 [INFO] matcher - PLS: Configuring new spol Policy(name=app-b-allow-frontend-backend, sel=LabelSet(labels={'app': 'app-b', 'role': 'frontend'}), allow=[
(LabelSet(labels={'app': 'app-b', 'role': 'backend'}), Traffic(direction=egress, port=80, protocol=TCP)) 
])
2025-07-31 08:56:47,722 [INFO] kopf.objects - Handler 'handle_new_policy' succeeded.
2025-07-31 08:56:47,722 [INFO] kopf.objects - Creation is processed: 1 succeeded; 0 failed.
2025-07-31 08:56:47,789 [INFO] kopf.objects - Handler 'handle_new_policy' succeeded.
2025-07-31 08:56:47,790 [INFO] kopf.objects - Creation is processed: 1 succeeded; 0 failed.
2025-07-31 08:56:47,880 [INFO] matcher - PLS: Configuring new spol Policy(name=app-b-allow-backend-frontend, sel=LabelSet(labels={'app': 'app-b', 'role': 'backend'}), allow=[
(LabelSet(labels={'app': 'app-b', 'role': 'frontend'}), Traffic(direction=ingress, port=80, protocol=TCP)) 
])
2025-07-31 08:56:47,892 [INFO] matcher - PLS: Configuring new spol Policy(name=app-b-allow-backend-frontend, sel=LabelSet(labels={'app': 'app-b', 'role': 'backend'}), allow=[
(LabelSet(labels={'app': 'app-b', 'role': 'frontend'}), Traffic(direction=egress, port=80, protocol=TCP)) 
])
2025-07-31 08:56:47,904 [INFO] kopf.objects - Handler 'handle_new_policy' succeeded.
2025-07-31 08:56:47,904 [INFO] kopf.objects - Creation is processed: 1 succeeded; 0 failed.
2025-07-31 08:56:48,011 [INFO] matcher - PLS: Configuring new spol Policy(name=app-a-allow-backend-database, sel=LabelSet(labels={'app': 'app-a', 'role': 'backend'}), allow=[
(LabelSet(labels={'app': 'app-a', 'role': 'database'}), Traffic(direction=ingress, port=80, protocol=TCP)) 
])
2025-07-31 08:56:48,023 [INFO] matcher - PLS: Configuring new spol Policy(name=app-a-allow-backend-database, sel=LabelSet(labels={'app': 'app-a', 'role': 'backend'}), allow=[
(LabelSet(labels={'app': 'app-a', 'role': 'database'}), Traffic(direction=egress, port=80, protocol=TCP)) 
])
2025-07-31 08:56:48,036 [INFO] kopf.objects - Handler 'handle_new_policy' succeeded.
2025-07-31 08:56:48,036 [INFO] kopf.objects - Creation is processed: 1 succeeded; 0 failed.
2025-07-31 08:56:48,094 [INFO] matcher - PLS: Configuring new spol Policy(name=app-a-allow-frontend-backend, sel=LabelSet(labels={'app': 'app-a', 'role': 'frontend'}), allow=[
(LabelSet(labels={'app': 'app-a', 'role': 'backend'}), Traffic(direction=ingress, port=80, protocol=TCP)) 
])
2025-07-31 08:56:48,107 [INFO] matcher - PLS: Configuring new spol Policy(name=app-a-allow-frontend-backend, sel=LabelSet(labels={'app': 'app-a', 'role': 'frontend'}), allow=[
(LabelSet(labels={'app': 'app-a', 'role': 'backend'}), Traffic(direction=egress, port=80, protocol=TCP)) 
])
2025-07-31 08:56:48,120 [INFO] kopf.objects - Handler 'handle_new_policy' succeeded.
2025-07-31 08:56:48,120 [INFO] kopf.objects - Creation is processed: 1 succeeded; 0 failed.
2025-07-31 08:56:48,212 [INFO] matcher - PLS: Configuring new spol Policy(name=app-a-allow-backend-frontend, sel=LabelSet(labels={'app': 'app-a', 'role': 'backend'}), allow=[
(LabelSet(labels={'app': 'app-a', 'role': 'frontend'}), Traffic(direction=ingress, port=80, protocol=TCP)) 
])
2025-07-31 08:56:48,225 [INFO] matcher - PLS: Configuring new spol Policy(name=app-a-allow-backend-frontend, sel=LabelSet(labels={'app': 'app-a', 'role': 'backend'}), allow=[
(LabelSet(labels={'app': 'app-a', 'role': 'frontend'}), Traffic(direction=egress, port=80, protocol=TCP)) 
])
2025-07-31 08:56:48,245 [INFO] kopf.objects - Handler 'handle_new_policy' succeeded.
2025-07-31 08:56:48,245 [INFO] kopf.objects - Creation is processed: 1 succeeded; 0 failed.
2025-07-31 08:56:48,359 [INFO] kopf.objects - Handler 'handle_new_policy' succeeded.
2025-07-31 08:56:48,361 [INFO] kopf.objects - Creation is processed: 1 succeeded; 0 failed.
2025-07-31 08:56:48,491 [INFO] matcher - PLS: Configuring new spol Policy(name=app-a-allow-database-backend, sel=LabelSet(labels={'app': 'app-a', 'role': 'database'}), allow=[
(LabelSet(labels={'app': 'app-a', 'role': 'backend'}), Traffic(direction=ingress, port=80, protocol=TCP)) 
])
2025-07-31 08:56:48,508 [INFO] matcher - PLS: Configuring new spol Policy(name=app-a-allow-database-backend, sel=LabelSet(labels={'app': 'app-a', 'role': 'database'}), allow=[
(LabelSet(labels={'app': 'app-a', 'role': 'backend'}), Traffic(direction=egress, port=80, protocol=TCP)) 
])
2025-07-31 08:56:48,530 [INFO] kopf.objects - Handler 'handle_new_policy' succeeded.
2025-07-31 08:56:48,531 [INFO] kopf.objects - Creation is processed: 1 succeeded; 0 failed.
2025-07-31 08:56:49,006 [INFO] matcher - PLS: Configuring new pod with labelset: {L}
2025-07-31 08:56:49,012 [INFO] matcher - PLS: Configuring new spol Policy(name=app-a-allow-frontend-backend, sel=LabelSet(labels={'app': 'app-a', 'role': 'frontend'}), allow=[
(LabelSet(labels={'app': 'app-a', 'role': 'backend'}), Traffic(direction=ingress, port=80, protocol=TCP)) 
])
2025-07-31 08:56:49,016 [INFO] matcher - Adding Security Group for select labelset: LabelSet(labels={'app': 'app-a', 'role': 'frontend'})
2025-07-31 08:56:49,076 [INFO] matcher - PLS: Configuring new pod with labelset: {L}
2025-07-31 08:56:49,076 [INFO] matcher - PLS: Configuring new spol Policy(name=app-b-allow-backend-frontend, sel=LabelSet(labels={'app': 'app-b', 'role': 'backend'}), allow=[
(LabelSet(labels={'app': 'app-b', 'role': 'frontend'}), Traffic(direction=ingress, port=80, protocol=TCP)) 
])
2025-07-31 08:56:49,076 [INFO] matcher - PLS: Configuring new spol Policy(name=app-b-allow-backend-frontend, sel=LabelSet(labels={'app': 'app-b', 'role': 'backend'}), allow=[
(LabelSet(labels={'app': 'app-b', 'role': 'frontend'}), Traffic(direction=egress, port=80, protocol=TCP)) 
])
2025-07-31 08:56:49,076 [INFO] matcher - PLS: Configuring new spol Policy(name=app-b-allow-frontend-backend, sel=LabelSet(labels={'app': 'app-b', 'role': 'frontend'}), allow=[
(LabelSet(labels={'app': 'app-b', 'role': 'backend'}), Traffic(direction=egress, port=80, protocol=TCP)) 
])
2025-07-31 08:56:49,076 [INFO] matcher - Adding Security Group for select labelset: LabelSet(labels={'app': 'app-b', 'role': 'frontend'})
[126283621607104] Handling new policy app-c-allow-backend-frontend, locking app:app-crole:frontend, app:app-crole:backend,  ...
Successfully added policy app-c-allow-backend-frontend to ClusterState
[126283621607104] Handled new policy app-c-allow-backend-frontend, Released app:app-crole:frontend, app:app-crole:backend,  ...
[126283621607104] Handling new policy app-c-allow-database-backend, locking app:app-crole:backend, app:app-crole:database,  ...
Successfully added policy app-c-allow-database-backend to ClusterState
[126283621607104] Handled new policy app-c-allow-database-backend, Released app:app-crole:backend, app:app-crole:database,  ...
[126283621607104] Handling new policy app-c-allow-frontend-backend, locking app:app-crole:frontend, app:app-crole:backend,  ...
Successfully added policy app-c-allow-frontend-backend to ClusterState
[126283621607104] Handled new policy app-c-allow-frontend-backend, Released app:app-crole:frontend, app:app-crole:backend,  ...
[126283621607104] Handling new policy app-c-deny-all, locking app:app-c,  ...
Successfully added policy app-c-deny-all to ClusterState
[126283621607104] Handled new policy app-c-deny-all, Released app:app-c,  ...
[126283621607104] Handling new policy app-c-deny-all, locking app:app-c,  ...
Successfully added policy app-c-deny-all to ClusterState
[126283621607104] Handled new policy app-c-deny-all, Released app:app-c,  ...
[126283621607104] Handling new policy app-b-allow-backend-database, locking app:app-brole:backend, app:app-brole:database,  ...
[126283611117248] Handling new policy app-c-allow-database-backend, locking app:app-crole:backend, app:app-crole:database,  ...
Policy app-c-allow-database-backend already exists in the cluster.
[126283611117248] Handling new policy app-c-allow-frontend-backend, locking app:app-crole:frontend, app:app-crole:backend,  ...
Policy app-c-allow-frontend-backend already exists in the cluster.
[126283611117248] Handling new policy app-c-allow-backend-database, locking app:app-crole:backend, app:app-crole:database,  ...
[126283599578816] Handling new policy app-c-allow-backend-frontend, locking app:app-crole:frontend, app:app-crole:backend,  ...
[126283591186112] Handling new policy app-b-allow-database-backend, locking app:app-brole:backend, app:app-brole:database,  ...
Successfully added policy app-b-allow-backend-database to ClusterState
[126283621607104] Handled new policy app-b-allow-backend-database, Released app:app-brole:backend, app:app-brole:database,  ...
Successfully added policy app-c-allow-backend-database to ClusterState
[126283611117248] Handled new policy app-c-allow-backend-database, Released app:app-crole:backend, app:app-crole:database,  ...
Policy app-c-allow-backend-frontend already exists in the cluster.
Successfully added policy app-b-allow-database-backend to ClusterState
[126283591186112] Handled new policy app-b-allow-database-backend, Released app:app-brole:backend, app:app-brole:database,  ...
[126283621607104] Handling new policy app-b-allow-frontend-backend, locking app:app-brole:frontend, app:app-brole:backend,  ...
Successfully added policy app-b-allow-frontend-backend to ClusterState
[126283621607104] Handled new policy app-b-allow-frontend-backend, Released app:app-brole:frontend, app:app-brole:backend,  ...
[126283599578816] Handling new policy app-b-deny-all, locking app:app-b,  ...
Successfully added policy app-b-deny-all to ClusterState
[126283599578816] Handled new policy app-b-deny-all, Released app:app-b,  ...
[126283611117248] Handling new policy app-b-allow-backend-frontend, locking app:app-brole:backend, app:app-brole:frontend,  ...
Successfully added policy app-b-allow-backend-frontend to ClusterState
[126283611117248] Handled new policy app-b-allow-backend-frontend, Released app:app-brole:backend, app:app-brole:frontend,  ...
[126283591186112] Handling new policy app-a-allow-backend-database, locking app:app-arole:backend, app:app-arole:database,  ...
Successfully added policy app-a-allow-backend-database to ClusterState
[126283591186112] Handled new policy app-a-allow-backend-database, Released app:app-arole:backend, app:app-arole:database,  ...
[126283621607104] Handling new policy app-a-allow-frontend-backend, locking app:app-arole:frontend, app:app-arole:backend,  ...
Successfully added policy app-a-allow-frontend-backend to ClusterState
[126283621607104] Handled new policy app-a-allow-frontend-backend, Released app:app-arole:frontend, app:app-arole:backend,  ...
[126283599578816] Handling new policy app-a-allow-backend-frontend, locking app:app-arole:frontend, app:app-arole:backend,  ...
Successfully added policy app-a-allow-backend-frontend to ClusterState
[126283599578816] Handled new policy app-a-allow-backend-frontend, Released app:app-arole:frontend, app:app-arole:backend,  ...
[126283611117248] Handling new policy app-a-deny-all, locking app:app-a,  ...
Successfully added policy app-a-deny-all to ClusterState
[126283611117248] Handled new policy app-a-deny-all, Released app:app-a,  ...
[126283591186112] Handling new policy app-a-allow-database-backend, locking app:app-arole:database, app:app-arole:backend,  ...
Successfully added policy app-a-allow-database-backend to ClusterState
[126283591186112] Handled new policy app-a-allow-database-backend, Released app:app-arole:database, app:app-arole:backend,  ...
New pod test-pod-0! old_node = None, new_node = worker-1.
Handling the new pod object: Pod(name=test-pod-0, label_set=LabelSet(labels={'app': 'app-a', 'role': 'frontend'}), node=Node(name=worker-1)
[126283611117248] Handling pod test-pod-0, locking app:app-arole:frontend, app:app-arole:backend,  ...
New pod: test-pod-0, on node: worker-1
New pod test-pod-1! old_node = None, new_node = worker-1.
Handling the new pod object: Pod(name=test-pod-1, label_set=LabelSet(labels={'app': 'app-a', 'role': 'backend'}), node=Node(name=worker-1)
[126283599578816] Handling pod test-pod-1, locking app:app-arole:frontend, app:app-arole:backend, app:app-arole:database,  ...
New pod test-pod-2! old_node = None, new_node = worker-1.
Handling the new pod object: Pod(name=test-pod-2, label_set=LabelSet(labels={'app': 'app-a', 'role': 'database'}), node=Node(name=worker-1)
[126283621607104] Handling pod test-pod-2, locking app:app-arole:database, app:app-arole:backend,  ...
New pod test-pod-3! old_node = None, new_node = worker-1.
Handling the new pod object: Pod(name=test-pod-3, label_set=LabelSet(labels={'app': 'app-b', 'role': 'frontend'}), node=Node(name=worker-1)
[126283591186112] Handling pod test-pod-3, locking app:app-brole:frontend, app:app-brole:backend,  ...
New pod: test-pod-3, on node: worker-1
New pod test-pod-4! old_node = None, new_node = worker-1.
Handling the new pod object: Pod(name=test-pod-4, label_set=LabelSet(labels={'app': 'app-b', 'role': 'backend'}), node=Node(name=worker-1)
[126283378849472] Handling pod test-pod-4, locking app:app-brole:backend, app:app-brole:frontend, app:app-brole:database,  ...
New pod test-pod-5! old_node = None, new_node = worker-1.
Handling the new pod object: Pod(name=test-pod-5, label_set=LabelSet(labels={'app': 'app-b', 'role': 'database'}), node=Node(name=worker-1)
[126283370456768] Handling pod test-pod-5, locking app:app-brole:backend, app:app-brole:database,  ...
New pod test-pod-9! old_node = None, new_node = worker-1.
Handling the new pod object: Pod(name=test-pod-9, label_set=LabelSet(labels={'app': 'app-a', 'role': 'frontend'}), node=Node(name=worker-1)
[126283362064064] Handling pod test-pod-9, locking app:app-arole:frontend, app:app-arole:backend,  ...
New pod test-pod-7! old_node = None, new_node = worker-1.
Handling the new pod object: Pod(name=test-pod-7, label_set=LabelSet(labels={'app': 'app-c', 'role': 'backend'}), node=Node(name=worker-1)
[126283353671360] Handling pod test-pod-7, locking app:app-crole:frontend, app:app-crole:backend, app:app-crole:database,  ...
New pod: test-pod-7, on node: worker-1
New pod test-pod-6! old_node = None, new_node = worker-1.
Handling the new pod object: Pod(name=test-pod-6, label_set=LabelSet(labels={'app': 'app-c', 'role': 'frontend'}), node=Node(name=worker-1)
2025-07-31 08:56:49,118 [INFO] matcher - PLS: Configuring new pod with labelset: {L}
2025-07-31 08:56:49,118 [INFO] matcher - PLS: Configuring new spol Policy(name=app-c-allow-database-backend, sel=LabelSet(labels={'app': 'app-c', 'role': 'database'}), allow=[
(LabelSet(labels={'app': 'app-c', 'role': 'backend'}), Traffic(direction=egress, port=80, protocol=TCP)) 
])
2025-07-31 08:56:49,119 [INFO] matcher - PLS: Configuring new spol Policy(name=app-c-allow-frontend-backend, sel=LabelSet(labels={'app': 'app-c', 'role': 'frontend'}), allow=[
(LabelSet(labels={'app': 'app-c', 'role': 'backend'}), Traffic(direction=egress, port=80, protocol=TCP)) 
])
2025-07-31 08:56:49,119 [INFO] matcher - PLS: Configuring new spol Policy(name=app-c-allow-backend-database, sel=LabelSet(labels={'app': 'app-c', 'role': 'backend'}), allow=[
(LabelSet(labels={'app': 'app-c', 'role': 'database'}), Traffic(direction=egress, port=80, protocol=TCP)) 
])
2025-07-31 08:56:49,119 [INFO] matcher - Adding Security Group for select labelset: LabelSet(labels={'app': 'app-c', 'role': 'backend'})
2025-07-31 08:56:49,402 [INFO] root - Creating security group: SG-app:app-arole:frontend
2025-07-31 08:56:49,410 [INFO] root - Creating security group: SG-app:app-brole:frontend
2025-07-31 08:56:49,449 [INFO] root - Creating security group: SG-app:app-crole:backend
2025-07-31 08:56:49,942 [INFO] security_group_module - Attaching security group SG-app:app-arole:frontend to instance worker-1
2025-07-31 08:56:49,954 [INFO] security_group_module - Attaching security group SG-app:app-brole:frontend to instance worker-1
2025-07-31 08:56:50,082 [INFO] security_group_module - Attaching security group SG-app:app-crole:backend to instance worker-1
2025-07-31 08:56:50,406 [INFO] matcher - Adding Security Group for allow labelset: LabelSet(labels={'app': 'app-a', 'role': 'backend'})
2025-07-31 08:56:50,456 [INFO] root - Creating security group: SG-app:app-arole:backend
2025-07-31 08:56:50,525 [INFO] matcher - Adding Security Group for allow labelset: LabelSet(labels={'app': 'app-b', 'role': 'backend'})
2025-07-31 08:56:50,571 [INFO] matcher - Adding Security Group for allow labelset: LabelSet(labels={'app': 'app-c', 'role': 'database'})
2025-07-31 08:56:50,577 [INFO] root - Creating security group: SG-app:app-brole:backend
2025-07-31 08:56:50,625 [INFO] root - Creating security group: SG-app:app-crole:database
2025-07-31 08:56:50,640 [INFO] security_group_module - SGMod: Adding rule to SG-app:app-arole:frontend, remote SG-app:app-arole:backend, port 80, type ingress
2025-07-31 08:56:50,779 [INFO] matcher - PLS: Configuring new spol Policy(name=app-a-allow-backend-frontend, sel=LabelSet(labels={'app': 'app-a', 'role': 'backend'}), allow=[
(LabelSet(labels={'app': 'app-a', 'role': 'frontend'}), Traffic(direction=ingress, port=80, protocol=TCP)) 
])
2025-07-31 08:56:50,779 [INFO] matcher - PLS: Configuring new spol Policy(name=app-a-allow-backend-frontend, sel=LabelSet(labels={'app': 'app-a', 'role': 'backend'}), allow=[
(LabelSet(labels={'app': 'app-a', 'role': 'frontend'}), Traffic(direction=egress, port=80, protocol=TCP)) 
])
2025-07-31 08:56:50,779 [INFO] matcher - PLS: Configuring new spol Policy(name=app-a-allow-frontend-backend, sel=LabelSet(labels={'app': 'app-a', 'role': 'frontend'}), allow=[
(LabelSet(labels={'app': 'app-a', 'role': 'backend'}), Traffic(direction=egress, port=80, protocol=TCP)) 
])
2025-07-31 08:56:50,779 [INFO] matcher - Adding Security Group for select labelset: LabelSet(labels={'app': 'app-a', 'role': 'frontend'})
2025-07-31 08:56:50,779 [INFO] matcher - Adding Security Group for allow labelset: LabelSet(labels={'app': 'app-a', 'role': 'backend'})
2025-07-31 08:56:50,779 [INFO] security_group_module - SGMod: Adding rule to SG-app:app-arole:frontend, remote SG-app:app-arole:backend, port 80, type egress
2025-07-31 08:56:50,788 [INFO] security_group_module - SGMod: Adding rule to SG-app:app-brole:frontend, remote SG-app:app-brole:backend, port 80, type egress
2025-07-31 08:56:50,832 [INFO] security_group_module - SGMod: Adding rule to SG-app:app-crole:backend, remote SG-app:app-crole:database, port 80, type egress
2025-07-31 08:56:50,943 [INFO] matcher - PLS: Configuring new spol Policy(name=app-b-allow-frontend-backend, sel=LabelSet(labels={'app': 'app-b', 'role': 'frontend'}), allow=[
(LabelSet(labels={'app': 'app-b', 'role': 'backend'}), Traffic(direction=ingress, port=80, protocol=TCP)) 
])
2025-07-31 08:56:50,943 [INFO] matcher - Adding Security Group for select labelset: LabelSet(labels={'app': 'app-b', 'role': 'frontend'})
2025-07-31 08:56:50,943 [INFO] matcher - Adding Security Group for allow labelset: LabelSet(labels={'app': 'app-b', 'role': 'backend'})
2025-07-31 08:56:50,943 [INFO] security_group_module - SGMod: Adding rule to SG-app:app-brole:frontend, remote SG-app:app-brole:backend, port 80, type ingress
2025-07-31 08:56:50,954 [INFO] matcher - PLS: Configuring new spol Policy(name=app-c-allow-backend-database, sel=LabelSet(labels={'app': 'app-c', 'role': 'backend'}), allow=[
(LabelSet(labels={'app': 'app-c', 'role': 'database'}), Traffic(direction=ingress, port=80, protocol=TCP)) 
])
2025-07-31 08:56:50,954 [INFO] matcher - Adding Security Group for select labelset: LabelSet(labels={'app': 'app-c', 'role': 'backend'})
2025-07-31 08:56:50,954 [INFO] matcher - Adding Security Group for allow labelset: LabelSet(labels={'app': 'app-c', 'role': 'database'})
2025-07-31 08:56:50,954 [INFO] security_group_module - SGMod: Adding rule to SG-app:app-crole:backend, remote SG-app:app-crole:database, port 80, type ingress
2025-07-31 08:56:51,081 [INFO] matcher - PLS: Configuring new spol Policy(name=app-c-allow-frontend-backend, sel=LabelSet(labels={'app': 'app-c', 'role': 'frontend'}), allow=[
(LabelSet(labels={'app': 'app-c', 'role': 'backend'}), Traffic(direction=ingress, port=80, protocol=TCP)) 
])
2025-07-31 08:56:51,082 [INFO] matcher - PLS: Configuring new spol Policy(name=app-c-allow-backend-frontend, sel=LabelSet(labels={'app': 'app-c', 'role': 'backend'}), allow=[
(LabelSet(labels={'app': 'app-c', 'role': 'frontend'}), Traffic(direction=egress, port=80, protocol=TCP)) 
])
2025-07-31 08:56:51,083 [INFO] matcher - Adding Security Group for select labelset: LabelSet(labels={'app': 'app-c', 'role': 'backend'})
2025-07-31 08:56:51,083 [INFO] matcher - Adding Security Group for allow labelset: LabelSet(labels={'app': 'app-c', 'role': 'frontend'})
2025-07-31 08:56:51,145 [INFO] root - Creating security group: SG-app:app-crole:frontend
2025-07-31 08:56:51,202 [INFO] security_group_module - SG-app:app-arole:frontend already attached to worker-1
2025-07-31 08:56:51,207 [INFO] kopf.objects - Handler 'handle_new_pod/spec.nodeName' succeeded.
2025-07-31 08:56:51,209 [INFO] kopf.objects - Creation is processed: 1 succeeded; 0 failed.
2025-07-31 08:56:51,239 [INFO] matcher - PLS: Configuring new pod with labelset: {L}
2025-07-31 08:56:51,239 [INFO] matcher - PLS: Configuring new spol Policy(name=app-a-allow-frontend-backend, sel=LabelSet(labels={'app': 'app-a', 'role': 'frontend'}), allow=[
(LabelSet(labels={'app': 'app-a', 'role': 'backend'}), Traffic(direction=ingress, port=80, protocol=TCP)) 
])
2025-07-31 08:56:51,239 [INFO] matcher - Adding Security Group for select labelset: LabelSet(labels={'app': 'app-a', 'role': 'frontend'})
2025-07-31 08:56:51,239 [INFO] matcher - Adding Security Group for allow labelset: LabelSet(labels={'app': 'app-a', 'role': 'backend'})
2025-07-31 08:56:51,240 [INFO] security_group_module - SGMod: Adding rule to SG-app:app-arole:frontend, remote SG-app:app-arole:backend, port 80, type ingress
2025-07-31 08:56:51,352 [INFO] security_group_module - SGMod: Adding rule to SG-app:app-crole:backend, remote SG-app:app-crole:frontend, port 80, type egress
2025-07-31 08:56:51,360 [INFO] security_group_module - Cannot add rule to remotes: Security group rule already exists. Rule id is 3db184d2-4655-4dbd-91eb-13b779e63e90.
Neutron server returns request_ids: ['req-f1e3dab9-9a2c-4d53-beb7-538366f96421']
2025-07-31 08:56:51,360 [INFO] matcher - PLS: Configuring new spol Policy(name=app-a-allow-backend-frontend, sel=LabelSet(labels={'app': 'app-a', 'role': 'backend'}), allow=[
(LabelSet(labels={'app': 'app-a', 'role': 'frontend'}), Traffic(direction=ingress, port=80, protocol=TCP)) 
])
2025-07-31 08:56:51,360 [INFO] matcher - Adding Security Group for select labelset: LabelSet(labels={'app': 'app-a', 'role': 'backend'})
2025-07-31 08:56:51,360 [INFO] matcher - Adding Security Group for allow labelset: LabelSet(labels={'app': 'app-a', 'role': 'frontend'})
2025-07-31 08:56:51,361 [INFO] security_group_module - SGMod: Adding rule to SG-app:app-arole:backend, remote SG-app:app-arole:frontend, port 80, type ingress
2025-07-31 08:56:51,390 [INFO] security_group_module - SG-app:app-brole:frontend already attached to worker-1
2025-07-31 08:56:51,393 [INFO] kopf.objects - Handler 'handle_new_pod/spec.nodeName' succeeded.
2025-07-31 08:56:51,394 [INFO] kopf.objects - Creation is processed: 1 succeeded; 0 failed.
2025-07-31 08:56:51,428 [INFO] matcher - PLS: Configuring new pod with labelset: {L}
2025-07-31 08:56:51,428 [INFO] matcher - PLS: Configuring new spol Policy(name=app-b-allow-backend-database, sel=LabelSet(labels={'app': 'app-b', 'role': 'backend'}), allow=[
(LabelSet(labels={'app': 'app-b', 'role': 'database'}), Traffic(direction=egress, port=80, protocol=TCP)) 
])
2025-07-31 08:56:51,428 [INFO] matcher - Adding Security Group for select labelset: LabelSet(labels={'app': 'app-b', 'role': 'backend'})
2025-07-31 08:56:51,429 [INFO] matcher - Adding Security Group for allow labelset: LabelSet(labels={'app': 'app-b', 'role': 'database'})
2025-07-31 08:56:51,491 [INFO] matcher - PLS: Configuring new spol Policy(name=app-c-allow-database-backend, sel=LabelSet(labels={'app': 'app-c', 'role': 'database'}), allow=[
(LabelSet(labels={'app': 'app-c', 'role': 'backend'}), Traffic(direction=ingress, port=80, protocol=TCP)) 
])
2025-07-31 08:56:51,491 [INFO] matcher - PLS: Configuring new spol Policy(name=app-c-allow-backend-frontend, sel=LabelSet(labels={'app': 'app-c', 'role': 'backend'}), allow=[
(LabelSet(labels={'app': 'app-c', 'role': 'frontend'}), Traffic(direction=ingress, port=80, protocol=TCP)) 
])
2025-07-31 08:56:51,491 [INFO] matcher - Adding Security Group for select labelset: LabelSet(labels={'app': 'app-c', 'role': 'backend'})
2025-07-31 08:56:51,491 [INFO] matcher - Adding Security Group for allow labelset: LabelSet(labels={'app': 'app-c', 'role': 'frontend'})
2025-07-31 08:56:51,492 [INFO] security_group_module - SGMod: Adding rule to SG-app:app-crole:backend, remote SG-app:app-crole:frontend, port 80, type ingress
2025-07-31 08:56:51,503 [INFO] root - Creating security group: SG-app:app-brole:database
2025-07-31 08:56:51,547 [INFO] matcher - PLS: Configuring new spol Policy(name=app-a-allow-database-backend, sel=LabelSet(labels={'app': 'app-a', 'role': 'database'}), allow=[
(LabelSet(labels={'app': 'app-a', 'role': 'backend'}), Traffic(direction=ingress, port=80, protocol=TCP)) 
])
2025-07-31 08:56:51,549 [INFO] matcher - PLS: Configuring new spol Policy(name=app-a-allow-backend-frontend, sel=LabelSet(labels={'app': 'app-a', 'role': 'backend'}), allow=[
(LabelSet(labels={'app': 'app-a', 'role': 'frontend'}), Traffic(direction=egress, port=80, protocol=TCP)) 
])
2025-07-31 08:56:51,549 [INFO] matcher - Adding Security Group for select labelset: LabelSet(labels={'app': 'app-a', 'role': 'backend'})
2025-07-31 08:56:51,550 [INFO] matcher - Adding Security Group for allow labelset: LabelSet(labels={'app': 'app-a', 'role': 'frontend'})
2025-07-31 08:56:51,550 [INFO] security_group_module - SGMod: Adding rule to SG-app:app-arole:backend, remote SG-app:app-arole:frontend, port 80, type egress
2025-07-31 08:56:52,079 [INFO] matcher - PLS: Configuring new spol Policy(name=app-a-allow-backend-database, sel=LabelSet(labels={'app': 'app-a', 'role': 'backend'}), allow=[
(LabelSet(labels={'app': 'app-a', 'role': 'database'}), Traffic(direction=egress, port=80, protocol=TCP)) 
])
2025-07-31 08:56:52,079 [INFO] matcher - Adding Security Group for select labelset: LabelSet(labels={'app': 'app-a', 'role': 'backend'})
2025-07-31 08:56:52,079 [INFO] matcher - Adding Security Group for allow labelset: LabelSet(labels={'app': 'app-a', 'role': 'database'})
2025-07-31 08:56:52,098 [INFO] security_group_module - SGMod: Adding rule to SG-app:app-brole:backend, remote SG-app:app-brole:database, port 80, type egress
2025-07-31 08:56:52,144 [INFO] root - Creating security group: SG-app:app-arole:database
2025-07-31 08:56:52,237 [INFO] matcher - PLS: Configuring new spol Policy(name=app-b-allow-frontend-backend, sel=LabelSet(labels={'app': 'app-b', 'role': 'frontend'}), allow=[
(LabelSet(labels={'app': 'app-b', 'role': 'backend'}), Traffic(direction=ingress, port=80, protocol=TCP)) 
])
2025-07-31 08:56:52,237 [INFO] matcher - Adding Security Group for select labelset: LabelSet(labels={'app': 'app-b', 'role': 'frontend'})
2025-07-31 08:56:52,238 [INFO] matcher - Adding Security Group for allow labelset: LabelSet(labels={'app': 'app-b', 'role': 'backend'})
2025-07-31 08:56:52,239 [INFO] security_group_module - SGMod: Adding rule to SG-app:app-brole:frontend, remote SG-app:app-brole:backend, port 80, type ingress
2025-07-31 08:56:52,266 [INFO] security_group_module - SG-app:app-crole:backend already attached to worker-1
2025-07-31 08:56:52,269 [INFO] kopf.objects - Handler 'handle_new_pod/spec.nodeName' succeeded.
2025-07-31 08:56:52,270 [INFO] kopf.objects - Creation is processed: 1 succeeded; 0 failed.
2025-07-31 08:56:52,315 [INFO] matcher - PLS: Configuring new pod with labelset: {L}
2025-07-31 08:56:52,316 [INFO] matcher - PLS: Configuring new spol Policy(name=app-c-allow-backend-frontend, sel=LabelSet(labels={'app': 'app-c', 'role': 'backend'}), allow=[
(LabelSet(labels={'app': 'app-c', 'role': 'frontend'}), Traffic(direction=egress, port=80, protocol=TCP)) 
])
2025-07-31 08:56:52,316 [INFO] matcher - Adding Security Group for select labelset: LabelSet(labels={'app': 'app-c', 'role': 'backend'})
2025-07-31 08:56:52,317 [INFO] matcher - Adding Security Group for allow labelset: LabelSet(labels={'app': 'app-c', 'role': 'frontend'})
2025-07-31 08:56:52,317 [INFO] security_group_module - SGMod: Adding rule to SG-app:app-crole:backend, remote SG-app:app-crole:frontend, port 80, type egress
2025-07-31 08:56:52,508 [INFO] security_group_module - Cannot add rule to remotes: Security group rule already exists. Rule id is 52657921-327e-4676-9d87-2ad322382937.
Neutron server returns request_ids: ['req-bf5aa17e-f156-4585-886e-6b68346c4148']
2025-07-31 08:56:52,508 [INFO] matcher - PLS: Configuring new spol Policy(name=app-b-allow-database-backend, sel=LabelSet(labels={'app': 'app-b', 'role': 'database'}), allow=[
(LabelSet(labels={'app': 'app-b', 'role': 'backend'}), Traffic(direction=ingress, port=80, protocol=TCP)) 
])
2025-07-31 08:56:52,511 [INFO] matcher - PLS: Configuring new spol Policy(name=app-b-allow-backend-database, sel=LabelSet(labels={'app': 'app-b', 'role': 'backend'}), allow=[
(LabelSet(labels={'app': 'app-b', 'role': 'database'}), Traffic(direction=ingress, port=80, protocol=TCP)) 
])
2025-07-31 08:56:52,511 [INFO] matcher - Adding Security Group for select labelset: LabelSet(labels={'app': 'app-b', 'role': 'backend'})
2025-07-31 08:56:52,514 [INFO] matcher - Adding Security Group for allow labelset: LabelSet(labels={'app': 'app-b', 'role': 'database'})
2025-07-31 08:56:52,514 [INFO] security_group_module - SGMod: Adding rule to SG-app:app-brole:backend, remote SG-app:app-brole:database, port 80, type ingress
2025-07-31 08:56:52,528 [INFO] security_group_module - Cannot add rule to remotes: Security group rule already exists. Rule id is fc9fa6c7-e8b1-421e-9e2f-79255730ec64.
Neutron server returns request_ids: ['req-73ceef9a-da29-4f60-98ff-6481d4426a4a']
2025-07-31 08:56:52,528 [INFO] matcher - PLS: Configuring new spol Policy(name=app-c-allow-backend-frontend, sel=LabelSet(labels={'app': 'app-c', 'role': 'backend'}), allow=[
(LabelSet(labels={'app': 'app-c', 'role': 'frontend'}), Traffic(direction=ingress, port=80, protocol=TCP)) 
])
2025-07-31 08:56:52,528 [INFO] matcher - Adding Security Group for select labelset: LabelSet(labels={'app': 'app-c', 'role': 'backend'})
2025-07-31 08:56:52,528 [INFO] matcher - Adding Security Group for allow labelset: LabelSet(labels={'app': 'app-c', 'role': 'frontend'})
2025-07-31 08:56:52,528 [INFO] security_group_module - SGMod: Adding rule to SG-app:app-crole:backend, remote SG-app:app-crole:frontend, port 80, type ingress
2025-07-31 08:56:52,535 [INFO] security_group_module - SGMod: Adding rule to SG-app:app-arole:backend, remote SG-app:app-arole:database, port 80, type egress
2025-07-31 08:56:52,649 [INFO] matcher - PLS: Configuring new spol Policy(name=app-b-allow-backend-frontend, sel=LabelSet(labels={'app': 'app-b', 'role': 'backend'}), allow=[
(LabelSet(labels={'app': 'app-b', 'role': 'frontend'}), Traffic(direction=egress, port=80, protocol=TCP)) 
])
2025-07-31 08:56:52,649 [INFO] matcher - Adding Security Group for select labelset: LabelSet(labels={'app': 'app-b', 'role': 'backend'})
2025-07-31 08:56:52,649 [INFO] matcher - Adding Security Group for allow labelset: LabelSet(labels={'app': 'app-b', 'role': 'frontend'})
2025-07-31 08:56:52,650 [INFO] security_group_module - SGMod: Adding rule to SG-app:app-brole:backend, remote SG-app:app-brole:frontend, port 80, type egress
2025-07-31 08:56:52,672 [INFO] security_group_module - Cannot add rule to remotes: Security group rule already exists. Rule id is 9520648b-817b-47a7-8c16-c563d34c97df.
Neutron server returns request_ids: ['req-f79eaed5-d6be-42b1-903f-c93bbcf23065']
2025-07-31 08:56:52,674 [INFO] matcher - PLS: Configuring new spol Policy(name=app-c-allow-frontend-backend, sel=LabelSet(labels={'app': 'app-c', 'role': 'frontend'}), allow=[
(LabelSet(labels={'app': 'app-c', 'role': 'backend'}), Traffic(direction=egress, port=80, protocol=TCP)) 
])
2025-07-31 08:56:52,675 [INFO] matcher - Adding Security Group for select labelset: LabelSet(labels={'app': 'app-c', 'role': 'frontend'})
2025-07-31 08:56:52,676 [INFO] matcher - Adding Security Group for allow labelset: LabelSet(labels={'app': 'app-c', 'role': 'backend'})
2025-07-31 08:56:52,678 [INFO] security_group_module - SGMod: Adding rule to SG-app:app-crole:frontend, remote SG-app:app-crole:backend, port 80, type egress
2025-07-31 08:56:52,685 [INFO] matcher - PLS: Configuring new spol Policy(name=app-a-allow-backend-database, sel=LabelSet(labels={'app': 'app-a', 'role': 'backend'}), allow=[
(LabelSet(labels={'app': 'app-a', 'role': 'database'}), Traffic(direction=ingress, port=80, protocol=TCP)) 
])
2025-07-31 08:56:52,685 [INFO] matcher - Adding Security Group for select labelset: LabelSet(labels={'app': 'app-a', 'role': 'backend'})
2025-07-31 08:56:52,685 [INFO] matcher - Adding Security Group for allow labelset: LabelSet(labels={'app': 'app-a', 'role': 'database'})
2025-07-31 08:56:52,685 [INFO] security_group_module - SGMod: Adding rule to SG-app:app-arole:backend, remote SG-app:app-arole:database, port 80, type ingress
2025-07-31 08:56:52,786 [INFO] matcher - PLS: Configuring new spol Policy(name=app-b-allow-backend-frontend, sel=LabelSet(labels={'app': 'app-b', 'role': 'backend'}), allow=[
(LabelSet(labels={'app': 'app-b', 'role': 'frontend'}), Traffic(direction=ingress, port=80, protocol=TCP)) 
])
2025-07-31 08:56:52,787 [INFO] matcher - Adding Security Group for select labelset: LabelSet(labels={'app': 'app-b', 'role': 'backend'})
2025-07-31 08:56:52,787 [INFO] matcher - Adding Security Group for allow labelset: LabelSet(labels={'app': 'app-b', 'role': 'frontend'})
2025-07-31 08:56:52,787 [INFO] security_group_module - SGMod: Adding rule to SG-app:app-brole:backend, remote SG-app:app-brole:frontend, port 80, type ingress
2025-07-31 08:56:52,986 [INFO] matcher - PLS: Configuring new spol Policy(name=app-a-allow-frontend-backend, sel=LabelSet(labels={'app': 'app-a', 'role': 'frontend'}), allow=[
(LabelSet(labels={'app': 'app-a', 'role': 'backend'}), Traffic(direction=egress, port=80, protocol=TCP)) 
])
2025-07-31 08:56:52,986 [INFO] matcher - Adding Security Group for select labelset: LabelSet(labels={'app': 'app-a', 'role': 'frontend'})
2025-07-31 08:56:52,988 [INFO] matcher - Adding Security Group for allow labelset: LabelSet(labels={'app': 'app-a', 'role': 'backend'})
2025-07-31 08:56:52,989 [INFO] security_group_module - SGMod: Adding rule to SG-app:app-arole:frontend, remote SG-app:app-arole:backend, port 80, type egress
2025-07-31 08:56:52,997 [INFO] matcher - PLS: Configuring new spol Policy(name=app-c-allow-frontend-backend, sel=LabelSet(labels={'app': 'app-c', 'role': 'frontend'}), allow=[
(LabelSet(labels={'app': 'app-c', 'role': 'backend'}), Traffic(direction=ingress, port=80, protocol=TCP)) 
])
2025-07-31 08:56:52,998 [INFO] matcher - Adding Security Group for select labelset: LabelSet(labels={'app': 'app-c', 'role': 'frontend'})
2025-07-31 08:56:52,998 [INFO] matcher - Adding Security Group for allow labelset: LabelSet(labels={'app': 'app-c', 'role': 'backend'})
2025-07-31 08:56:52,998 [INFO] security_group_module - SGMod: Adding rule to SG-app:app-crole:frontend, remote SG-app:app-crole:backend, port 80, type ingress
2025-07-31 08:56:53,056 [INFO] matcher - PLS: Configuring new spol Policy(name=app-b-allow-database-backend, sel=LabelSet(labels={'app': 'app-b', 'role': 'database'}), allow=[
(LabelSet(labels={'app': 'app-b', 'role': 'backend'}), Traffic(direction=egress, port=80, protocol=TCP)) 
])
2025-07-31 08:56:53,056 [INFO] matcher - PLS: Configuring new spol Policy(name=app-b-allow-frontend-backend, sel=LabelSet(labels={'app': 'app-b', 'role': 'frontend'}), allow=[
(LabelSet(labels={'app': 'app-b', 'role': 'backend'}), Traffic(direction=egress, port=80, protocol=TCP)) 
])
2025-07-31 08:56:53,056 [INFO] matcher - Adding Security Group for select labelset: LabelSet(labels={'app': 'app-b', 'role': 'frontend'})
2025-07-31 08:56:53,057 [INFO] matcher - Adding Security Group for allow labelset: LabelSet(labels={'app': 'app-b', 'role': 'backend'})
2025-07-31 08:56:53,057 [INFO] security_group_module - SGMod: Adding rule to SG-app:app-brole:frontend, remote SG-app:app-brole:backend, port 80, type egress
2025-07-31 08:56:53,103 [INFO] security_group_module - Cannot add rule to remotes: Security group rule already exists. Rule id is 7594216e-cb27-4762-882b-c72a042e98de.
Neutron server returns request_ids: ['req-26d39b3e-8482-413f-8252-313e2491530e']
2025-07-31 08:56:53,103 [INFO] matcher - PLS: Configuring new spol Policy(name=app-a-allow-database-backend, sel=LabelSet(labels={'app': 'app-a', 'role': 'database'}), allow=[
(LabelSet(labels={'app': 'app-a', 'role': 'backend'}), Traffic(direction=egress, port=80, protocol=TCP)) 
])
2025-07-31 08:56:53,152 [INFO] security_group_module - Cannot add rule to remotes: Security group rule already exists. Rule id is 717cc664-75ee-4787-981b-c4ef7e769bff.
Neutron server returns request_ids: ['req-e72e6cef-7ebb-415f-936a-2497c5329849']
2025-07-31 08:56:53,473 [INFO] security_group_module - Attaching security group SG-app:app-brole:backend to instance worker-1
2025-07-31 08:56:53,488 [INFO] security_group_module - Attaching security group SG-app:app-crole:frontend to instance worker-1
2025-07-31 08:56:53,609 [INFO] security_group_module - Attaching security group SG-app:app-arole:backend to instance worker-1
2025-07-31 08:56:53,876 [INFO] kopf.objects - Handler 'handle_new_pod/spec.nodeName' succeeded.
2025-07-31 08:56:53,877 [INFO] kopf.objects - Creation is processed: 1 succeeded; 0 failed.
2025-07-31 08:56:53,924 [INFO] matcher - PLS: Configuring new pod with labelset: {L}
2025-07-31 08:56:53,924 [INFO] matcher - PLS: Configuring new spol Policy(name=app-b-allow-database-backend, sel=LabelSet(labels={'app': 'app-b', 'role': 'database'}), allow=[
(LabelSet(labels={'app': 'app-b', 'role': 'backend'}), Traffic(direction=egress, port=80, protocol=TCP)) 
])
2025-07-31 08:56:53,924 [INFO] matcher - Adding Security Group for select labelset: LabelSet(labels={'app': 'app-b', 'role': 'database'})
2025-07-31 08:56:53,924 [INFO] matcher - Adding Security Group for allow labelset: LabelSet(labels={'app': 'app-b', 'role': 'backend'})
2025-07-31 08:56:53,925 [INFO] security_group_module - SGMod: Adding rule to SG-app:app-brole:database, remote SG-app:app-brole:backend, port 80, type egress
2025-07-31 08:56:54,037 [INFO] matcher - PLS: Configuring new spol Policy(name=app-b-allow-database-backend, sel=LabelSet(labels={'app': 'app-b', 'role': 'database'}), allow=[
(LabelSet(labels={'app': 'app-b', 'role': 'backend'}), Traffic(direction=ingress, port=80, protocol=TCP)) 
])
2025-07-31 08:56:54,037 [INFO] matcher - Adding Security Group for select labelset: LabelSet(labels={'app': 'app-b', 'role': 'database'})
2025-07-31 08:56:54,038 [INFO] matcher - Adding Security Group for allow labelset: LabelSet(labels={'app': 'app-b', 'role': 'backend'})
2025-07-31 08:56:54,038 [INFO] security_group_module - SGMod: Adding rule to SG-app:app-brole:database, remote SG-app:app-brole:backend, port 80, type ingress
2025-07-31 08:56:54,052 [INFO] kopf.objects - Handler 'handle_new_pod/spec.nodeName' succeeded.
2025-07-31 08:56:54,053 [INFO] kopf.objects - Creation is processed: 1 succeeded; 0 failed.
2025-07-31 08:56:54,089 [INFO] matcher - PLS: Configuring new pod with labelset: {L}
2025-07-31 08:56:54,090 [INFO] matcher - PLS: Configuring new spol Policy(name=app-a-allow-backend-database, sel=LabelSet(labels={'app': 'app-a', 'role': 'backend'}), allow=[
(LabelSet(labels={'app': 'app-a', 'role': 'database'}), Traffic(direction=egress, port=80, protocol=TCP)) 
])
2025-07-31 08:56:54,090 [INFO] matcher - Adding Security Group for select labelset: LabelSet(labels={'app': 'app-a', 'role': 'backend'})
2025-07-31 08:56:54,090 [INFO] matcher - Adding Security Group for allow labelset: LabelSet(labels={'app': 'app-a', 'role': 'database'})
2025-07-31 08:56:54,090 [INFO] security_group_module - SGMod: Adding rule to SG-app:app-arole:backend, remote SG-app:app-arole:database, port 80, type egress
2025-07-31 08:56:54,150 [INFO] matcher - PLS: Configuring new spol Policy(name=app-b-allow-backend-database, sel=LabelSet(labels={'app': 'app-b', 'role': 'backend'}), allow=[
(LabelSet(labels={'app': 'app-b', 'role': 'database'}), Traffic(direction=egress, port=80, protocol=TCP)) 
])
2025-07-31 08:56:54,150 [INFO] matcher - Adding Security Group for select labelset: LabelSet(labels={'app': 'app-b', 'role': 'backend'})
2025-07-31 08:56:54,150 [INFO] matcher - Adding Security Group for allow labelset: LabelSet(labels={'app': 'app-b', 'role': 'database'})
2025-07-31 08:56:54,150 [INFO] security_group_module - SGMod: Adding rule to SG-app:app-brole:backend, remote SG-app:app-brole:database, port 80, type egress
2025-07-31 08:56:54,166 [INFO] kopf.objects - Handler 'handle_new_pod/spec.nodeName' succeeded.
2025-07-31 08:56:54,167 [INFO] kopf.objects - Creation is processed: 1 succeeded; 0 failed.
2025-07-31 08:56:54,190 [INFO] matcher - PLS: Configuring new pod with labelset: {L}
2025-07-31 08:56:54,191 [INFO] matcher - PLS: Configuring new spol Policy(name=app-c-allow-database-backend, sel=LabelSet(labels={'app': 'app-c', 'role': 'database'}), allow=[
(LabelSet(labels={'app': 'app-c', 'role': 'backend'}), Traffic(direction=egress, port=80, protocol=TCP)) 
])
2025-07-31 08:56:54,191 [INFO] matcher - Adding Security Group for select labelset: LabelSet(labels={'app': 'app-c', 'role': 'database'})
2025-07-31 08:56:54,191 [INFO] matcher - Adding Security Group for allow labelset: LabelSet(labels={'app': 'app-c', 'role': 'backend'})
2025-07-31 08:56:54,192 [INFO] security_group_module - SGMod: Adding rule to SG-app:app-crole:database, remote SG-app:app-crole:backend, port 80, type egress
2025-07-31 08:56:54,226 [INFO] security_group_module - Cannot add rule to remotes: Security group rule already exists. Rule id is d80174e3-3909-4799-8c5f-6614673b4609.
Neutron server returns request_ids: ['req-de06d2b2-5e03-40ac-87ba-e94201fc7693']
2025-07-31 08:56:54,226 [INFO] matcher - PLS: Configuring new spol Policy(name=app-a-allow-backend-database, sel=LabelSet(labels={'app': 'app-a', 'role': 'backend'}), allow=[
(LabelSet(labels={'app': 'app-a', 'role': 'database'}), Traffic(direction=ingress, port=80, protocol=TCP)) 
])
2025-07-31 08:56:54,226 [INFO] matcher - Adding Security Group for select labelset: LabelSet(labels={'app': 'app-a', 'role': 'backend'})
2025-07-31 08:56:54,227 [INFO] matcher - Adding Security Group for allow labelset: LabelSet(labels={'app': 'app-a', 'role': 'database'})
2025-07-31 08:56:54,227 [INFO] security_group_module - SGMod: Adding rule to SG-app:app-arole:backend, remote SG-app:app-arole:database, port 80, type ingress
2025-07-31 08:56:54,238 [INFO] security_group_module - Cannot add rule to remotes: Security group rule already exists. Rule id is 941e5746-9414-4df3-a2aa-0d75adecbbf2.
Neutron server returns request_ids: ['req-15a21926-c6a7-4155-bbc0-1a397c74d61b']
2025-07-31 08:56:54,239 [INFO] matcher - PLS: Configuring new spol Policy(name=app-b-allow-backend-database, sel=LabelSet(labels={'app': 'app-b', 'role': 'backend'}), allow=[
(LabelSet(labels={'app': 'app-b', 'role': 'database'}), Traffic(direction=ingress, port=80, protocol=TCP)) 
])
2025-07-31 08:56:54,239 [INFO] matcher - Adding Security Group for select labelset: LabelSet(labels={'app': 'app-b', 'role': 'backend'})
2025-07-31 08:56:54,239 [INFO] matcher - Adding Security Group for allow labelset: LabelSet(labels={'app': 'app-b', 'role': 'database'})
2025-07-31 08:56:54,239 [INFO] security_group_module - SGMod: Adding rule to SG-app:app-brole:backend, remote SG-app:app-brole:database, port 80, type ingress
2025-07-31 08:56:54,314 [INFO] security_group_module - Cannot add rule to remotes: Security group rule already exists. Rule id is 2ab59113-fced-4568-accc-f93f22906680.
Neutron server returns request_ids: ['req-10f9d914-89fd-4861-9812-90438ea01387']
2025-07-31 08:56:54,314 [INFO] matcher - PLS: Configuring new spol Policy(name=app-a-allow-database-backend, sel=LabelSet(labels={'app': 'app-a', 'role': 'database'}), allow=[
(LabelSet(labels={'app': 'app-a', 'role': 'backend'}), Traffic(direction=egress, port=80, protocol=TCP)) 
])
2025-07-31 08:56:54,314 [INFO] matcher - Adding Security Group for select labelset: LabelSet(labels={'app': 'app-a', 'role': 'database'})
2025-07-31 08:56:54,314 [INFO] matcher - Adding Security Group for allow labelset: LabelSet(labels={'app': 'app-a', 'role': 'backend'})
2025-07-31 08:56:54,315 [INFO] security_group_module - SGMod: Adding rule to SG-app:app-arole:database, remote SG-app:app-arole:backend, port 80, type egress
2025-07-31 08:56:54,366 [INFO] matcher - PLS: Configuring new spol Policy(name=app-c-allow-database-backend, sel=LabelSet(labels={'app': 'app-c', 'role': 'database'}), allow=[
(LabelSet(labels={'app': 'app-c', 'role': 'backend'}), Traffic(direction=ingress, port=80, protocol=TCP)) 
])
2025-07-31 08:56:54,367 [INFO] matcher - Adding Security Group for select labelset: LabelSet(labels={'app': 'app-c', 'role': 'database'})
2025-07-31 08:56:54,367 [INFO] matcher - Adding Security Group for allow labelset: LabelSet(labels={'app': 'app-c', 'role': 'backend'})
2025-07-31 08:56:54,367 [INFO] security_group_module - SGMod: Adding rule to SG-app:app-crole:database, remote SG-app:app-crole:backend, port 80, type ingress
2025-07-31 08:56:54,438 [INFO] matcher - PLS: Configuring new spol Policy(name=app-a-allow-database-backend, sel=LabelSet(labels={'app': 'app-a', 'role': 'database'}), allow=[
(LabelSet(labels={'app': 'app-a', 'role': 'backend'}), Traffic(direction=ingress, port=80, protocol=TCP)) 
])
2025-07-31 08:56:54,438 [INFO] matcher - Adding Security Group for select labelset: LabelSet(labels={'app': 'app-a', 'role': 'database'})
2025-07-31 08:56:54,438 [INFO] matcher - Adding Security Group for allow labelset: LabelSet(labels={'app': 'app-a', 'role': 'backend'})
2025-07-31 08:56:54,438 [INFO] security_group_module - SGMod: Adding rule to SG-app:app-arole:database, remote SG-app:app-arole:backend, port 80, type ingress
2025-07-31 08:56:54,492 [INFO] matcher - PLS: Configuring new spol Policy(name=app-c-allow-backend-database, sel=LabelSet(labels={'app': 'app-c', 'role': 'backend'}), allow=[
(LabelSet(labels={'app': 'app-c', 'role': 'database'}), Traffic(direction=ingress, port=80, protocol=TCP)) 
])
2025-07-31 08:56:54,492 [INFO] matcher - Adding Security Group for select labelset: LabelSet(labels={'app': 'app-c', 'role': 'backend'})
2025-07-31 08:56:54,492 [INFO] matcher - Adding Security Group for allow labelset: LabelSet(labels={'app': 'app-c', 'role': 'database'})
2025-07-31 08:56:54,493 [INFO] security_group_module - SGMod: Adding rule to SG-app:app-crole:backend, remote SG-app:app-crole:database, port 80, type ingress
2025-07-31 08:56:54,516 [INFO] security_group_module - Cannot add rule to remotes: Security group rule already exists. Rule id is ae7986dc-7ed3-40ab-bda4-6cea6c14e651.
Neutron server returns request_ids: ['req-c831b491-1242-49dd-b7ce-4c9f5db172b0']
2025-07-31 08:56:54,590 [INFO] security_group_module - Cannot add rule to remotes: Security group rule already exists. Rule id is 22ab2b2f-378e-49f1-851a-e5feb2d7484b.
Neutron server returns request_ids: ['req-20025b66-fbab-48f9-aff1-7b5df6fa5df4']
2025-07-31 08:56:54,590 [INFO] matcher - PLS: Configuring new spol Policy(name=app-c-allow-backend-database, sel=LabelSet(labels={'app': 'app-c', 'role': 'backend'}), allow=[
(LabelSet(labels={'app': 'app-c', 'role': 'database'}), Traffic(direction=egress, port=80, protocol=TCP)) 
])
2025-07-31 08:56:54,591 [INFO] matcher - Adding Security Group for select labelset: LabelSet(labels={'app': 'app-c', 'role': 'backend'})
2025-07-31 08:56:54,591 [INFO] matcher - Adding Security Group for allow labelset: LabelSet(labels={'app': 'app-c', 'role': 'database'})
2025-07-31 08:56:54,591 [INFO] security_group_module - SGMod: Adding rule to SG-app:app-crole:backend, remote SG-app:app-crole:database, port 80, type egress
2025-07-31 08:56:54,702 [INFO] security_group_module - Cannot add rule to remotes: Security group rule already exists. Rule id is fbc8c907-cecf-4adb-ae54-179777f4481c.
Neutron server returns request_ids: ['req-4c69ebab-8a17-4615-ab72-72df30744fd6']
2025-07-31 08:56:54,876 [INFO] security_group_module - Attaching security group SG-app:app-brole:database to instance worker-1
2025-07-31 08:56:55,244 [INFO] security_group_module - Attaching security group SG-app:app-arole:database to instance worker-1
2025-07-31 08:56:55,345 [INFO] security_group_module - Attaching security group SG-app:app-crole:database to instance worker-1
2025-07-31 08:56:55,595 [INFO] kopf.objects - Handler 'handle_new_pod/spec.nodeName' succeeded.
2025-07-31 08:56:55,596 [INFO] kopf.objects - Creation is processed: 1 succeeded; 0 failed.
2025-07-31 08:56:55,609 [INFO] kopf.objects - Handler 'handle_new_pod/spec.nodeName' succeeded.
2025-07-31 08:56:55,610 [INFO] kopf.objects - Creation is processed: 1 succeeded; 0 failed.
2025-07-31 08:56:55,633 [INFO] kopf.objects - Handler 'handle_new_pod/spec.nodeName' succeeded.
2025-07-31 08:56:55,634 [INFO] kopf.objects - Creation is processed: 1 succeeded; 0 failed.
[126283345278656] Handling pod test-pod-6, locking app:app-crole:frontend, app:app-crole:backend,  ...
New pod test-pod-12! old_node = None, new_node = worker-1.
Handling the new pod object: Pod(name=test-pod-12, label_set=LabelSet(labels={'app': 'app-b', 'role': 'frontend'}), node=Node(name=worker-1)
[126283336885952] Handling pod test-pod-12, locking app:app-brole:frontend, app:app-brole:backend,  ...
New pod test-pod-8! old_node = None, new_node = worker-1.
Handling the new pod object: Pod(name=test-pod-8, label_set=LabelSet(labels={'app': 'app-c', 'role': 'database'}), node=Node(name=worker-1)
[126283328493248] Handling pod test-pod-8, locking app:app-crole:backend, app:app-crole:database,  ...
New pod test-pod-14! old_node = None, new_node = worker-1.
Handling the new pod object: Pod(name=test-pod-14, label_set=LabelSet(labels={'app': 'app-b', 'role': 'database'}), node=Node(name=worker-1)
[126282775918272] Handling pod test-pod-14, locking app:app-brole:backend, app:app-brole:database,  ...
New pod test-pod-10! old_node = None, new_node = worker-1.
Handling the new pod object: Pod(name=test-pod-10, label_set=LabelSet(labels={'app': 'app-a', 'role': 'backend'}), node=Node(name=worker-1)
[126282767525568] Handling pod test-pod-10, locking app:app-arole:frontend, app:app-arole:backend, app:app-arole:database,  ...
New pod test-pod-13! old_node = None, new_node = worker-1.
Handling the new pod object: Pod(name=test-pod-13, label_set=LabelSet(labels={'app': 'app-b', 'role': 'backend'}), node=Node(name=worker-1)
[126282759132864] Handling pod test-pod-13, locking app:app-brole:backend, app:app-brole:frontend, app:app-brole:database,  ...
New pod test-pod-11! old_node = None, new_node = worker-1.
Handling the new pod object: Pod(name=test-pod-11, label_set=LabelSet(labels={'app': 'app-a', 'role': 'database'}), node=Node(name=worker-1)
[126282750740160] Handling pod test-pod-11, locking app:app-arole:database, app:app-arole:backend,  ...
New pod test-pod-15! old_node = None, new_node = worker-1.
Handling the new pod object: Pod(name=test-pod-15, label_set=LabelSet(labels={'app': 'app-c', 'role': 'frontend'}), node=Node(name=worker-1)
[126282742347456] Handling pod test-pod-15, locking app:app-crole:frontend, app:app-crole:backend,  ...
New pod test-pod-17! old_node = None, new_node = worker-1.
Handling the new pod object: Pod(name=test-pod-17, label_set=LabelSet(labels={'app': 'app-c', 'role': 'database'}), node=Node(name=worker-1)
[126282733954752] Handling pod test-pod-17, locking app:app-crole:backend, app:app-crole:database,  ...
New pod test-pod-19! old_node = None, new_node = worker-1.
Handling the new pod object: Pod(name=test-pod-19, label_set=LabelSet(labels={'app': 'app-a', 'role': 'backend'}), node=Node(name=worker-1)
[126282725562048] Handling pod test-pod-19, locking app:app-arole:frontend, app:app-arole:backend, app:app-arole:database,  ...
New pod test-pod-16! old_node = None, new_node = worker-1.
Handling the new pod object: Pod(name=test-pod-16, label_set=LabelSet(labels={'app': 'app-c', 'role': 'backend'}), node=Node(name=worker-1)
[126282239047360] Handling pod test-pod-16, locking app:app-crole:frontend, app:app-crole:backend, app:app-crole:database,  ...
New pod test-pod-21! old_node = None, new_node = worker-1.
Handling the new pod object: Pod(name=test-pod-21, label_set=LabelSet(labels={'app': 'app-b', 'role': 'frontend'}), node=Node(name=worker-1)
[126282230654656] Handling pod test-pod-21, locking app:app-brole:frontend, app:app-brole:backend,  ...
[126283611117248] Pod test-pod-0 handled. Released locks for: app:app-arole:frontend, app:app-arole:backend, 
New pod: test-pod-1, on node: worker-1
New pod test-pod-20! old_node = None, new_node = worker-1.
Handling the new pod object: Pod(name=test-pod-20, label_set=LabelSet(labels={'app': 'app-a', 'role': 'database'}), node=Node(name=worker-1)
[126283611117248] Handling pod test-pod-20, locking app:app-arole:database, app:app-arole:backend,  ...
[126283591186112] Pod test-pod-3 handled. Released locks for: app:app-brole:frontend, app:app-brole:backend, 
New pod test-pod-22! old_node = None, new_node = worker-1.
Handling the new pod object: Pod(name=test-pod-22, label_set=LabelSet(labels={'app': 'app-b', 'role': 'backend'}), node=Node(name=worker-1)
[126283591186112] Handling pod test-pod-22, locking app:app-brole:backend, app:app-brole:frontend, app:app-brole:database,  ...
New pod: test-pod-4, on node: worker-1
[126283353671360] Pod test-pod-7 handled. Released locks for: app:app-crole:frontend, app:app-crole:backend, app:app-crole:database, 
New pod test-pod-18! old_node = None, new_node = worker-1.
Handling the new pod object: Pod(name=test-pod-18, label_set=LabelSet(labels={'app': 'app-a', 'role': 'frontend'}), node=Node(name=worker-1)
[126283353671360] Handling pod test-pod-18, locking app:app-arole:frontend, app:app-arole:backend,  ...
New pod: test-pod-6, on node: worker-1
[126283378849472] Pod test-pod-4 handled. Released locks for: app:app-brole:backend, app:app-brole:frontend, app:app-brole:database, 
New pod: test-pod-5, on node: worker-1
New pod test-pod-24! old_node = None, new_node = worker-1.
Handling the new pod object: Pod(name=test-pod-24, label_set=LabelSet(labels={'app': 'app-c', 'role': 'frontend'}), node=Node(name=worker-1)
[126283378849472] Handling pod test-pod-24, locking app:app-crole:frontend, app:app-crole:backend,  ...
[126283599578816] Pod test-pod-1 handled. Released locks for: app:app-arole:frontend, app:app-arole:backend, app:app-arole:database, 
New pod test-pod-25! old_node = None, new_node = worker-1.
Handling the new pod object: Pod(name=test-pod-25, label_set=LabelSet(labels={'app': 'app-c', 'role': 'backend'}), node=Node(name=worker-1)
[126283599578816] Handling pod test-pod-25, locking app:app-crole:frontend, app:app-crole:backend, app:app-crole:database,  ...
New pod: test-pod-2, on node: worker-1
[126283345278656] Pod test-pod-6 handled. Released locks for: app:app-crole:frontend, app:app-crole:backend, 
New pod: test-pod-8, on node: worker-1
New pod test-pod-27! old_node = None, new_node = worker-1.
Handling the new pod object: Pod(name=test-pod-27, label_set=LabelSet(labels={'app': 'app-a', 'role': 'frontend'}), node=Node(name=worker-1)
[126283345278656] Handling pod test-pod-27, locking app:app-arole:frontend, app:app-arole:backend,  ...
[126283370456768] Pod test-pod-5 handled. Released locks for: app:app-brole:backend, app:app-brole:database, 
New pod test-pod-28! old_node = None, new_node = worker-1.
Handling the new pod object: Pod(name=test-pod-28, label_set=LabelSet(labels={'app': 'app-a', 'role': 'backend'}), node=Node(name=worker-1)
[126283370456768] Handling pod test-pod-28, locking app:app-arole:frontend, app:app-arole:backend, app:app-arole:database,  ...
New pod: test-pod-12, on node: worker-1
[126283336885952] Pod test-pod-12 handled. Released locks for: app:app-brole:frontend, app:app-brole:backend, 
New pod test-pod-23! old_node = None, new_node = worker-1.
Handling the new pod object: Pod(name=test-pod-23, label_set=LabelSet(labels={'app': 'app-b', 'role': 'database'}), node=Node(name=worker-1)
[126283336885952] Handling pod test-pod-23, locking app:app-brole:backend, app:app-brole:database,  ...
New pod: test-pod-14, on node: worker-1
[126282775918272] Pod test-pod-14 handled. Released locks for: app:app-brole:backend, app:app-brole:database, 
New pod test-pod-30! old_node = None, new_node = worker-1.
Handling the new pod object: Pod(name=test-pod-30, label_set=LabelSet(labels={'app': 'app-b', 'role': 'frontend'}), node=Node(name=worker-1)
[126282775918272] Handling pod test-pod-30, locking app:app-brole:frontend, app:app-brole:backend,  ...
New pod: test-pod-13, on node: worker-1
[126282759132864] Pod test-pod-13 handled. Released locks for: app:app-brole:backend, app:app-brole:frontend, app:app-brole:database, 
New pod test-pod-29! old_node = None, new_node = worker-1.
Handling the new pod object: Pod(name=test-pod-29, label_set=LabelSet(labels={'app': 'app-a', 'role': 'database'}), node=Node(name=worker-1)
2025-07-31 08:56:55,657 [INFO] kopf.objects - Handler 'handle_new_pod/spec.nodeName' succeeded.
2025-07-31 08:56:55,658 [INFO] kopf.objects - Creation is processed: 1 succeeded; 0 failed.
2025-07-31 08:56:55,669 [INFO] kopf.objects - Handler 'handle_new_pod/spec.nodeName' succeeded.
2025-07-31 08:56:55,669 [INFO] kopf.objects - Creation is processed: 1 succeeded; 0 failed.
2025-07-31 08:56:55,683 [INFO] kopf.objects - Handler 'handle_new_pod/spec.nodeName' succeeded.
2025-07-31 08:56:55,684 [INFO] kopf.objects - Creation is processed: 1 succeeded; 0 failed.
2025-07-31 08:56:55,697 [INFO] kopf.objects - Handler 'handle_new_pod/spec.nodeName' succeeded.
2025-07-31 08:56:55,699 [INFO] kopf.objects - Creation is processed: 1 succeeded; 0 failed.
2025-07-31 08:56:55,710 [INFO] kopf.objects - Handler 'handle_new_pod/spec.nodeName' succeeded.
2025-07-31 08:56:55,710 [INFO] kopf.objects - Creation is processed: 1 succeeded; 0 failed.
2025-07-31 08:56:55,726 [INFO] kopf.objects - Handler 'handle_new_pod/spec.nodeName' succeeded.
2025-07-31 08:56:55,726 [INFO] kopf.objects - Creation is processed: 1 succeeded; 0 failed.
2025-07-31 08:56:55,742 [INFO] kopf.objects - Handler 'handle_new_pod/spec.nodeName' succeeded.
2025-07-31 08:56:55,744 [INFO] kopf.objects - Creation is processed: 1 succeeded; 0 failed.
2025-07-31 08:56:55,872 [INFO] kopf.objects - Handler 'handle_new_pod/spec.nodeName' succeeded.
2025-07-31 08:56:55,872 [INFO] kopf.objects - Creation is processed: 1 succeeded; 0 failed.
2025-07-31 08:56:55,886 [INFO] kopf.objects - Handler 'handle_new_pod/spec.nodeName' succeeded.
2025-07-31 08:56:55,887 [INFO] kopf.objects - Creation is processed: 1 succeeded; 0 failed.
2025-07-31 08:56:55,897 [INFO] kopf.objects - Handler 'handle_new_pod/spec.nodeName' succeeded.
2025-07-31 08:56:55,897 [INFO] kopf.objects - Creation is processed: 1 succeeded; 0 failed.
2025-07-31 08:56:55,913 [INFO] kopf.objects - Handler 'handle_new_pod/spec.nodeName' succeeded.
2025-07-31 08:56:55,913 [INFO] kopf.objects - Creation is processed: 1 succeeded; 0 failed.
2025-07-31 08:56:55,915 [INFO] kopf.objects - Handler 'handle_new_pod/spec.nodeName' succeeded.
2025-07-31 08:56:55,916 [INFO] kopf.objects - Creation is processed: 1 succeeded; 0 failed.
2025-07-31 08:56:55,926 [INFO] kopf.objects - Handler 'handle_new_pod/spec.nodeName' succeeded.
2025-07-31 08:56:55,926 [INFO] kopf.objects - Creation is processed: 1 succeeded; 0 failed.
2025-07-31 08:56:55,940 [INFO] kopf.objects - Handler 'handle_new_pod/spec.nodeName' succeeded.
2025-07-31 08:56:55,941 [INFO] kopf.objects - Creation is processed: 1 succeeded; 0 failed.
2025-07-31 08:56:55,944 [INFO] kopf.objects - Handler 'handle_new_pod/spec.nodeName' succeeded.
2025-07-31 08:56:55,944 [INFO] kopf.objects - Creation is processed: 1 succeeded; 0 failed.
2025-07-31 08:56:55,949 [INFO] kopf.objects - Handler 'handle_new_pod/spec.nodeName' succeeded.
2025-07-31 08:56:55,950 [INFO] kopf.objects - Creation is processed: 1 succeeded; 0 failed.
2025-07-31 08:56:55,963 [INFO] kopf.objects - Handler 'handle_new_pod/spec.nodeName' succeeded.
2025-07-31 08:56:55,963 [INFO] kopf.objects - Creation is processed: 1 succeeded; 0 failed.
2025-07-31 08:56:55,965 [INFO] kopf.objects - Handler 'handle_new_pod/spec.nodeName' succeeded.
2025-07-31 08:56:55,967 [INFO] kopf.objects - Creation is processed: 1 succeeded; 0 failed.
[126282759132864] Handling pod test-pod-29, locking app:app-arole:database, app:app-arole:backend,  ...
New pod: test-pod-21, on node: worker-1
[126282230654656] Pod test-pod-21 handled. Released locks for: app:app-brole:frontend, app:app-brole:backend, 
New pod test-pod-31! old_node = None, new_node = worker-1.
Handling the new pod object: Pod(name=test-pod-31, label_set=LabelSet(labels={'app': 'app-b', 'role': 'backend'}), node=Node(name=worker-1)
[126282230654656] Handling pod test-pod-31, locking app:app-brole:backend, app:app-brole:frontend, app:app-brole:database,  ...
New pod: test-pod-22, on node: worker-1
[126283591186112] Pod test-pod-22 handled. Released locks for: app:app-brole:backend, app:app-brole:frontend, app:app-brole:database, 
New pod: test-pod-23, on node: worker-1
New pod test-pod-26! old_node = None, new_node = worker-1.
Handling the new pod object: Pod(name=test-pod-26, label_set=LabelSet(labels={'app': 'app-c', 'role': 'database'}), node=Node(name=worker-1)
[126283591186112] Handling pod test-pod-26, locking app:app-crole:backend, app:app-crole:database,  ...
[126283336885952] Pod test-pod-23 handled. Released locks for: app:app-brole:backend, app:app-brole:database, 
New pod test-pod-32! old_node = None, new_node = worker-1.
Handling the new pod object: Pod(name=test-pod-32, label_set=LabelSet(labels={'app': 'app-b', 'role': 'database'}), node=Node(name=worker-1)
[126283336885952] Handling pod test-pod-32, locking app:app-brole:backend, app:app-brole:database,  ...
New pod: test-pod-30, on node: worker-1
[126282775918272] Pod test-pod-30 handled. Released locks for: app:app-brole:frontend, app:app-brole:backend, 
New pod test-pod-33! old_node = None, new_node = worker-1.
Handling the new pod object: Pod(name=test-pod-33, label_set=LabelSet(labels={'app': 'app-c', 'role': 'frontend'}), node=Node(name=worker-1)
[126282775918272] Handling pod test-pod-33, locking app:app-crole:frontend, app:app-crole:backend,  ...
New pod: test-pod-31, on node: worker-1
[126282230654656] Pod test-pod-31 handled. Released locks for: app:app-brole:backend, app:app-brole:frontend, app:app-brole:database, 
New pod test-pod-34! old_node = None, new_node = worker-1.
Handling the new pod object: Pod(name=test-pod-34, label_set=LabelSet(labels={'app': 'app-c', 'role': 'backend'}), node=Node(name=worker-1)
[126282230654656] Handling pod test-pod-34, locking app:app-crole:frontend, app:app-crole:backend, app:app-crole:database,  ...
New pod: test-pod-32, on node: worker-1
[126283336885952] Pod test-pod-32 handled. Released locks for: app:app-brole:backend, app:app-brole:database, 
New pod test-pod-35! old_node = None, new_node = worker-1.
Handling the new pod object: Pod(name=test-pod-35, label_set=LabelSet(labels={'app': 'app-c', 'role': 'database'}), node=Node(name=worker-1)
[126283336885952] Handling pod test-pod-35, locking app:app-crole:backend, app:app-crole:database,  ...
[126283328493248] Pod test-pod-8 handled. Released locks for: app:app-crole:backend, app:app-crole:database, 
New pod: test-pod-15, on node: worker-1
New pod test-pod-36! old_node = None, new_node = worker-1.
Handling the new pod object: Pod(name=test-pod-36, label_set=LabelSet(labels={'app': 'app-a', 'role': 'frontend'}), node=Node(name=worker-1)
[126283328493248] Handling pod test-pod-36, locking app:app-arole:frontend, app:app-arole:backend,  ...
[126282742347456] Pod test-pod-15 handled. Released locks for: app:app-crole:frontend, app:app-crole:backend, 
New pod test-pod-38! old_node = None, new_node = worker-1.
Handling the new pod object: Pod(name=test-pod-38, label_set=LabelSet(labels={'app': 'app-a', 'role': 'database'}), node=Node(name=worker-1)
[126282742347456] Handling pod test-pod-38, locking app:app-arole:database, app:app-arole:backend,  ...
New pod: test-pod-17, on node: worker-1
[126282733954752] Pod test-pod-17 handled. Released locks for: app:app-crole:backend, app:app-crole:database, 
New pod test-pod-39! old_node = None, new_node = worker-1.
Handling the new pod object: Pod(name=test-pod-39, label_set=LabelSet(labels={'app': 'app-b', 'role': 'frontend'}), node=Node(name=worker-1)
[126282733954752] Handling pod test-pod-39, locking app:app-brole:frontend, app:app-brole:backend,  ...
New pod: test-pod-39, on node: worker-1
New pod: test-pod-16, on node: worker-1
[126282239047360] Pod test-pod-16 handled. Released locks for: app:app-crole:frontend, app:app-crole:backend, app:app-crole:database, 
New pod test-pod-37! old_node = None, new_node = worker-1.
Handling the new pod object: Pod(name=test-pod-37, label_set=LabelSet(labels={'app': 'app-a', 'role': 'backend'}), node=Node(name=worker-1)
[126282239047360] Handling pod test-pod-37, locking app:app-arole:frontend, app:app-arole:backend, app:app-arole:database,  ...
New pod: test-pod-24, on node: worker-1
[126282733954752] Pod test-pod-39 handled. Released locks for: app:app-brole:frontend, app:app-brole:backend, 
New pod test-pod-40! old_node = None, new_node = worker-1.
Handling the new pod object: Pod(name=test-pod-40, label_set=LabelSet(labels={'app': 'app-b', 'role': 'backend'}), node=Node(name=worker-1)
[126282733954752] Handling pod test-pod-40, locking app:app-brole:backend, app:app-brole:frontend, app:app-brole:database,  ...
New pod: test-pod-40, on node: worker-1
[126282733954752] Pod test-pod-40 handled. Released locks for: app:app-brole:backend, app:app-brole:frontend, app:app-brole:database, 
New pod test-pod-41! old_node = None, new_node = worker-1.
Handling the new pod object: Pod(name=test-pod-41, label_set=LabelSet(labels={'app': 'app-b', 'role': 'database'}), node=Node(name=worker-1)
[126282733954752] Handling pod test-pod-41, locking app:app-brole:backend, app:app-brole:database,  ...
New pod: test-pod-41, on node: worker-1
[126283378849472] Pod test-pod-24 handled. Released locks for: app:app-crole:frontend, app:app-crole:backend, 
New pod test-pod-42! old_node = None, new_node = worker-1.
Handling the new pod object: Pod(name=test-pod-42, label_set=LabelSet(labels={'app': 'app-c', 'role': 'frontend'}), node=Node(name=worker-1)
[126283378849472] Handling pod test-pod-42, locking app:app-crole:frontend, app:app-crole:backend,  ...
[126283621607104] Pod test-pod-2 handled. Released locks for: app:app-arole:database, app:app-arole:backend, 
New pod test-pod-43! old_node = None, new_node = worker-1.
Handling the new pod object: Pod(name=test-pod-43, label_set=LabelSet(labels={'app': 'app-c', 'role': 'backend'}), node=Node(name=worker-1)
[126283621607104] Handling pod test-pod-43, locking app:app-crole:frontend, app:app-crole:backend, app:app-crole:database,  ...
New pod: test-pod-25, on node: worker-1
New pod: test-pod-9, on node: worker-1
[126282733954752] Pod test-pod-41 handled. Released locks for: app:app-brole:backend, app:app-brole:database, 
New pod test-pod-45! old_node = None, new_node = worker-1.
Handling the new pod object: Pod(name=test-pod-45, label_set=LabelSet(labels={'app': 'app-a', 'role': 'frontend'}), node=Node(name=worker-1)
[126282733954752] Handling pod test-pod-45, locking app:app-arole:frontend, app:app-arole:backend,  ...
[126283599578816] Pod test-pod-25 handled. Released locks for: app:app-crole:frontend, app:app-crole:backend, app:app-crole:database, 
New pod test-pod-44! old_node = None, new_node = worker-1.
Handling the new pod object: Pod(name=test-pod-44, label_set=LabelSet(labels={'app': 'app-c', 'role': 'database'}), node=Node(name=worker-1)
[126283599578816] Handling pod test-pod-44, locking app:app-crole:backend, app:app-crole:database,  ...
New pod: test-pod-26, on node: worker-1
[126283362064064] Pod test-pod-9 handled. Released locks for: app:app-arole:frontend, app:app-arole:backend, 
New pod test-pod-46! old_node = None, new_node = worker-1.
Handling the new pod object: Pod(name=test-pod-46, label_set=LabelSet(labels={'app': 'app-a', 'role': 'backend'}), node=Node(name=worker-1)
[126283362064064] Handling pod test-pod-46, locking app:app-arole:frontend, app:app-arole:backend, app:app-arole:database,  ...
New pod: test-pod-46, on node: worker-1
2025-07-31 08:56:55,979 [INFO] kopf.objects - Handler 'handle_new_pod/spec.nodeName' succeeded.
2025-07-31 08:56:55,979 [INFO] kopf.objects - Creation is processed: 1 succeeded; 0 failed.
2025-07-31 08:56:55,995 [INFO] kopf.objects - Handler 'handle_new_pod/spec.nodeName' succeeded.
2025-07-31 08:56:55,995 [INFO] kopf.objects - Creation is processed: 1 succeeded; 0 failed.
2025-07-31 08:56:56,003 [INFO] kopf.objects - Handler 'handle_new_pod/spec.nodeName' succeeded.
2025-07-31 08:56:56,004 [INFO] kopf.objects - Creation is processed: 1 succeeded; 0 failed.
2025-07-31 08:56:56,019 [INFO] kopf.objects - Handler 'handle_new_pod/spec.nodeName' succeeded.
2025-07-31 08:56:56,019 [INFO] kopf.objects - Creation is processed: 1 succeeded; 0 failed.
2025-07-31 08:56:56,026 [INFO] kopf.objects - Handler 'handle_new_pod/spec.nodeName' succeeded.
2025-07-31 08:56:56,027 [INFO] kopf.objects - Creation is processed: 1 succeeded; 0 failed.
2025-07-31 08:56:56,038 [INFO] kopf.objects - Handler 'handle_new_pod/spec.nodeName' succeeded.
2025-07-31 08:56:56,040 [INFO] kopf.objects - Creation is processed: 1 succeeded; 0 failed.
2025-07-31 08:56:56,049 [INFO] kopf.objects - Handler 'handle_new_pod/spec.nodeName' succeeded.
2025-07-31 08:56:56,050 [INFO] kopf.objects - Creation is processed: 1 succeeded; 0 failed.
2025-07-31 08:56:56,067 [INFO] kopf.objects - Handler 'handle_new_pod/spec.nodeName' succeeded.
2025-07-31 08:56:56,067 [INFO] kopf.objects - Creation is processed: 1 succeeded; 0 failed.
2025-07-31 08:56:56,073 [INFO] kopf.objects - Handler 'handle_new_pod/spec.nodeName' succeeded.
2025-07-31 08:56:56,073 [INFO] kopf.objects - Creation is processed: 1 succeeded; 0 failed.
2025-07-31 08:56:56,082 [INFO] kopf.objects - Handler 'handle_new_pod/spec.nodeName' succeeded.
2025-07-31 08:56:56,083 [INFO] kopf.objects - Creation is processed: 1 succeeded; 0 failed.
2025-07-31 08:56:56,096 [INFO] kopf.objects - Handler 'handle_new_pod/spec.nodeName' succeeded.
2025-07-31 08:56:56,097 [INFO] kopf.objects - Creation is processed: 1 succeeded; 0 failed.
2025-07-31 08:56:56,117 [INFO] kopf.objects - Handler 'handle_new_pod/spec.nodeName' succeeded.
2025-07-31 08:56:56,118 [INFO] kopf.objects - Creation is processed: 1 succeeded; 0 failed.
2025-07-31 08:56:56,129 [INFO] kopf.objects - Handler 'handle_new_pod/spec.nodeName' succeeded.
2025-07-31 08:56:56,129 [INFO] kopf.objects - Creation is processed: 1 succeeded; 0 failed.
2025-07-31 08:56:56,136 [INFO] kopf.objects - Handler 'handle_new_pod/spec.nodeName' succeeded.
2025-07-31 08:56:56,136 [INFO] kopf.objects - Creation is processed: 1 succeeded; 0 failed.
2025-07-31 08:56:56,156 [INFO] kopf.objects - Handler 'handle_new_pod/spec.nodeName' succeeded.
2025-07-31 08:56:56,156 [INFO] kopf.objects - Creation is processed: 1 succeeded; 0 failed.
2025-07-31 08:56:56,160 [INFO] kopf.objects - Handler 'handle_new_pod/spec.nodeName' succeeded.
2025-07-31 08:56:56,160 [INFO] kopf.objects - Creation is processed: 1 succeeded; 0 failed.
2025-07-31 08:56:56,170 [INFO] kopf.objects - Handler 'handle_new_pod/spec.nodeName' succeeded.
2025-07-31 08:56:56,171 [INFO] kopf.objects - Creation is processed: 1 succeeded; 0 failed.
2025-07-31 08:56:56,189 [INFO] kopf.objects - Handler 'handle_new_pod/spec.nodeName' succeeded.
2025-07-31 08:56:56,189 [INFO] kopf.objects - Creation is processed: 1 succeeded; 0 failed.
2025-07-31 08:56:56,190 [INFO] kopf.objects - Handler 'handle_new_pod/spec.nodeName' succeeded.
2025-07-31 08:56:56,191 [INFO] kopf.objects - Creation is processed: 1 succeeded; 0 failed.
2025-07-31 08:56:56,207 [INFO] kopf.objects - Handler 'handle_new_pod/spec.nodeName' succeeded.
2025-07-31 08:56:56,208 [INFO] kopf.objects - Creation is processed: 1 succeeded; 0 failed.
2025-07-31 08:56:56,231 [INFO] kopf.objects - Handler 'handle_new_pod/spec.nodeName' succeeded.
2025-07-31 08:56:56,231 [INFO] kopf.objects - Creation is processed: 1 succeeded; 0 failed.
2025-07-31 08:56:56,254 [INFO] kopf.objects - Handler 'handle_new_pod/spec.nodeName' succeeded.
2025-07-31 08:56:56,254 [INFO] kopf.objects - Creation is processed: 1 succeeded; 0 failed.
2025-07-31 08:56:56,275 [INFO] kopf.objects - Handler 'handle_new_pod/spec.nodeName' succeeded.
2025-07-31 08:56:56,276 [INFO] kopf.objects - Creation is processed: 1 succeeded; 0 failed.
