2025-07-31 08:58:45,977 [INFO] /app/code/main_operator.py - Starting Operator with 20 workers.
2025-07-31 08:58:45,979 [INFO] /app/code/main_operator.py - 🚀 Starting Kopf operator in mode: PLS, watching the test-thesis namespace.
2025-07-31 08:58:45,981 [INFO] root - Initializing Openstack Client!
2025-07-31 08:58:46,093 [INFO] root - Grasshopper was not running, initialising Cluster State.
2025-07-31 08:58:46,243 [INFO] root - ================================= FRESH INITIALISATION DONE =====================================
2025-07-31 08:58:46,255 [INFO] operator_code.watcher_operator - Watcher class for Kopf Operator!
2025-07-31 08:58:46,256 [INFO] kopf.activities.startup - Activity 'startup_handler' succeeded.
2025-07-31 08:58:46,256 [INFO] kopf._core.engines.activities - Initial authentication has been initiated.
2025-07-31 08:58:46,259 [INFO] kopf.activities.authentication - Activity 'login_via_client' succeeded.
2025-07-31 08:58:46,259 [INFO] kopf._core.engines.activities - Initial authentication has finished.
2025-07-31 08:58:46,282 [WARNING] kopf._core.reactor.observation - Not enough permissions to list namespaces. Falling back to a list of namespaces which are assumed to exist: {'test-thesis'}
2025-07-31 08:58:46,284 [WARNING] kopf._core.reactor.observation - Not enough permissions to watch for namespaces: changes (deletion/creation) will not be noticed; the namespaces are only refreshed on operator restarts.
2025-07-31 08:58:46,507 [INFO] kopf.objects - Handler 'handle_new_policy' succeeded.
2025-07-31 08:58:46,507 [INFO] kopf.objects - Creation is processed: 1 succeeded; 0 failed.
2025-07-31 08:58:46,539 [INFO] matcher - PLS: Configuring new spol Policy(name=app-c-allow-frontend-backend, sel=LabelSet(labels={'app': 'app-c', 'role': 'frontend'}), allow=[
(LabelSet(labels={'app': 'app-c', 'role': 'backend'}), Traffic(direction=ingress, port=80, protocol=TCP)) 
])
2025-07-31 08:58:46,557 [INFO] matcher - PLS: Configuring new spol Policy(name=app-c-allow-frontend-backend, sel=LabelSet(labels={'app': 'app-c', 'role': 'frontend'}), allow=[
(LabelSet(labels={'app': 'app-c', 'role': 'backend'}), Traffic(direction=egress, port=80, protocol=TCP)) 
])
2025-07-31 08:58:46,573 [INFO] kopf.objects - Handler 'handle_new_policy' succeeded.
2025-07-31 08:58:46,575 [INFO] kopf.objects - Creation is processed: 1 succeeded; 0 failed.
2025-07-31 08:58:46,610 [INFO] matcher - PLS: Configuring new spol Policy(name=app-c-allow-database-backend, sel=LabelSet(labels={'app': 'app-c', 'role': 'database'}), allow=[
(LabelSet(labels={'app': 'app-c', 'role': 'backend'}), Traffic(direction=ingress, port=80, protocol=TCP)) 
])
2025-07-31 08:58:46,623 [INFO] matcher - PLS: Configuring new spol Policy(name=app-c-allow-database-backend, sel=LabelSet(labels={'app': 'app-c', 'role': 'database'}), allow=[
(LabelSet(labels={'app': 'app-c', 'role': 'backend'}), Traffic(direction=egress, port=80, protocol=TCP)) 
])
2025-07-31 08:58:46,637 [INFO] kopf.objects - Handler 'handle_new_policy' succeeded.
2025-07-31 08:58:46,638 [INFO] kopf.objects - Creation is processed: 1 succeeded; 0 failed.
2025-07-31 08:58:46,699 [INFO] matcher - PLS: Configuring new spol Policy(name=app-c-allow-backend-frontend, sel=LabelSet(labels={'app': 'app-c', 'role': 'backend'}), allow=[
(LabelSet(labels={'app': 'app-c', 'role': 'frontend'}), Traffic(direction=ingress, port=80, protocol=TCP)) 
])
2025-07-31 08:58:46,714 [INFO] matcher - PLS: Configuring new spol Policy(name=app-c-allow-backend-frontend, sel=LabelSet(labels={'app': 'app-c', 'role': 'backend'}), allow=[
(LabelSet(labels={'app': 'app-c', 'role': 'frontend'}), Traffic(direction=egress, port=80, protocol=TCP)) 
])
2025-07-31 08:58:46,732 [INFO] kopf.objects - Handler 'handle_new_policy' succeeded.
2025-07-31 08:58:46,733 [INFO] kopf.objects - Creation is processed: 1 succeeded; 0 failed.
2025-07-31 08:58:46,802 [INFO] matcher - PLS: Configuring new spol Policy(name=app-c-allow-backend-database, sel=LabelSet(labels={'app': 'app-c', 'role': 'backend'}), allow=[
(LabelSet(labels={'app': 'app-c', 'role': 'database'}), Traffic(direction=ingress, port=80, protocol=TCP)) 
])
2025-07-31 08:58:46,821 [INFO] matcher - PLS: Configuring new spol Policy(name=app-c-allow-backend-database, sel=LabelSet(labels={'app': 'app-c', 'role': 'backend'}), allow=[
(LabelSet(labels={'app': 'app-c', 'role': 'database'}), Traffic(direction=egress, port=80, protocol=TCP)) 
])
2025-07-31 08:58:46,837 [INFO] kopf.objects - Handler 'handle_new_policy' succeeded.
2025-07-31 08:58:46,837 [INFO] kopf.objects - Creation is processed: 1 succeeded; 0 failed.
2025-07-31 08:58:46,961 [INFO] matcher - PLS: Configuring new spol Policy(name=app-b-allow-backend-database, sel=LabelSet(labels={'app': 'app-b', 'role': 'backend'}), allow=[
(LabelSet(labels={'app': 'app-b', 'role': 'database'}), Traffic(direction=ingress, port=80, protocol=TCP)) 
])
2025-07-31 08:58:46,977 [INFO] matcher - PLS: Configuring new spol Policy(name=app-b-allow-backend-database, sel=LabelSet(labels={'app': 'app-b', 'role': 'backend'}), allow=[
(LabelSet(labels={'app': 'app-b', 'role': 'database'}), Traffic(direction=egress, port=80, protocol=TCP)) 
])
2025-07-31 08:58:46,993 [INFO] kopf.objects - Handler 'handle_new_policy' succeeded.
2025-07-31 08:58:46,995 [INFO] kopf.objects - Creation is processed: 1 succeeded; 0 failed.
2025-07-31 08:58:47,062 [INFO] matcher - PLS: Configuring new spol Policy(name=app-b-allow-database-backend, sel=LabelSet(labels={'app': 'app-b', 'role': 'database'}), allow=[
(LabelSet(labels={'app': 'app-b', 'role': 'backend'}), Traffic(direction=ingress, port=80, protocol=TCP)) 
])
2025-07-31 08:58:47,078 [INFO] matcher - PLS: Configuring new spol Policy(name=app-b-allow-database-backend, sel=LabelSet(labels={'app': 'app-b', 'role': 'database'}), allow=[
(LabelSet(labels={'app': 'app-b', 'role': 'backend'}), Traffic(direction=egress, port=80, protocol=TCP)) 
])
2025-07-31 08:58:47,090 [INFO] kopf.objects - Handler 'handle_new_policy' succeeded.
2025-07-31 08:58:47,091 [INFO] kopf.objects - Creation is processed: 1 succeeded; 0 failed.
2025-07-31 08:58:47,211 [INFO] matcher - PLS: Configuring new spol Policy(name=app-b-allow-frontend-backend, sel=LabelSet(labels={'app': 'app-b', 'role': 'frontend'}), allow=[
(LabelSet(labels={'app': 'app-b', 'role': 'backend'}), Traffic(direction=ingress, port=80, protocol=TCP)) 
])
2025-07-31 08:58:47,224 [INFO] matcher - PLS: Configuring new spol Policy(name=app-b-allow-frontend-backend, sel=LabelSet(labels={'app': 'app-b', 'role': 'frontend'}), allow=[
(LabelSet(labels={'app': 'app-b', 'role': 'backend'}), Traffic(direction=egress, port=80, protocol=TCP)) 
])
2025-07-31 08:58:47,236 [INFO] kopf.objects - Handler 'handle_new_policy' succeeded.
2025-07-31 08:58:47,237 [INFO] kopf.objects - Creation is processed: 1 succeeded; 0 failed.
2025-07-31 08:58:47,312 [INFO] kopf.objects - Handler 'handle_new_policy' succeeded.
2025-07-31 08:58:47,313 [INFO] kopf.objects - Creation is processed: 1 succeeded; 0 failed.
2025-07-31 08:58:47,442 [INFO] matcher - PLS: Configuring new spol Policy(name=app-b-allow-backend-frontend, sel=LabelSet(labels={'app': 'app-b', 'role': 'backend'}), allow=[
(LabelSet(labels={'app': 'app-b', 'role': 'frontend'}), Traffic(direction=ingress, port=80, protocol=TCP)) 
])
2025-07-31 08:58:47,464 [INFO] matcher - PLS: Configuring new spol Policy(name=app-b-allow-backend-frontend, sel=LabelSet(labels={'app': 'app-b', 'role': 'backend'}), allow=[
(LabelSet(labels={'app': 'app-b', 'role': 'frontend'}), Traffic(direction=egress, port=80, protocol=TCP)) 
])
2025-07-31 08:58:47,480 [INFO] kopf.objects - Handler 'handle_new_policy' succeeded.
2025-07-31 08:58:47,481 [INFO] kopf.objects - Creation is processed: 1 succeeded; 0 failed.
2025-07-31 08:58:47,592 [INFO] matcher - PLS: Configuring new spol Policy(name=app-a-allow-backend-database, sel=LabelSet(labels={'app': 'app-a', 'role': 'backend'}), allow=[
(LabelSet(labels={'app': 'app-a', 'role': 'database'}), Traffic(direction=ingress, port=80, protocol=TCP)) 
])
2025-07-31 08:58:47,605 [INFO] matcher - PLS: Configuring new spol Policy(name=app-a-allow-backend-database, sel=LabelSet(labels={'app': 'app-a', 'role': 'backend'}), allow=[
(LabelSet(labels={'app': 'app-a', 'role': 'database'}), Traffic(direction=egress, port=80, protocol=TCP)) 
])
2025-07-31 08:58:47,616 [INFO] kopf.objects - Handler 'handle_new_policy' succeeded.
2025-07-31 08:58:47,617 [INFO] kopf.objects - Creation is processed: 1 succeeded; 0 failed.
2025-07-31 08:58:47,705 [INFO] matcher - PLS: Configuring new spol Policy(name=app-a-allow-frontend-backend, sel=LabelSet(labels={'app': 'app-a', 'role': 'frontend'}), allow=[
(LabelSet(labels={'app': 'app-a', 'role': 'backend'}), Traffic(direction=ingress, port=80, protocol=TCP)) 
])
2025-07-31 08:58:47,719 [INFO] matcher - PLS: Configuring new spol Policy(name=app-a-allow-frontend-backend, sel=LabelSet(labels={'app': 'app-a', 'role': 'frontend'}), allow=[
(LabelSet(labels={'app': 'app-a', 'role': 'backend'}), Traffic(direction=egress, port=80, protocol=TCP)) 
])
2025-07-31 08:58:47,731 [INFO] kopf.objects - Handler 'handle_new_policy' succeeded.
2025-07-31 08:58:47,732 [INFO] kopf.objects - Creation is processed: 1 succeeded; 0 failed.
2025-07-31 08:58:47,818 [INFO] matcher - PLS: Configuring new spol Policy(name=app-a-allow-backend-frontend, sel=LabelSet(labels={'app': 'app-a', 'role': 'backend'}), allow=[
(LabelSet(labels={'app': 'app-a', 'role': 'frontend'}), Traffic(direction=ingress, port=80, protocol=TCP)) 
])
2025-07-31 08:58:47,833 [INFO] matcher - PLS: Configuring new spol Policy(name=app-a-allow-backend-frontend, sel=LabelSet(labels={'app': 'app-a', 'role': 'backend'}), allow=[
(LabelSet(labels={'app': 'app-a', 'role': 'frontend'}), Traffic(direction=egress, port=80, protocol=TCP)) 
])
2025-07-31 08:58:47,848 [INFO] kopf.objects - Handler 'handle_new_policy' succeeded.
2025-07-31 08:58:47,848 [INFO] kopf.objects - Creation is processed: 1 succeeded; 0 failed.
2025-07-31 08:58:47,950 [INFO] kopf.objects - Handler 'handle_new_policy' succeeded.
2025-07-31 08:58:47,951 [INFO] kopf.objects - Creation is processed: 1 succeeded; 0 failed.
2025-07-31 08:58:48,080 [INFO] matcher - PLS: Configuring new spol Policy(name=app-a-allow-database-backend, sel=LabelSet(labels={'app': 'app-a', 'role': 'database'}), allow=[
(LabelSet(labels={'app': 'app-a', 'role': 'backend'}), Traffic(direction=ingress, port=80, protocol=TCP)) 
])
2025-07-31 08:58:48,094 [INFO] matcher - PLS: Configuring new spol Policy(name=app-a-allow-database-backend, sel=LabelSet(labels={'app': 'app-a', 'role': 'database'}), allow=[
(LabelSet(labels={'app': 'app-a', 'role': 'backend'}), Traffic(direction=egress, port=80, protocol=TCP)) 
])
2025-07-31 08:58:48,108 [INFO] kopf.objects - Handler 'handle_new_policy' succeeded.
2025-07-31 08:58:48,109 [INFO] kopf.objects - Creation is processed: 1 succeeded; 0 failed.
2025-07-31 08:58:48,610 [INFO] matcher - PLS: Configuring new pod with labelset: {L}
2025-07-31 08:58:48,610 [INFO] matcher - PLS: Configuring new spol Policy(name=app-a-allow-frontend-backend, sel=LabelSet(labels={'app': 'app-a', 'role': 'frontend'}), allow=[
(LabelSet(labels={'app': 'app-a', 'role': 'backend'}), Traffic(direction=egress, port=80, protocol=TCP)) 
])
2025-07-31 08:58:48,611 [INFO] matcher - Adding Security Group for select labelset: LabelSet(labels={'app': 'app-a', 'role': 'frontend'})
2025-07-31 08:58:48,633 [INFO] matcher - PLS: Configuring new pod with labelset: {L}
2025-07-31 08:58:48,633 [INFO] matcher - PLS: Configuring new spol Policy(name=app-b-allow-backend-database, sel=LabelSet(labels={'app': 'app-b', 'role': 'backend'}), allow=[
(LabelSet(labels={'app': 'app-b', 'role': 'database'}), Traffic(direction=ingress, port=80, protocol=TCP)) 
])
2025-07-31 08:58:48,633 [INFO] matcher - Adding Security Group for select labelset: LabelSet(labels={'app': 'app-b', 'role': 'backend'})
2025-07-31 08:58:48,670 [INFO] matcher - PLS: Configuring new pod with labelset: {L}
2025-07-31 08:58:48,671 [INFO] matcher - PLS: Configuring new spol Policy(name=app-c-allow-backend-frontend, sel=LabelSet(labels={'app': 'app-c', 'role': 'backend'}), allow=[
(LabelSet(labels={'app': 'app-c', 'role': 'frontend'}), Traffic(direction=egress, port=80, protocol=TCP)) 
])
2025-07-31 08:58:48,671 [INFO] matcher - Adding Security Group for select labelset: LabelSet(labels={'app': 'app-c', 'role': 'backend'})
[126074919917248] Handling new policy app-c-deny-all, locking app:app-c,  ...
Successfully added policy app-c-deny-all to ClusterState
[126074919917248] Handled new policy app-c-deny-all, Released app:app-c,  ...
[126074919917248] Handling new policy app-c-allow-frontend-backend, locking app:app-crole:backend, app:app-crole:frontend,  ...
[126074906281664] Handling new policy app-c-deny-all, locking app:app-c,  ...
Successfully added policy app-c-deny-all to ClusterState
[126074906281664] Handled new policy app-c-deny-all, Released app:app-c,  ...
Successfully added policy app-c-allow-frontend-backend to ClusterState
[126074919917248] Handled new policy app-c-allow-frontend-backend, Released app:app-crole:backend, app:app-crole:frontend,  ...
[126074906281664] Handling new policy app-c-allow-database-backend, locking app:app-crole:database, app:app-crole:backend,  ...
Successfully added policy app-c-allow-database-backend to ClusterState
[126074906281664] Handled new policy app-c-allow-database-backend, Released app:app-crole:database, app:app-crole:backend,  ...
[126074919917248] Handling new policy app-c-allow-backend-frontend, locking app:app-crole:frontend, app:app-crole:backend,  ...
Successfully added policy app-c-allow-backend-frontend to ClusterState
[126074919917248] Handled new policy app-c-allow-backend-frontend, Released app:app-crole:frontend, app:app-crole:backend,  ...
[126074906281664] Handling new policy app-c-allow-backend-database, locking app:app-crole:database, app:app-crole:backend,  ...
Successfully added policy app-c-allow-backend-database to ClusterState
[126074906281664] Handled new policy app-c-allow-backend-database, Released app:app-crole:database, app:app-crole:backend,  ...
[126074919917248] Handling new policy app-b-allow-backend-database, locking app:app-brole:database, app:app-brole:backend,  ...
Successfully added policy app-b-allow-backend-database to ClusterState
[126074919917248] Handled new policy app-b-allow-backend-database, Released app:app-brole:database, app:app-brole:backend,  ...
[126074906281664] Handling new policy app-b-allow-database-backend, locking app:app-brole:database, app:app-brole:backend,  ...
Successfully added policy app-b-allow-database-backend to ClusterState
[126074906281664] Handled new policy app-b-allow-database-backend, Released app:app-brole:database, app:app-brole:backend,  ...
[126074919917248] Handling new policy app-b-allow-frontend-backend, locking app:app-brole:frontend, app:app-brole:backend,  ...
Successfully added policy app-b-allow-frontend-backend to ClusterState
[126074919917248] Handled new policy app-b-allow-frontend-backend, Released app:app-brole:frontend, app:app-brole:backend,  ...
[126074906281664] Handling new policy app-b-deny-all, locking app:app-b,  ...
Successfully added policy app-b-deny-all to ClusterState
[126074906281664] Handled new policy app-b-deny-all, Released app:app-b,  ...
[126074919917248] Handling new policy app-b-allow-backend-frontend, locking app:app-brole:frontend, app:app-brole:backend,  ...
Successfully added policy app-b-allow-backend-frontend to ClusterState
[126074919917248] Handled new policy app-b-allow-backend-frontend, Released app:app-brole:frontend, app:app-brole:backend,  ...
[126074906281664] Handling new policy app-a-allow-backend-database, locking app:app-arole:backend, app:app-arole:database,  ...
Successfully added policy app-a-allow-backend-database to ClusterState
[126074906281664] Handled new policy app-a-allow-backend-database, Released app:app-arole:backend, app:app-arole:database,  ...
[126074919917248] Handling new policy app-a-allow-frontend-backend, locking app:app-arole:backend, app:app-arole:frontend,  ...
Successfully added policy app-a-allow-frontend-backend to ClusterState
[126074919917248] Handled new policy app-a-allow-frontend-backend, Released app:app-arole:backend, app:app-arole:frontend,  ...
[126074906281664] Handling new policy app-a-allow-backend-frontend, locking app:app-arole:backend, app:app-arole:frontend,  ...
Successfully added policy app-a-allow-backend-frontend to ClusterState
[126074906281664] Handled new policy app-a-allow-backend-frontend, Released app:app-arole:backend, app:app-arole:frontend,  ...
[126074919917248] Handling new policy app-a-deny-all, locking app:app-a,  ...
Successfully added policy app-a-deny-all to ClusterState
[126074919917248] Handled new policy app-a-deny-all, Released app:app-a,  ...
[126074919917248] Handling new policy app-a-allow-database-backend, locking app:app-arole:database, app:app-arole:backend,  ...
Successfully added policy app-a-allow-database-backend to ClusterState
[126074919917248] Handled new policy app-a-allow-database-backend, Released app:app-arole:database, app:app-arole:backend,  ...
New pod test-pod-0! old_node = None, new_node = worker-1.
Handling the new pod object: Pod(name=test-pod-0, label_set=LabelSet(labels={'app': 'app-a', 'role': 'frontend'}), node=Node(name=worker-1)
[126074906281664] Handling pod test-pod-0, locking app:app-arole:backend, app:app-arole:frontend,  ...
New pod: test-pod-0, on node: worker-1
New pod test-pod-1! old_node = None, new_node = worker-1.
Handling the new pod object: Pod(name=test-pod-1, label_set=LabelSet(labels={'app': 'app-a', 'role': 'backend'}), node=Node(name=worker-1)
[126074919917248] Handling pod test-pod-1, locking app:app-arole:backend, app:app-arole:frontend, app:app-arole:database,  ...
New pod test-pod-4! old_node = None, new_node = worker-1.
Handling the new pod object: Pod(name=test-pod-4, label_set=LabelSet(labels={'app': 'app-b', 'role': 'backend'}), node=Node(name=worker-1)
[126074896840384] Handling pod test-pod-4, locking app:app-brole:frontend, app:app-brole:database, app:app-brole:backend,  ...
New pod: test-pod-4, on node: worker-1
New pod test-pod-2! old_node = None, new_node = worker-1.
Handling the new pod object: Pod(name=test-pod-2, label_set=LabelSet(labels={'app': 'app-a', 'role': 'database'}), node=Node(name=worker-1)
[126074888447680] Handling pod test-pod-2, locking app:app-arole:database, app:app-arole:backend,  ...
New pod test-pod-3! old_node = None, new_node = worker-1.
Handling the new pod object: Pod(name=test-pod-3, label_set=LabelSet(labels={'app': 'app-b', 'role': 'frontend'}), node=Node(name=worker-1)
[126074671331008] Handling pod test-pod-3, locking app:app-brole:frontend, app:app-brole:backend,  ...
New pod test-pod-7! old_node = None, new_node = worker-1.
Handling the new pod object: Pod(name=test-pod-7, label_set=LabelSet(labels={'app': 'app-c', 'role': 'backend'}), node=Node(name=worker-1)
[126074662938304] Handling pod test-pod-7, locking app:app-crole:database, app:app-crole:frontend, app:app-crole:backend,  ...
New pod: test-pod-7, on node: worker-1
New pod test-pod-5! old_node = None, new_node = worker-1.
Handling the new pod object: Pod(name=test-pod-5, label_set=LabelSet(labels={'app': 'app-b', 'role': 'database'}), node=Node(name=worker-1)
[126074654545600] Handling pod test-pod-5, locking app:app-brole:database, app:app-brole:backend,  ...
New pod test-pod-6! old_node = None, new_node = worker-1.
Handling the new pod object: Pod(name=test-pod-6, label_set=LabelSet(labels={'app': 'app-c', 'role': 'frontend'}), node=Node(name=worker-1)
[126074646152896] Handling pod test-pod-6, locking app:app-crole:backend, app:app-crole:frontend,  ...
New pod test-pod-10! old_node = None, new_node = worker-1.
Handling the new pod object: Pod(name=test-pod-10, label_set=LabelSet(labels={'app': 'app-a', 'role': 'backend'}), node=Node(name=worker-1)
[126074637760192] Handling pod test-pod-10, locking app:app-arole:backend, app:app-arole:frontend, app:app-arole:database,  ...
New pod test-pod-9! old_node = None, new_node = worker-1.
Handling the new pod object: Pod(name=test-pod-9, label_set=LabelSet(labels={'app': 'app-a', 'role': 'frontend'}), node=Node(name=worker-1)
[126074629367488] Handling pod test-pod-9, locking app:app-arole:backend, app:app-arole:frontend,  ...
New pod test-pod-12! old_node = None, new_node = worker-1.
2025-07-31 08:58:48,995 [INFO] root - Creating security group: SG-app:app-brole:backend
2025-07-31 08:58:49,196 [INFO] root - Creating security group: SG-app:app-crole:backend
2025-07-31 08:58:49,205 [INFO] root - Creating security group: SG-app:app-arole:frontend
2025-07-31 08:58:49,452 [INFO] security_group_module - Attaching security group SG-app:app-brole:backend to instance worker-1
2025-07-31 08:58:49,704 [INFO] security_group_module - Attaching security group SG-app:app-arole:frontend to instance worker-1
2025-07-31 08:58:49,862 [INFO] matcher - Adding Security Group for allow labelset: LabelSet(labels={'app': 'app-b', 'role': 'database'})
2025-07-31 08:58:49,919 [INFO] root - Creating security group: SG-app:app-brole:database
2025-07-31 08:58:49,980 [INFO] security_group_module - Attaching security group SG-app:app-crole:backend to instance worker-1
2025-07-31 08:58:50,039 [INFO] security_group_module - SGMod: Adding rule to SG-app:app-brole:backend, remote SG-app:app-brole:database, port 80, type ingress
2025-07-31 08:58:50,294 [INFO] matcher - Adding Security Group for allow labelset: LabelSet(labels={'app': 'app-a', 'role': 'backend'})
2025-07-31 08:58:50,352 [INFO] root - Creating security group: SG-app:app-arole:backend
2025-07-31 08:58:50,360 [INFO] matcher - PLS: Configuring new spol Policy(name=app-b-allow-backend-frontend, sel=LabelSet(labels={'app': 'app-b', 'role': 'backend'}), allow=[
(LabelSet(labels={'app': 'app-b', 'role': 'frontend'}), Traffic(direction=ingress, port=80, protocol=TCP)) 
])
2025-07-31 08:58:50,361 [INFO] matcher - Adding Security Group for select labelset: LabelSet(labels={'app': 'app-b', 'role': 'backend'})
2025-07-31 08:58:50,361 [INFO] matcher - Adding Security Group for allow labelset: LabelSet(labels={'app': 'app-b', 'role': 'frontend'})
2025-07-31 08:58:50,406 [INFO] matcher - Adding Security Group for allow labelset: LabelSet(labels={'app': 'app-c', 'role': 'frontend'})
2025-07-31 08:58:50,416 [INFO] root - Creating security group: SG-app:app-brole:frontend
2025-07-31 08:58:50,459 [INFO] root - Creating security group: SG-app:app-crole:frontend
2025-07-31 08:58:50,605 [INFO] security_group_module - SGMod: Adding rule to SG-app:app-arole:frontend, remote SG-app:app-arole:backend, port 80, type egress
2025-07-31 08:58:50,652 [INFO] security_group_module - SGMod: Adding rule to SG-app:app-brole:backend, remote SG-app:app-brole:frontend, port 80, type ingress
2025-07-31 08:58:50,685 [INFO] security_group_module - SGMod: Adding rule to SG-app:app-crole:backend, remote SG-app:app-crole:frontend, port 80, type egress
2025-07-31 08:58:50,740 [INFO] matcher - PLS: Configuring new spol Policy(name=app-a-allow-frontend-backend, sel=LabelSet(labels={'app': 'app-a', 'role': 'frontend'}), allow=[
(LabelSet(labels={'app': 'app-a', 'role': 'backend'}), Traffic(direction=ingress, port=80, protocol=TCP)) 
])
2025-07-31 08:58:50,740 [INFO] matcher - Adding Security Group for select labelset: LabelSet(labels={'app': 'app-a', 'role': 'frontend'})
2025-07-31 08:58:50,741 [INFO] matcher - Adding Security Group for allow labelset: LabelSet(labels={'app': 'app-a', 'role': 'backend'})
2025-07-31 08:58:50,741 [INFO] security_group_module - SGMod: Adding rule to SG-app:app-arole:frontend, remote SG-app:app-arole:backend, port 80, type ingress
2025-07-31 08:58:50,785 [INFO] matcher - PLS: Configuring new spol Policy(name=app-b-allow-frontend-backend, sel=LabelSet(labels={'app': 'app-b', 'role': 'frontend'}), allow=[
(LabelSet(labels={'app': 'app-b', 'role': 'backend'}), Traffic(direction=ingress, port=80, protocol=TCP)) 
])
2025-07-31 08:58:50,785 [INFO] matcher - PLS: Configuring new spol Policy(name=app-b-allow-database-backend, sel=LabelSet(labels={'app': 'app-b', 'role': 'database'}), allow=[
(LabelSet(labels={'app': 'app-b', 'role': 'backend'}), Traffic(direction=egress, port=80, protocol=TCP)) 
])
2025-07-31 08:58:50,786 [INFO] matcher - PLS: Configuring new spol Policy(name=app-b-allow-backend-database, sel=LabelSet(labels={'app': 'app-b', 'role': 'backend'}), allow=[
(LabelSet(labels={'app': 'app-b', 'role': 'database'}), Traffic(direction=egress, port=80, protocol=TCP)) 
])
2025-07-31 08:58:50,786 [INFO] matcher - Adding Security Group for select labelset: LabelSet(labels={'app': 'app-b', 'role': 'backend'})
2025-07-31 08:58:50,786 [INFO] matcher - Adding Security Group for allow labelset: LabelSet(labels={'app': 'app-b', 'role': 'database'})
2025-07-31 08:58:50,787 [INFO] security_group_module - SGMod: Adding rule to SG-app:app-brole:backend, remote SG-app:app-brole:database, port 80, type egress
2025-07-31 08:58:50,905 [INFO] matcher - PLS: Configuring new spol Policy(name=app-c-allow-database-backend, sel=LabelSet(labels={'app': 'app-c', 'role': 'database'}), allow=[
(LabelSet(labels={'app': 'app-c', 'role': 'backend'}), Traffic(direction=ingress, port=80, protocol=TCP)) 
])
2025-07-31 08:58:50,907 [INFO] matcher - PLS: Configuring new spol Policy(name=app-c-allow-frontend-backend, sel=LabelSet(labels={'app': 'app-c', 'role': 'frontend'}), allow=[
(LabelSet(labels={'app': 'app-c', 'role': 'backend'}), Traffic(direction=ingress, port=80, protocol=TCP)) 
])
2025-07-31 08:58:50,909 [INFO] matcher - PLS: Configuring new spol Policy(name=app-c-allow-backend-frontend, sel=LabelSet(labels={'app': 'app-c', 'role': 'backend'}), allow=[
(LabelSet(labels={'app': 'app-c', 'role': 'frontend'}), Traffic(direction=ingress, port=80, protocol=TCP)) 
])
2025-07-31 08:58:50,909 [INFO] matcher - Adding Security Group for select labelset: LabelSet(labels={'app': 'app-c', 'role': 'backend'})
2025-07-31 08:58:50,910 [INFO] matcher - Adding Security Group for allow labelset: LabelSet(labels={'app': 'app-c', 'role': 'frontend'})
2025-07-31 08:58:50,911 [INFO] security_group_module - SGMod: Adding rule to SG-app:app-crole:backend, remote SG-app:app-crole:frontend, port 80, type ingress
2025-07-31 08:58:51,073 [INFO] matcher - PLS: Configuring new spol Policy(name=app-a-allow-backend-frontend, sel=LabelSet(labels={'app': 'app-a', 'role': 'backend'}), allow=[
(LabelSet(labels={'app': 'app-a', 'role': 'frontend'}), Traffic(direction=egress, port=80, protocol=TCP)) 
])
2025-07-31 08:58:51,074 [INFO] matcher - PLS: Configuring new spol Policy(name=app-a-allow-backend-frontend, sel=LabelSet(labels={'app': 'app-a', 'role': 'backend'}), allow=[
(LabelSet(labels={'app': 'app-a', 'role': 'frontend'}), Traffic(direction=ingress, port=80, protocol=TCP)) 
])
2025-07-31 08:58:51,446 [INFO] matcher - PLS: Configuring new spol Policy(name=app-b-allow-frontend-backend, sel=LabelSet(labels={'app': 'app-b', 'role': 'frontend'}), allow=[
(LabelSet(labels={'app': 'app-b', 'role': 'backend'}), Traffic(direction=egress, port=80, protocol=TCP)) 
])
2025-07-31 08:58:51,446 [INFO] matcher - PLS: Configuring new spol Policy(name=app-b-allow-database-backend, sel=LabelSet(labels={'app': 'app-b', 'role': 'database'}), allow=[
(LabelSet(labels={'app': 'app-b', 'role': 'backend'}), Traffic(direction=ingress, port=80, protocol=TCP)) 
])
2025-07-31 08:58:51,446 [INFO] matcher - PLS: Configuring new spol Policy(name=app-b-allow-backend-frontend, sel=LabelSet(labels={'app': 'app-b', 'role': 'backend'}), allow=[
(LabelSet(labels={'app': 'app-b', 'role': 'frontend'}), Traffic(direction=egress, port=80, protocol=TCP)) 
])
2025-07-31 08:58:51,446 [INFO] matcher - Adding Security Group for select labelset: LabelSet(labels={'app': 'app-b', 'role': 'backend'})
2025-07-31 08:58:51,446 [INFO] matcher - Adding Security Group for allow labelset: LabelSet(labels={'app': 'app-b', 'role': 'frontend'})
2025-07-31 08:58:51,446 [INFO] security_group_module - SGMod: Adding rule to SG-app:app-brole:backend, remote SG-app:app-brole:frontend, port 80, type egress
2025-07-31 08:58:51,483 [INFO] matcher - PLS: Configuring new spol Policy(name=app-c-allow-backend-database, sel=LabelSet(labels={'app': 'app-c', 'role': 'backend'}), allow=[
(LabelSet(labels={'app': 'app-c', 'role': 'database'}), Traffic(direction=ingress, port=80, protocol=TCP)) 
])
2025-07-31 08:58:51,483 [INFO] matcher - Adding Security Group for select labelset: LabelSet(labels={'app': 'app-c', 'role': 'backend'})
2025-07-31 08:58:51,483 [INFO] matcher - Adding Security Group for allow labelset: LabelSet(labels={'app': 'app-c', 'role': 'database'})
2025-07-31 08:58:51,580 [INFO] security_group_module - SG-app:app-arole:frontend already attached to worker-1
2025-07-31 08:58:51,583 [INFO] kopf.objects - Handler 'handle_new_pod/spec.nodeName' succeeded.
2025-07-31 08:58:51,585 [INFO] kopf.objects - Creation is processed: 1 succeeded; 0 failed.
2025-07-31 08:58:51,617 [INFO] root - Creating security group: SG-app:app-crole:database
2025-07-31 08:58:51,628 [INFO] matcher - PLS: Configuring new pod with labelset: {L}
2025-07-31 08:58:51,629 [INFO] matcher - PLS: Configuring new spol Policy(name=app-a-allow-backend-frontend, sel=LabelSet(labels={'app': 'app-a', 'role': 'backend'}), allow=[
(LabelSet(labels={'app': 'app-a', 'role': 'frontend'}), Traffic(direction=egress, port=80, protocol=TCP)) 
])
2025-07-31 08:58:51,629 [INFO] matcher - Adding Security Group for select labelset: LabelSet(labels={'app': 'app-a', 'role': 'backend'})
2025-07-31 08:58:51,629 [INFO] matcher - Adding Security Group for allow labelset: LabelSet(labels={'app': 'app-a', 'role': 'frontend'})
2025-07-31 08:58:51,629 [INFO] security_group_module - SGMod: Adding rule to SG-app:app-arole:backend, remote SG-app:app-arole:frontend, port 80, type egress
2025-07-31 08:58:51,742 [INFO] security_group_module - SGMod: Adding rule to SG-app:app-crole:backend, remote SG-app:app-crole:database, port 80, type ingress
2025-07-31 08:58:51,788 [INFO] matcher - PLS: Configuring new spol Policy(name=app-a-allow-database-backend, sel=LabelSet(labels={'app': 'app-a', 'role': 'database'}), allow=[
(LabelSet(labels={'app': 'app-a', 'role': 'backend'}), Traffic(direction=egress, port=80, protocol=TCP)) 
])
2025-07-31 08:58:51,788 [INFO] matcher - PLS: Configuring new spol Policy(name=app-a-allow-backend-database, sel=LabelSet(labels={'app': 'app-a', 'role': 'backend'}), allow=[
(LabelSet(labels={'app': 'app-a', 'role': 'database'}), Traffic(direction=egress, port=80, protocol=TCP)) 
])
2025-07-31 08:58:51,788 [INFO] matcher - Adding Security Group for select labelset: LabelSet(labels={'app': 'app-a', 'role': 'backend'})
2025-07-31 08:58:51,789 [INFO] matcher - Adding Security Group for allow labelset: LabelSet(labels={'app': 'app-a', 'role': 'database'})
2025-07-31 08:58:51,836 [INFO] root - Creating security group: SG-app:app-arole:database
2025-07-31 08:58:51,976 [INFO] security_group_module - SG-app:app-brole:backend already attached to worker-1
2025-07-31 08:58:51,979 [INFO] kopf.objects - Handler 'handle_new_pod/spec.nodeName' succeeded.
2025-07-31 08:58:51,981 [INFO] kopf.objects - Creation is processed: 1 succeeded; 0 failed.
2025-07-31 08:58:52,007 [INFO] matcher - PLS: Configuring new spol Policy(name=app-c-allow-backend-database, sel=LabelSet(labels={'app': 'app-c', 'role': 'backend'}), allow=[
(LabelSet(labels={'app': 'app-c', 'role': 'database'}), Traffic(direction=egress, port=80, protocol=TCP)) 
])
2025-07-31 08:58:52,007 [INFO] matcher - Adding Security Group for select labelset: LabelSet(labels={'app': 'app-c', 'role': 'backend'})
2025-07-31 08:58:52,007 [INFO] matcher - Adding Security Group for allow labelset: LabelSet(labels={'app': 'app-c', 'role': 'database'})
2025-07-31 08:58:52,007 [INFO] security_group_module - SGMod: Adding rule to SG-app:app-crole:backend, remote SG-app:app-crole:database, port 80, type egress
2025-07-31 08:58:52,012 [INFO] matcher - PLS: Configuring new pod with labelset: {L}
2025-07-31 08:58:52,013 [INFO] matcher - PLS: Configuring new spol Policy(name=app-b-allow-frontend-backend, sel=LabelSet(labels={'app': 'app-b', 'role': 'frontend'}), allow=[
(LabelSet(labels={'app': 'app-b', 'role': 'backend'}), Traffic(direction=egress, port=80, protocol=TCP)) 
])
2025-07-31 08:58:52,014 [INFO] matcher - Adding Security Group for select labelset: LabelSet(labels={'app': 'app-b', 'role': 'frontend'})
2025-07-31 08:58:52,014 [INFO] matcher - Adding Security Group for allow labelset: LabelSet(labels={'app': 'app-b', 'role': 'backend'})
2025-07-31 08:58:52,015 [INFO] security_group_module - SGMod: Adding rule to SG-app:app-brole:frontend, remote SG-app:app-brole:backend, port 80, type egress
2025-07-31 08:58:52,019 [INFO] security_group_module - SGMod: Adding rule to SG-app:app-arole:backend, remote SG-app:app-arole:database, port 80, type egress
2025-07-31 08:58:52,164 [INFO] matcher - PLS: Configuring new spol Policy(name=app-a-allow-frontend-backend, sel=LabelSet(labels={'app': 'app-a', 'role': 'frontend'}), allow=[
(LabelSet(labels={'app': 'app-a', 'role': 'backend'}), Traffic(direction=egress, port=80, protocol=TCP)) 
])
2025-07-31 08:58:52,165 [INFO] matcher - Adding Security Group for select labelset: LabelSet(labels={'app': 'app-a', 'role': 'frontend'})
2025-07-31 08:58:52,166 [INFO] matcher - Adding Security Group for allow labelset: LabelSet(labels={'app': 'app-a', 'role': 'backend'})
2025-07-31 08:58:52,166 [INFO] security_group_module - SGMod: Adding rule to SG-app:app-arole:frontend, remote SG-app:app-arole:backend, port 80, type egress
2025-07-31 08:58:52,250 [INFO] matcher - PLS: Configuring new spol Policy(name=app-c-allow-database-backend, sel=LabelSet(labels={'app': 'app-c', 'role': 'database'}), allow=[
(LabelSet(labels={'app': 'app-c', 'role': 'backend'}), Traffic(direction=egress, port=80, protocol=TCP)) 
])
2025-07-31 08:58:52,250 [INFO] matcher - PLS: Configuring new spol Policy(name=app-c-allow-frontend-backend, sel=LabelSet(labels={'app': 'app-c', 'role': 'frontend'}), allow=[
(LabelSet(labels={'app': 'app-c', 'role': 'backend'}), Traffic(direction=egress, port=80, protocol=TCP)) 
])
2025-07-31 08:58:52,419 [INFO] security_group_module - Cannot add rule to remotes: Security group rule already exists. Rule id is 6c5b7437-1c00-414c-92f5-9dbd94c5abd8.
Neutron server returns request_ids: ['req-393fc489-3cb8-41c4-a8ea-ac1568e7bfb0']
2025-07-31 08:58:52,420 [INFO] matcher - PLS: Configuring new spol Policy(name=app-a-allow-backend-frontend, sel=LabelSet(labels={'app': 'app-a', 'role': 'backend'}), allow=[
(LabelSet(labels={'app': 'app-a', 'role': 'frontend'}), Traffic(direction=ingress, port=80, protocol=TCP)) 
])
2025-07-31 08:58:52,421 [INFO] matcher - Adding Security Group for select labelset: LabelSet(labels={'app': 'app-a', 'role': 'backend'})
2025-07-31 08:58:52,421 [INFO] matcher - Adding Security Group for allow labelset: LabelSet(labels={'app': 'app-a', 'role': 'frontend'})
2025-07-31 08:58:52,421 [INFO] security_group_module - SGMod: Adding rule to SG-app:app-arole:backend, remote SG-app:app-arole:frontend, port 80, type ingress
2025-07-31 08:58:52,423 [INFO] matcher - PLS: Configuring new spol Policy(name=app-b-allow-backend-frontend, sel=LabelSet(labels={'app': 'app-b', 'role': 'backend'}), allow=[
(LabelSet(labels={'app': 'app-b', 'role': 'frontend'}), Traffic(direction=ingress, port=80, protocol=TCP)) 
])
2025-07-31 08:58:52,426 [INFO] matcher - Adding Security Group for select labelset: LabelSet(labels={'app': 'app-b', 'role': 'backend'})
2025-07-31 08:58:52,427 [INFO] matcher - Adding Security Group for allow labelset: LabelSet(labels={'app': 'app-b', 'role': 'frontend'})
2025-07-31 08:58:52,428 [INFO] security_group_module - SGMod: Adding rule to SG-app:app-brole:backend, remote SG-app:app-brole:frontend, port 80, type ingress
2025-07-31 08:58:52,544 [INFO] matcher - PLS: Configuring new spol Policy(name=app-a-allow-database-backend, sel=LabelSet(labels={'app': 'app-a', 'role': 'database'}), allow=[
(LabelSet(labels={'app': 'app-a', 'role': 'backend'}), Traffic(direction=ingress, port=80, protocol=TCP)) 
])
2025-07-31 08:58:52,545 [INFO] matcher - PLS: Configuring new spol Policy(name=app-a-allow-backend-database, sel=LabelSet(labels={'app': 'app-a', 'role': 'backend'}), allow=[
(LabelSet(labels={'app': 'app-a', 'role': 'database'}), Traffic(direction=ingress, port=80, protocol=TCP)) 
])
2025-07-31 08:58:52,545 [INFO] matcher - Adding Security Group for select labelset: LabelSet(labels={'app': 'app-a', 'role': 'backend'})
2025-07-31 08:58:52,545 [INFO] matcher - Adding Security Group for allow labelset: LabelSet(labels={'app': 'app-a', 'role': 'database'})
2025-07-31 08:58:52,545 [INFO] security_group_module - SGMod: Adding rule to SG-app:app-arole:backend, remote SG-app:app-arole:database, port 80, type ingress
2025-07-31 08:58:52,556 [INFO] security_group_module - SG-app:app-crole:backend already attached to worker-1
2025-07-31 08:58:52,558 [INFO] kopf.objects - Handler 'handle_new_pod/spec.nodeName' succeeded.
2025-07-31 08:58:52,559 [INFO] kopf.objects - Creation is processed: 1 succeeded; 0 failed.
2025-07-31 08:58:52,572 [INFO] security_group_module - Cannot add rule to remotes: Security group rule already exists. Rule id is 2ee7ddfc-a513-4629-bccf-ae1e99ee7228.
Neutron server returns request_ids: ['req-78f79819-587a-4a79-af5e-8c2cc063f21a']
2025-07-31 08:58:52,572 [INFO] matcher - PLS: Configuring new spol Policy(name=app-b-allow-frontend-backend, sel=LabelSet(labels={'app': 'app-b', 'role': 'frontend'}), allow=[
(LabelSet(labels={'app': 'app-b', 'role': 'backend'}), Traffic(direction=ingress, port=80, protocol=TCP)) 
])
2025-07-31 08:58:52,572 [INFO] matcher - Adding Security Group for select labelset: LabelSet(labels={'app': 'app-b', 'role': 'frontend'})
2025-07-31 08:58:52,572 [INFO] matcher - Adding Security Group for allow labelset: LabelSet(labels={'app': 'app-b', 'role': 'backend'})
2025-07-31 08:58:52,573 [INFO] security_group_module - SGMod: Adding rule to SG-app:app-brole:frontend, remote SG-app:app-brole:backend, port 80, type ingress
2025-07-31 08:58:52,596 [INFO] matcher - PLS: Configuring new pod with labelset: {L}
2025-07-31 08:58:52,596 [INFO] matcher - PLS: Configuring new spol Policy(name=app-c-allow-backend-frontend, sel=LabelSet(labels={'app': 'app-c', 'role': 'backend'}), allow=[
(LabelSet(labels={'app': 'app-c', 'role': 'frontend'}), Traffic(direction=egress, port=80, protocol=TCP)) 
])
2025-07-31 08:58:52,596 [INFO] matcher - Adding Security Group for select labelset: LabelSet(labels={'app': 'app-c', 'role': 'backend'})
2025-07-31 08:58:52,596 [INFO] matcher - Adding Security Group for allow labelset: LabelSet(labels={'app': 'app-c', 'role': 'frontend'})
2025-07-31 08:58:52,596 [INFO] security_group_module - SGMod: Adding rule to SG-app:app-crole:backend, remote SG-app:app-crole:frontend, port 80, type egress
2025-07-31 08:58:52,707 [INFO] matcher - PLS: Configuring new spol Policy(name=app-b-allow-backend-frontend, sel=LabelSet(labels={'app': 'app-b', 'role': 'backend'}), allow=[
(LabelSet(labels={'app': 'app-b', 'role': 'frontend'}), Traffic(direction=egress, port=80, protocol=TCP)) 
])
2025-07-31 08:58:52,707 [INFO] matcher - Adding Security Group for select labelset: LabelSet(labels={'app': 'app-b', 'role': 'backend'})
2025-07-31 08:58:52,707 [INFO] matcher - Adding Security Group for allow labelset: LabelSet(labels={'app': 'app-b', 'role': 'frontend'})
2025-07-31 08:58:52,707 [INFO] security_group_module - SGMod: Adding rule to SG-app:app-brole:backend, remote SG-app:app-brole:frontend, port 80, type egress
2025-07-31 08:58:52,713 [INFO] matcher - PLS: Configuring new spol Policy(name=app-a-allow-frontend-backend, sel=LabelSet(labels={'app': 'app-a', 'role': 'frontend'}), allow=[
(LabelSet(labels={'app': 'app-a', 'role': 'backend'}), Traffic(direction=ingress, port=80, protocol=TCP)) 
])
2025-07-31 08:58:52,714 [INFO] matcher - Adding Security Group for select labelset: LabelSet(labels={'app': 'app-a', 'role': 'frontend'})
2025-07-31 08:58:52,715 [INFO] matcher - Adding Security Group for allow labelset: LabelSet(labels={'app': 'app-a', 'role': 'backend'})
2025-07-31 08:58:52,715 [INFO] security_group_module - SGMod: Adding rule to SG-app:app-arole:frontend, remote SG-app:app-arole:backend, port 80, type ingress
2025-07-31 08:58:52,721 [INFO] security_group_module - Cannot add rule to remotes: Security group rule already exists. Rule id is f97dc717-a26d-4628-9028-d5ed732837b7.
Neutron server returns request_ids: ['req-8193a8fc-a533-4246-be26-befb7274049b']
2025-07-31 08:58:52,721 [INFO] matcher - PLS: Configuring new spol Policy(name=app-c-allow-frontend-backend, sel=LabelSet(labels={'app': 'app-c', 'role': 'frontend'}), allow=[
(LabelSet(labels={'app': 'app-c', 'role': 'backend'}), Traffic(direction=ingress, port=80, protocol=TCP)) 
])
2025-07-31 08:58:52,721 [INFO] matcher - Adding Security Group for select labelset: LabelSet(labels={'app': 'app-c', 'role': 'frontend'})
2025-07-31 08:58:52,721 [INFO] matcher - Adding Security Group for allow labelset: LabelSet(labels={'app': 'app-c', 'role': 'backend'})
2025-07-31 08:58:52,721 [INFO] security_group_module - SGMod: Adding rule to SG-app:app-crole:frontend, remote SG-app:app-crole:backend, port 80, type ingress
2025-07-31 08:58:52,821 [INFO] security_group_module - Cannot add rule to remotes: Security group rule already exists. Rule id is c019f7c3-652e-4eb2-849d-58e441ed0cad.
Neutron server returns request_ids: ['req-e2d60456-6eea-4857-8eca-0e715438dc69']
2025-07-31 08:58:52,872 [INFO] matcher - PLS: Configuring new spol Policy(name=app-c-allow-backend-frontend, sel=LabelSet(labels={'app': 'app-c', 'role': 'backend'}), allow=[
(LabelSet(labels={'app': 'app-c', 'role': 'frontend'}), Traffic(direction=ingress, port=80, protocol=TCP)) 
])
2025-07-31 08:58:52,872 [INFO] matcher - Adding Security Group for select labelset: LabelSet(labels={'app': 'app-c', 'role': 'backend'})
2025-07-31 08:58:52,872 [INFO] matcher - Adding Security Group for allow labelset: LabelSet(labels={'app': 'app-c', 'role': 'frontend'})
2025-07-31 08:58:52,872 [INFO] security_group_module - SGMod: Adding rule to SG-app:app-crole:backend, remote SG-app:app-crole:frontend, port 80, type ingress
2025-07-31 08:58:52,880 [INFO] security_group_module - Cannot add rule to remotes: Security group rule already exists. Rule id is f2843141-6e8c-4027-9cb8-df6e5ff2c923.
Neutron server returns request_ids: ['req-2ed50b57-22d8-4778-a5a7-2173bc9cf15a']
2025-07-31 08:58:52,979 [INFO] security_group_module - Cannot add rule to remotes: Security group rule already exists. Rule id is 281ef5b8-786c-444f-b9ea-5031025ab01b.
Neutron server returns request_ids: ['req-0fec985f-3fac-4d10-9724-eaccae4deec9']
2025-07-31 08:58:52,980 [INFO] matcher - PLS: Configuring new spol Policy(name=app-c-allow-frontend-backend, sel=LabelSet(labels={'app': 'app-c', 'role': 'frontend'}), allow=[
(LabelSet(labels={'app': 'app-c', 'role': 'backend'}), Traffic(direction=egress, port=80, protocol=TCP)) 
])
2025-07-31 08:58:52,981 [INFO] matcher - Adding Security Group for select labelset: LabelSet(labels={'app': 'app-c', 'role': 'frontend'})
2025-07-31 08:58:52,982 [INFO] matcher - Adding Security Group for allow labelset: LabelSet(labels={'app': 'app-c', 'role': 'backend'})
2025-07-31 08:58:52,982 [INFO] security_group_module - SGMod: Adding rule to SG-app:app-crole:frontend, remote SG-app:app-crole:backend, port 80, type egress
2025-07-31 08:58:53,130 [INFO] security_group_module - Attaching security group SG-app:app-arole:backend to instance worker-1
2025-07-31 08:58:53,297 [INFO] security_group_module - Attaching security group SG-app:app-brole:frontend to instance worker-1
2025-07-31 08:58:53,533 [INFO] kopf.objects - Handler 'handle_new_pod/spec.nodeName' succeeded.
2025-07-31 08:58:53,534 [INFO] kopf.objects - Creation is processed: 1 succeeded; 0 failed.
2025-07-31 08:58:53,571 [INFO] matcher - PLS: Configuring new pod with labelset: {L}
2025-07-31 08:58:53,571 [INFO] matcher - PLS: Configuring new spol Policy(name=app-a-allow-backend-database, sel=LabelSet(labels={'app': 'app-a', 'role': 'backend'}), allow=[
(LabelSet(labels={'app': 'app-a', 'role': 'database'}), Traffic(direction=ingress, port=80, protocol=TCP)) 
])
2025-07-31 08:58:53,571 [INFO] matcher - Adding Security Group for select labelset: LabelSet(labels={'app': 'app-a', 'role': 'backend'})
2025-07-31 08:58:53,571 [INFO] matcher - Adding Security Group for allow labelset: LabelSet(labels={'app': 'app-a', 'role': 'database'})
2025-07-31 08:58:53,571 [INFO] security_group_module - SGMod: Adding rule to SG-app:app-arole:backend, remote SG-app:app-arole:database, port 80, type ingress
2025-07-31 08:58:53,627 [INFO] security_group_module - Attaching security group SG-app:app-crole:frontend to instance worker-1
2025-07-31 08:58:53,684 [INFO] security_group_module - Cannot add rule to remotes: Security group rule already exists. Rule id is 596d87ac-b7f4-4793-a221-cf30f07d2f0e.
Neutron server returns request_ids: ['req-3c330440-cc29-4a65-9699-a1c9990e462c']
2025-07-31 08:58:53,684 [INFO] matcher - PLS: Configuring new spol Policy(name=app-a-allow-database-backend, sel=LabelSet(labels={'app': 'app-a', 'role': 'database'}), allow=[
(LabelSet(labels={'app': 'app-a', 'role': 'backend'}), Traffic(direction=egress, port=80, protocol=TCP)) 
])
2025-07-31 08:58:53,685 [INFO] matcher - Adding Security Group for select labelset: LabelSet(labels={'app': 'app-a', 'role': 'database'})
2025-07-31 08:58:53,685 [INFO] matcher - Adding Security Group for allow labelset: LabelSet(labels={'app': 'app-a', 'role': 'backend'})
2025-07-31 08:58:53,685 [INFO] security_group_module - SGMod: Adding rule to SG-app:app-arole:database, remote SG-app:app-arole:backend, port 80, type egress
2025-07-31 08:58:53,831 [INFO] matcher - PLS: Configuring new spol Policy(name=app-a-allow-database-backend, sel=LabelSet(labels={'app': 'app-a', 'role': 'database'}), allow=[
(LabelSet(labels={'app': 'app-a', 'role': 'backend'}), Traffic(direction=ingress, port=80, protocol=TCP)) 
])
2025-07-31 08:58:53,831 [INFO] matcher - Adding Security Group for select labelset: LabelSet(labels={'app': 'app-a', 'role': 'database'})
2025-07-31 08:58:53,831 [INFO] matcher - Adding Security Group for allow labelset: LabelSet(labels={'app': 'app-a', 'role': 'backend'})
2025-07-31 08:58:53,831 [INFO] security_group_module - SGMod: Adding rule to SG-app:app-arole:database, remote SG-app:app-arole:backend, port 80, type ingress
2025-07-31 08:58:53,908 [INFO] kopf.objects - Handler 'handle_new_pod/spec.nodeName' succeeded.
2025-07-31 08:58:53,908 [INFO] kopf.objects - Creation is processed: 1 succeeded; 0 failed.
2025-07-31 08:58:53,938 [INFO] matcher - PLS: Configuring new spol Policy(name=app-a-allow-backend-database, sel=LabelSet(labels={'app': 'app-a', 'role': 'backend'}), allow=[
(LabelSet(labels={'app': 'app-a', 'role': 'database'}), Traffic(direction=egress, port=80, protocol=TCP)) 
])
2025-07-31 08:58:53,938 [INFO] matcher - Adding Security Group for select labelset: LabelSet(labels={'app': 'app-a', 'role': 'backend'})
2025-07-31 08:58:53,938 [INFO] matcher - Adding Security Group for allow labelset: LabelSet(labels={'app': 'app-a', 'role': 'database'})
2025-07-31 08:58:53,943 [INFO] matcher - PLS: Configuring new pod with labelset: {L}
2025-07-31 08:58:53,943 [INFO] security_group_module - SGMod: Adding rule to SG-app:app-arole:backend, remote SG-app:app-arole:database, port 80, type egress
2025-07-31 08:58:53,943 [INFO] matcher - PLS: Configuring new spol Policy(name=app-b-allow-database-backend, sel=LabelSet(labels={'app': 'app-b', 'role': 'database'}), allow=[
(LabelSet(labels={'app': 'app-b', 'role': 'backend'}), Traffic(direction=ingress, port=80, protocol=TCP)) 
])
2025-07-31 08:58:53,945 [INFO] matcher - Adding Security Group for select labelset: LabelSet(labels={'app': 'app-b', 'role': 'database'})
2025-07-31 08:58:53,945 [INFO] matcher - Adding Security Group for allow labelset: LabelSet(labels={'app': 'app-b', 'role': 'backend'})
2025-07-31 08:58:53,946 [INFO] security_group_module - SGMod: Adding rule to SG-app:app-brole:database, remote SG-app:app-brole:backend, port 80, type ingress
2025-07-31 08:58:54,051 [INFO] security_group_module - Cannot add rule to remotes: Security group rule already exists. Rule id is 7a5c4441-240c-4495-9f30-e8975e95c41b.
Neutron server returns request_ids: ['req-8d32705f-281d-457d-9e6c-dcbe29b61a9f']
2025-07-31 08:58:54,082 [INFO] matcher - PLS: Configuring new spol Policy(name=app-b-allow-backend-database, sel=LabelSet(labels={'app': 'app-b', 'role': 'backend'}), allow=[
(LabelSet(labels={'app': 'app-b', 'role': 'database'}), Traffic(direction=ingress, port=80, protocol=TCP)) 
])
2025-07-31 08:58:54,083 [INFO] matcher - Adding Security Group for select labelset: LabelSet(labels={'app': 'app-b', 'role': 'backend'})
2025-07-31 08:58:54,084 [INFO] matcher - Adding Security Group for allow labelset: LabelSet(labels={'app': 'app-b', 'role': 'database'})
2025-07-31 08:58:54,084 [INFO] security_group_module - SGMod: Adding rule to SG-app:app-brole:backend, remote SG-app:app-brole:database, port 80, type ingress
2025-07-31 08:58:54,229 [INFO] security_group_module - Cannot add rule to remotes: Security group rule already exists. Rule id is 23ea3da5-eeff-4587-b713-7a3de6a542f0.
Neutron server returns request_ids: ['req-ee59668a-9bd1-40f0-9d2d-50e30eeee15d']
2025-07-31 08:58:54,229 [INFO] matcher - PLS: Configuring new spol Policy(name=app-b-allow-backend-database, sel=LabelSet(labels={'app': 'app-b', 'role': 'backend'}), allow=[
(LabelSet(labels={'app': 'app-b', 'role': 'database'}), Traffic(direction=egress, port=80, protocol=TCP)) 
])
2025-07-31 08:58:54,229 [INFO] matcher - Adding Security Group for select labelset: LabelSet(labels={'app': 'app-b', 'role': 'backend'})
2025-07-31 08:58:54,229 [INFO] matcher - Adding Security Group for allow labelset: LabelSet(labels={'app': 'app-b', 'role': 'database'})
2025-07-31 08:58:54,230 [INFO] security_group_module - SGMod: Adding rule to SG-app:app-brole:backend, remote SG-app:app-brole:database, port 80, type egress
2025-07-31 08:58:54,240 [INFO] kopf.objects - Handler 'handle_new_pod/spec.nodeName' succeeded.
2025-07-31 08:58:54,242 [INFO] kopf.objects - Creation is processed: 1 succeeded; 0 failed.
2025-07-31 08:58:54,269 [INFO] matcher - PLS: Configuring new pod with labelset: {L}
2025-07-31 08:58:54,269 [INFO] matcher - PLS: Configuring new spol Policy(name=app-c-allow-database-backend, sel=LabelSet(labels={'app': 'app-c', 'role': 'database'}), allow=[
(LabelSet(labels={'app': 'app-c', 'role': 'backend'}), Traffic(direction=egress, port=80, protocol=TCP)) 
])
2025-07-31 08:58:54,269 [INFO] matcher - Adding Security Group for select labelset: LabelSet(labels={'app': 'app-c', 'role': 'database'})
2025-07-31 08:58:54,270 [INFO] matcher - Adding Security Group for allow labelset: LabelSet(labels={'app': 'app-c', 'role': 'backend'})
2025-07-31 08:58:54,270 [INFO] security_group_module - SGMod: Adding rule to SG-app:app-crole:database, remote SG-app:app-crole:backend, port 80, type egress
2025-07-31 08:58:54,323 [INFO] security_group_module - Cannot add rule to remotes: Security group rule already exists. Rule id is 9f98df56-a7b6-469d-abc2-5d62adf43bae.
Neutron server returns request_ids: ['req-9eefac83-1aeb-45bf-81f6-331dd65de5fb']
2025-07-31 08:58:54,323 [INFO] matcher - PLS: Configuring new spol Policy(name=app-b-allow-database-backend, sel=LabelSet(labels={'app': 'app-b', 'role': 'database'}), allow=[
(LabelSet(labels={'app': 'app-b', 'role': 'backend'}), Traffic(direction=egress, port=80, protocol=TCP)) 
])
2025-07-31 08:58:54,323 [INFO] matcher - Adding Security Group for select labelset: LabelSet(labels={'app': 'app-b', 'role': 'database'})
2025-07-31 08:58:54,323 [INFO] matcher - Adding Security Group for allow labelset: LabelSet(labels={'app': 'app-b', 'role': 'backend'})
2025-07-31 08:58:54,324 [INFO] security_group_module - SGMod: Adding rule to SG-app:app-brole:database, remote SG-app:app-brole:backend, port 80, type egress
2025-07-31 08:58:54,433 [INFO] matcher - PLS: Configuring new spol Policy(name=app-c-allow-database-backend, sel=LabelSet(labels={'app': 'app-c', 'role': 'database'}), allow=[
(LabelSet(labels={'app': 'app-c', 'role': 'backend'}), Traffic(direction=ingress, port=80, protocol=TCP)) 
])
2025-07-31 08:58:54,433 [INFO] matcher - Adding Security Group for select labelset: LabelSet(labels={'app': 'app-c', 'role': 'database'})
2025-07-31 08:58:54,434 [INFO] matcher - Adding Security Group for allow labelset: LabelSet(labels={'app': 'app-c', 'role': 'backend'})
2025-07-31 08:58:54,434 [INFO] security_group_module - SGMod: Adding rule to SG-app:app-crole:database, remote SG-app:app-crole:backend, port 80, type ingress
2025-07-31 08:58:54,551 [INFO] matcher - PLS: Configuring new spol Policy(name=app-c-allow-backend-database, sel=LabelSet(labels={'app': 'app-c', 'role': 'backend'}), allow=[
(LabelSet(labels={'app': 'app-c', 'role': 'database'}), Traffic(direction=ingress, port=80, protocol=TCP)) 
])
2025-07-31 08:58:54,551 [INFO] matcher - Adding Security Group for select labelset: LabelSet(labels={'app': 'app-c', 'role': 'backend'})
2025-07-31 08:58:54,551 [INFO] matcher - Adding Security Group for allow labelset: LabelSet(labels={'app': 'app-c', 'role': 'database'})
2025-07-31 08:58:54,551 [INFO] security_group_module - SGMod: Adding rule to SG-app:app-crole:backend, remote SG-app:app-crole:database, port 80, type ingress
2025-07-31 08:58:54,656 [INFO] security_group_module - Cannot add rule to remotes: Security group rule already exists. Rule id is 6dc7c941-ce58-4ba9-9f77-cca7689a5ccd.
Neutron server returns request_ids: ['req-f6b14724-7560-4d08-a5b2-75fd1b7095ed']
2025-07-31 08:58:54,656 [INFO] matcher - PLS: Configuring new spol Policy(name=app-c-allow-backend-database, sel=LabelSet(labels={'app': 'app-c', 'role': 'backend'}), allow=[
(LabelSet(labels={'app': 'app-c', 'role': 'database'}), Traffic(direction=egress, port=80, protocol=TCP)) 
])
2025-07-31 08:58:54,656 [INFO] matcher - Adding Security Group for select labelset: LabelSet(labels={'app': 'app-c', 'role': 'backend'})
2025-07-31 08:58:54,656 [INFO] matcher - Adding Security Group for allow labelset: LabelSet(labels={'app': 'app-c', 'role': 'database'})
2025-07-31 08:58:54,658 [INFO] security_group_module - SGMod: Adding rule to SG-app:app-crole:backend, remote SG-app:app-crole:database, port 80, type egress
2025-07-31 08:58:54,657 [INFO] security_group_module - Attaching security group SG-app:app-arole:database to instance worker-1
2025-07-31 08:58:54,762 [INFO] security_group_module - Cannot add rule to remotes: Security group rule already exists. Rule id is 237df062-b810-47e3-bb1b-61e7a4de68d9.
Neutron server returns request_ids: ['req-9d1b56dc-fc23-4585-95fd-9d894f7d9add']
2025-07-31 08:58:54,785 [INFO] security_group_module - Attaching security group SG-app:app-brole:database to instance worker-1
2025-07-31 08:58:55,108 [INFO] security_group_module - Attaching security group SG-app:app-crole:database to instance worker-1
2025-07-31 08:58:55,111 [INFO] kopf.objects - Handler 'handle_new_pod/spec.nodeName' succeeded.
2025-07-31 08:58:55,115 [INFO] kopf.objects - Creation is processed: 1 succeeded; 0 failed.
2025-07-31 08:58:55,128 [INFO] kopf.objects - Handler 'handle_new_pod/spec.nodeName' succeeded.
2025-07-31 08:58:55,128 [INFO] kopf.objects - Creation is processed: 1 succeeded; 0 failed.
2025-07-31 08:58:55,146 [INFO] kopf.objects - Handler 'handle_new_pod/spec.nodeName' succeeded.
2025-07-31 08:58:55,146 [INFO] kopf.objects - Creation is processed: 1 succeeded; 0 failed.
2025-07-31 08:58:55,160 [INFO] kopf.objects - Handler 'handle_new_pod/spec.nodeName' succeeded.
2025-07-31 08:58:55,160 [INFO] kopf.objects - Creation is processed: 1 succeeded; 0 failed.
Handling the new pod object: Pod(name=test-pod-12, label_set=LabelSet(labels={'app': 'app-b', 'role': 'frontend'}), node=Node(name=worker-1)
[126074620974784] Handling pod test-pod-12, locking app:app-brole:frontend, app:app-brole:backend,  ...
New pod test-pod-13! old_node = None, new_node = worker-1.
Handling the new pod object: Pod(name=test-pod-13, label_set=LabelSet(labels={'app': 'app-b', 'role': 'backend'}), node=Node(name=worker-1)
[126074067351232] Handling pod test-pod-13, locking app:app-brole:frontend, app:app-brole:database, app:app-brole:backend,  ...
New pod test-pod-8! old_node = None, new_node = worker-1.
Handling the new pod object: Pod(name=test-pod-8, label_set=LabelSet(labels={'app': 'app-c', 'role': 'database'}), node=Node(name=worker-1)
[126074058958528] Handling pod test-pod-8, locking app:app-crole:database, app:app-crole:backend,  ...
New pod test-pod-14! old_node = None, new_node = worker-1.
Handling the new pod object: Pod(name=test-pod-14, label_set=LabelSet(labels={'app': 'app-b', 'role': 'database'}), node=Node(name=worker-1)
[126074050565824] Handling pod test-pod-14, locking app:app-brole:database, app:app-brole:backend,  ...
New pod test-pod-11! old_node = None, new_node = worker-1.
Handling the new pod object: Pod(name=test-pod-11, label_set=LabelSet(labels={'app': 'app-a', 'role': 'database'}), node=Node(name=worker-1)
[126074042173120] Handling pod test-pod-11, locking app:app-arole:database, app:app-arole:backend,  ...
New pod test-pod-15! old_node = None, new_node = worker-1.
Handling the new pod object: Pod(name=test-pod-15, label_set=LabelSet(labels={'app': 'app-c', 'role': 'frontend'}), node=Node(name=worker-1)
[126074033780416] Handling pod test-pod-15, locking app:app-crole:backend, app:app-crole:frontend,  ...
New pod test-pod-16! old_node = None, new_node = worker-1.
Handling the new pod object: Pod(name=test-pod-16, label_set=LabelSet(labels={'app': 'app-c', 'role': 'backend'}), node=Node(name=worker-1)
[126074025387712] Handling pod test-pod-16, locking app:app-crole:database, app:app-crole:frontend, app:app-crole:backend,  ...
New pod test-pod-17! old_node = None, new_node = worker-1.
Handling the new pod object: Pod(name=test-pod-17, label_set=LabelSet(labels={'app': 'app-c', 'role': 'database'}), node=Node(name=worker-1)
[126074016995008] Handling pod test-pod-17, locking app:app-crole:database, app:app-crole:backend,  ...
New pod test-pod-20! old_node = None, new_node = worker-1.
Handling the new pod object: Pod(name=test-pod-20, label_set=LabelSet(labels={'app': 'app-a', 'role': 'database'}), node=Node(name=worker-1)
[126073530480320] Handling pod test-pod-20, locking app:app-arole:database, app:app-arole:backend,  ...
New pod test-pod-18! old_node = None, new_node = worker-1.
Handling the new pod object: Pod(name=test-pod-18, label_set=LabelSet(labels={'app': 'app-a', 'role': 'frontend'}), node=Node(name=worker-1)
[126073522087616] Handling pod test-pod-18, locking app:app-arole:backend, app:app-arole:frontend,  ...
[126074906281664] Pod test-pod-0 handled. Released locks for: app:app-arole:backend, app:app-arole:frontend, 
New pod test-pod-22! old_node = None, new_node = worker-1.
Handling the new pod object: Pod(name=test-pod-22, label_set=LabelSet(labels={'app': 'app-b', 'role': 'backend'}), node=Node(name=worker-1)
[126074906281664] Handling pod test-pod-22, locking app:app-brole:frontend, app:app-brole:database, app:app-brole:backend,  ...
New pod: test-pod-1, on node: worker-1
[126074896840384] Pod test-pod-4 handled. Released locks for: app:app-brole:frontend, app:app-brole:database, app:app-brole:backend, 
New pod test-pod-23! old_node = None, new_node = worker-1.
Handling the new pod object: Pod(name=test-pod-23, label_set=LabelSet(labels={'app': 'app-b', 'role': 'database'}), node=Node(name=worker-1)
[126074896840384] Handling pod test-pod-23, locking app:app-brole:database, app:app-brole:backend,  ...
New pod: test-pod-3, on node: worker-1
[126074662938304] Pod test-pod-7 handled. Released locks for: app:app-crole:database, app:app-crole:frontend, app:app-crole:backend, 
New pod test-pod-19! old_node = None, new_node = worker-1.
Handling the new pod object: Pod(name=test-pod-19, label_set=LabelSet(labels={'app': 'app-a', 'role': 'backend'}), node=Node(name=worker-1)
[126074662938304] Handling pod test-pod-19, locking app:app-arole:backend, app:app-arole:frontend, app:app-arole:database,  ...
New pod: test-pod-6, on node: worker-1
[126074919917248] Pod test-pod-1 handled. Released locks for: app:app-arole:backend, app:app-arole:frontend, app:app-arole:database, 
New pod test-pod-24! old_node = None, new_node = worker-1.
Handling the new pod object: Pod(name=test-pod-24, label_set=LabelSet(labels={'app': 'app-c', 'role': 'frontend'}), node=Node(name=worker-1)
[126074919917248] Handling pod test-pod-24, locking app:app-crole:backend, app:app-crole:frontend,  ...
New pod: test-pod-2, on node: worker-1
[126074671331008] Pod test-pod-3 handled. Released locks for: app:app-brole:frontend, app:app-brole:backend, 
New pod test-pod-21! old_node = None, new_node = worker-1.
Handling the new pod object: Pod(name=test-pod-21, label_set=LabelSet(labels={'app': 'app-b', 'role': 'frontend'}), node=Node(name=worker-1)
[126074671331008] Handling pod test-pod-21, locking app:app-brole:frontend, app:app-brole:backend,  ...
New pod: test-pod-5, on node: worker-1
[126074646152896] Pod test-pod-6 handled. Released locks for: app:app-crole:backend, app:app-crole:frontend, 
New pod: test-pod-8, on node: worker-1
New pod test-pod-25! old_node = None, new_node = worker-1.
Handling the new pod object: Pod(name=test-pod-25, label_set=LabelSet(labels={'app': 'app-c', 'role': 'backend'}), node=Node(name=worker-1)
[126074646152896] Handling pod test-pod-25, locking app:app-crole:database, app:app-crole:frontend, app:app-crole:backend,  ...
[126074888447680] Pod test-pod-2 handled. Released locks for: app:app-arole:database, app:app-arole:backend, 
New pod test-pod-26! old_node = None, new_node = worker-1.
Handling the new pod object: Pod(name=test-pod-26, label_set=LabelSet(labels={'app': 'app-c', 'role': 'database'}), node=Node(name=worker-1)
[126074888447680] Handling pod test-pod-26, locking app:app-crole:database, app:app-crole:backend,  ...
New pod: test-pod-10, on node: worker-1
[126074637760192] Pod test-pod-10 handled. Released locks for: app:app-arole:backend, app:app-arole:frontend, app:app-arole:database, 
New pod test-pod-27! old_node = None, new_node = worker-1.
Handling the new pod object: Pod(name=test-pod-27, label_set=LabelSet(labels={'app': 'app-a', 'role': 'frontend'}), node=Node(name=worker-1)
[126074637760192] Handling pod test-pod-27, locking app:app-arole:backend, app:app-arole:frontend,  ...
New pod: test-pod-9, on node: worker-1
[126074629367488] Pod test-pod-9 handled. Released locks for: app:app-arole:backend, app:app-arole:frontend, 
New pod test-pod-28! old_node = None, new_node = worker-1.
Handling the new pod object: Pod(name=test-pod-28, label_set=LabelSet(labels={'app': 'app-a', 'role': 'backend'}), node=Node(name=worker-1)
[126074629367488] Handling pod test-pod-28, locking app:app-arole:backend, app:app-arole:frontend, app:app-arole:database,  ...
New pod: test-pod-11, on node: worker-1
[126074042173120] Pod test-pod-11 handled. Released locks for: app:app-arole:database, app:app-arole:backend, 
New pod: test-pod-20, on node: worker-1
New pod test-pod-29! old_node = None, new_node = worker-1.
Handling the new pod object: Pod(name=test-pod-29, label_set=LabelSet(labels={'app': 'app-a', 'role': 'database'}), node=Node(name=worker-1)
[126074042173120] Handling pod test-pod-29, locking app:app-arole:database, app:app-arole:backend,  ...
[126073530480320] Pod test-pod-20 handled. Released locks for: app:app-arole:database, app:app-arole:backend, 
New pod test-pod-30! old_node = None, new_node = worker-1.
Handling the new pod object: Pod(name=test-pod-30, label_set=LabelSet(labels={'app': 'app-b', 'role': 'frontend'}), node=Node(name=worker-1)
[126073530480320] Handling pod test-pod-30, locking app:app-brole:frontend, app:app-brole:backend,  ...
2025-07-31 08:58:55,177 [INFO] kopf.objects - Handler 'handle_new_pod/spec.nodeName' succeeded.
2025-07-31 08:58:55,179 [INFO] kopf.objects - Creation is processed: 1 succeeded; 0 failed.
2025-07-31 08:58:55,187 [INFO] kopf.objects - Handler 'handle_new_pod/spec.nodeName' succeeded.
2025-07-31 08:58:55,187 [INFO] kopf.objects - Creation is processed: 1 succeeded; 0 failed.
2025-07-31 08:58:55,201 [INFO] kopf.objects - Handler 'handle_new_pod/spec.nodeName' succeeded.
2025-07-31 08:58:55,201 [INFO] kopf.objects - Creation is processed: 1 succeeded; 0 failed.
2025-07-31 08:58:55,217 [INFO] kopf.objects - Handler 'handle_new_pod/spec.nodeName' succeeded.
2025-07-31 08:58:55,218 [INFO] kopf.objects - Creation is processed: 1 succeeded; 0 failed.
2025-07-31 08:58:55,234 [INFO] kopf.objects - Handler 'handle_new_pod/spec.nodeName' succeeded.
2025-07-31 08:58:55,235 [INFO] kopf.objects - Creation is processed: 1 succeeded; 0 failed.
2025-07-31 08:58:55,255 [INFO] kopf.objects - Handler 'handle_new_pod/spec.nodeName' succeeded.
2025-07-31 08:58:55,256 [INFO] kopf.objects - Creation is processed: 1 succeeded; 0 failed.
2025-07-31 08:58:55,273 [INFO] kopf.objects - Handler 'handle_new_pod/spec.nodeName' succeeded.
2025-07-31 08:58:55,273 [INFO] kopf.objects - Creation is processed: 1 succeeded; 0 failed.
2025-07-31 08:58:55,343 [INFO] kopf.objects - Handler 'handle_new_pod/spec.nodeName' succeeded.
2025-07-31 08:58:55,343 [INFO] kopf.objects - Creation is processed: 1 succeeded; 0 failed.
2025-07-31 08:58:55,357 [INFO] kopf.objects - Handler 'handle_new_pod/spec.nodeName' succeeded.
2025-07-31 08:58:55,359 [INFO] kopf.objects - Creation is processed: 1 succeeded; 0 failed.
2025-07-31 08:58:55,365 [INFO] kopf.objects - Handler 'handle_new_pod/spec.nodeName' succeeded.
2025-07-31 08:58:55,366 [INFO] kopf.objects - Creation is processed: 1 succeeded; 0 failed.
2025-07-31 08:58:55,383 [INFO] kopf.objects - Handler 'handle_new_pod/spec.nodeName' succeeded.
2025-07-31 08:58:55,383 [INFO] kopf.objects - Creation is processed: 1 succeeded; 0 failed.
2025-07-31 08:58:55,393 [INFO] kopf.objects - Handler 'handle_new_pod/spec.nodeName' succeeded.
2025-07-31 08:58:55,393 [INFO] kopf.objects - Creation is processed: 1 succeeded; 0 failed.
2025-07-31 08:58:55,413 [INFO] kopf.objects - Handler 'handle_new_pod/spec.nodeName' succeeded.
2025-07-31 08:58:55,414 [INFO] kopf.objects - Creation is processed: 1 succeeded; 0 failed.
2025-07-31 08:58:55,428 [INFO] kopf.objects - Handler 'handle_new_pod/spec.nodeName' succeeded.
2025-07-31 08:58:55,428 [INFO] kopf.objects - Creation is processed: 1 succeeded; 0 failed.
2025-07-31 08:58:55,447 [INFO] kopf.objects - Handler 'handle_new_pod/spec.nodeName' succeeded.
2025-07-31 08:58:55,448 [INFO] kopf.objects - Creation is processed: 1 succeeded; 0 failed.
2025-07-31 08:58:55,462 [INFO] kopf.objects - Handler 'handle_new_pod/spec.nodeName' succeeded.
2025-07-31 08:58:55,463 [INFO] kopf.objects - Creation is processed: 1 succeeded; 0 failed.
2025-07-31 08:58:55,472 [INFO] kopf.objects - Handler 'handle_new_pod/spec.nodeName' succeeded.
2025-07-31 08:58:55,473 [INFO] kopf.objects - Creation is processed: 1 succeeded; 0 failed.
2025-07-31 08:58:55,474 [INFO] kopf.objects - Handler 'handle_new_pod/spec.nodeName' succeeded.
2025-07-31 08:58:55,475 [INFO] kopf.objects - Creation is processed: 1 succeeded; 0 failed.
2025-07-31 08:58:55,488 [INFO] kopf.objects - Handler 'handle_new_pod/spec.nodeName' succeeded.
2025-07-31 08:58:55,488 [INFO] kopf.objects - Creation is processed: 1 succeeded; 0 failed.
New pod: test-pod-18, on node: worker-1
[126073522087616] Pod test-pod-18 handled. Released locks for: app:app-arole:backend, app:app-arole:frontend, 
New pod test-pod-31! old_node = None, new_node = worker-1.
Handling the new pod object: Pod(name=test-pod-31, label_set=LabelSet(labels={'app': 'app-b', 'role': 'backend'}), node=Node(name=worker-1)
[126073522087616] Handling pod test-pod-31, locking app:app-brole:frontend, app:app-brole:database, app:app-brole:backend,  ...
New pod: test-pod-19, on node: worker-1
[126074662938304] Pod test-pod-19 handled. Released locks for: app:app-arole:backend, app:app-arole:frontend, app:app-arole:database, 
New pod test-pod-32! old_node = None, new_node = worker-1.
Handling the new pod object: Pod(name=test-pod-32, label_set=LabelSet(labels={'app': 'app-b', 'role': 'database'}), node=Node(name=worker-1)
[126074662938304] Handling pod test-pod-32, locking app:app-brole:database, app:app-brole:backend,  ...
New pod: test-pod-27, on node: worker-1
[126074637760192] Pod test-pod-27 handled. Released locks for: app:app-arole:backend, app:app-arole:frontend, 
New pod: test-pod-28, on node: worker-1
New pod test-pod-33! old_node = None, new_node = worker-1.
Handling the new pod object: Pod(name=test-pod-33, label_set=LabelSet(labels={'app': 'app-c', 'role': 'frontend'}), node=Node(name=worker-1)
[126074637760192] Handling pod test-pod-33, locking app:app-crole:backend, app:app-crole:frontend,  ...
[126074629367488] Pod test-pod-28 handled. Released locks for: app:app-arole:backend, app:app-arole:frontend, app:app-arole:database, 
New pod test-pod-34! old_node = None, new_node = worker-1.
Handling the new pod object: Pod(name=test-pod-34, label_set=LabelSet(labels={'app': 'app-c', 'role': 'backend'}), node=Node(name=worker-1)
[126074629367488] Handling pod test-pod-34, locking app:app-crole:database, app:app-crole:frontend, app:app-crole:backend,  ...
New pod: test-pod-29, on node: worker-1
[126074042173120] Pod test-pod-29 handled. Released locks for: app:app-arole:database, app:app-arole:backend, 
New pod test-pod-36! old_node = None, new_node = worker-1.
Handling the new pod object: Pod(name=test-pod-36, label_set=LabelSet(labels={'app': 'app-a', 'role': 'frontend'}), node=Node(name=worker-1)
[126074042173120] Handling pod test-pod-36, locking app:app-arole:backend, app:app-arole:frontend,  ...
New pod: test-pod-36, on node: worker-1
[126074042173120] Pod test-pod-36 handled. Released locks for: app:app-arole:backend, app:app-arole:frontend, 
New pod test-pod-35! old_node = None, new_node = worker-1.
Handling the new pod object: Pod(name=test-pod-35, label_set=LabelSet(labels={'app': 'app-c', 'role': 'database'}), node=Node(name=worker-1)
[126074042173120] Handling pod test-pod-35, locking app:app-crole:database, app:app-crole:backend,  ...
[126074654545600] Pod test-pod-5 handled. Released locks for: app:app-brole:database, app:app-brole:backend, 
New pod test-pod-38! old_node = None, new_node = worker-1.
Handling the new pod object: Pod(name=test-pod-38, label_set=LabelSet(labels={'app': 'app-a', 'role': 'database'}), node=Node(name=worker-1)
[126074654545600] Handling pod test-pod-38, locking app:app-arole:database, app:app-arole:backend,  ...
New pod: test-pod-38, on node: worker-1
New pod: test-pod-12, on node: worker-1
[126074620974784] Pod test-pod-12 handled. Released locks for: app:app-brole:frontend, app:app-brole:backend, 
New pod test-pod-39! old_node = None, new_node = worker-1.
Handling the new pod object: Pod(name=test-pod-39, label_set=LabelSet(labels={'app': 'app-b', 'role': 'frontend'}), node=Node(name=worker-1)
[126074620974784] Handling pod test-pod-39, locking app:app-brole:frontend, app:app-brole:backend,  ...
[126074654545600] Pod test-pod-38 handled. Released locks for: app:app-arole:database, app:app-arole:backend, 
New pod: test-pod-13, on node: worker-1
New pod test-pod-37! old_node = None, new_node = worker-1.
Handling the new pod object: Pod(name=test-pod-37, label_set=LabelSet(labels={'app': 'app-a', 'role': 'backend'}), node=Node(name=worker-1)
[126074654545600] Handling pod test-pod-37, locking app:app-arole:backend, app:app-arole:frontend, app:app-arole:database,  ...
New pod: test-pod-37, on node: worker-1
[126074654545600] Pod test-pod-37 handled. Released locks for: app:app-arole:backend, app:app-arole:frontend, app:app-arole:database, 
New pod test-pod-40! old_node = None, new_node = worker-1.
Handling the new pod object: Pod(name=test-pod-40, label_set=LabelSet(labels={'app': 'app-b', 'role': 'backend'}), node=Node(name=worker-1)
[126074654545600] Handling pod test-pod-40, locking app:app-brole:frontend, app:app-brole:database, app:app-brole:backend,  ...
[126074067351232] Pod test-pod-13 handled. Released locks for: app:app-brole:frontend, app:app-brole:database, app:app-brole:backend, 
New pod test-pod-41! old_node = None, new_node = worker-1.
Handling the new pod object: Pod(name=test-pod-41, label_set=LabelSet(labels={'app': 'app-b', 'role': 'database'}), node=Node(name=worker-1)
[126074067351232] Handling pod test-pod-41, locking app:app-brole:database, app:app-brole:backend,  ...
New pod: test-pod-41, on node: worker-1
[126074067351232] Pod test-pod-41 handled. Released locks for: app:app-brole:database, app:app-brole:backend, 
New pod: test-pod-22, on node: worker-1
New pod test-pod-42! old_node = None, new_node = worker-1.
Handling the new pod object: Pod(name=test-pod-42, label_set=LabelSet(labels={'app': 'app-c', 'role': 'frontend'}), node=Node(name=worker-1)
[126074067351232] Handling pod test-pod-42, locking app:app-crole:backend, app:app-crole:frontend,  ...
[126074906281664] Pod test-pod-22 handled. Released locks for: app:app-brole:frontend, app:app-brole:database, app:app-brole:backend, 
New pod test-pod-43! old_node = None, new_node = worker-1.
Handling the new pod object: Pod(name=test-pod-43, label_set=LabelSet(labels={'app': 'app-c', 'role': 'backend'}), node=Node(name=worker-1)
[126074906281664] Handling pod test-pod-43, locking app:app-crole:database, app:app-crole:frontend, app:app-crole:backend,  ...
New pod: test-pod-23, on node: worker-1
[126074896840384] Pod test-pod-23 handled. Released locks for: app:app-brole:database, app:app-brole:backend, 
New pod test-pod-44! old_node = None, new_node = worker-1.
Handling the new pod object: Pod(name=test-pod-44, label_set=LabelSet(labels={'app': 'app-c', 'role': 'database'}), node=Node(name=worker-1)
[126074896840384] Handling pod test-pod-44, locking app:app-crole:database, app:app-crole:backend,  ...
New pod: test-pod-21, on node: worker-1
[126074671331008] Pod test-pod-21 handled. Released locks for: app:app-brole:frontend, app:app-brole:backend, 
New pod test-pod-45! old_node = None, new_node = worker-1.
Handling the new pod object: Pod(name=test-pod-45, label_set=LabelSet(labels={'app': 'app-a', 'role': 'frontend'}), node=Node(name=worker-1)
[126074671331008] Handling pod test-pod-45, locking app:app-arole:backend, app:app-arole:frontend,  ...
New pod: test-pod-45, on node: worker-1
New pod: test-pod-30, on node: worker-1
[126073530480320] Pod test-pod-30 handled. Released locks for: app:app-brole:frontend, app:app-brole:backend, 
New pod test-pod-46! old_node = None, new_node = worker-1.
Handling the new pod object: Pod(name=test-pod-46, label_set=LabelSet(labels={'app': 'app-a', 'role': 'backend'}), node=Node(name=worker-1)
[126073530480320] Handling pod test-pod-46, locking app:app-arole:backend, app:app-arole:frontend, app:app-arole:database,  ...
New pod: test-pod-31, on node: worker-1
[126074671331008] Pod test-pod-45 handled. Released locks for: app:app-arole:backend, app:app-arole:frontend, 
New pod test-pod-47! old_node = None, new_node = worker-1.
Handling the new pod object: Pod(name=test-pod-47, label_set=LabelSet(labels={'app': 'app-a', 'role': 'database'}), node=Node(name=worker-1)
[126074671331008] Handling pod test-pod-47, locking app:app-arole:database, app:app-arole:backend,  ...
New pod: test-pod-46, on node: worker-1
[126073522087616] Pod test-pod-31 handled. Released locks for: app:app-brole:frontend, app:app-brole:database, app:app-brole:backend, 
2025-07-31 08:58:55,503 [INFO] kopf.objects - Handler 'handle_new_pod/spec.nodeName' succeeded.
2025-07-31 08:58:55,504 [INFO] kopf.objects - Creation is processed: 1 succeeded; 0 failed.
2025-07-31 08:58:55,514 [INFO] kopf.objects - Handler 'handle_new_pod/spec.nodeName' succeeded.
2025-07-31 08:58:55,515 [INFO] kopf.objects - Creation is processed: 1 succeeded; 0 failed.
2025-07-31 08:58:55,578 [INFO] kopf.objects - Handler 'handle_new_pod/spec.nodeName' succeeded.
2025-07-31 08:58:55,580 [INFO] kopf.objects - Creation is processed: 1 succeeded; 0 failed.
2025-07-31 08:58:55,586 [INFO] kopf.objects - Handler 'handle_new_pod/spec.nodeName' succeeded.
2025-07-31 08:58:55,586 [INFO] kopf.objects - Creation is processed: 1 succeeded; 0 failed.
2025-07-31 08:58:55,601 [INFO] kopf.objects - Handler 'handle_new_pod/spec.nodeName' succeeded.
2025-07-31 08:58:55,601 [INFO] kopf.objects - Creation is processed: 1 succeeded; 0 failed.
2025-07-31 08:58:55,612 [INFO] kopf.objects - Handler 'handle_new_pod/spec.nodeName' succeeded.
2025-07-31 08:58:55,613 [INFO] kopf.objects - Creation is processed: 1 succeeded; 0 failed.
2025-07-31 08:58:55,634 [INFO] kopf.objects - Handler 'handle_new_pod/spec.nodeName' succeeded.
2025-07-31 08:58:55,634 [INFO] kopf.objects - Creation is processed: 1 succeeded; 0 failed.
2025-07-31 08:58:55,655 [INFO] kopf.objects - Handler 'handle_new_pod/spec.nodeName' succeeded.
2025-07-31 08:58:55,656 [INFO] kopf.objects - Creation is processed: 1 succeeded; 0 failed.
2025-07-31 08:58:55,662 [INFO] kopf.objects - Handler 'handle_new_pod/spec.nodeName' succeeded.
2025-07-31 08:58:55,663 [INFO] kopf.objects - Creation is processed: 1 succeeded; 0 failed.
2025-07-31 08:58:55,681 [INFO] kopf.objects - Handler 'handle_new_pod/spec.nodeName' succeeded.
2025-07-31 08:58:55,681 [INFO] kopf.objects - Creation is processed: 1 succeeded; 0 failed.
2025-07-31 08:58:55,702 [INFO] kopf.objects - Handler 'handle_new_pod/spec.nodeName' succeeded.
2025-07-31 08:58:55,702 [INFO] kopf.objects - Creation is processed: 1 succeeded; 0 failed.
2025-07-31 08:58:55,725 [INFO] kopf.objects - Handler 'handle_new_pod/spec.nodeName' succeeded.
2025-07-31 08:58:55,725 [INFO] kopf.objects - Creation is processed: 1 succeeded; 0 failed.
2025-07-31 08:58:55,748 [INFO] kopf.objects - Handler 'handle_new_pod/spec.nodeName' succeeded.
2025-07-31 08:58:55,749 [INFO] kopf.objects - Creation is processed: 1 succeeded; 0 failed.
2025-07-31 08:58:55,761 [INFO] kopf.objects - Handler 'handle_new_pod/spec.nodeName' succeeded.
2025-07-31 08:58:55,761 [INFO] kopf.objects - Creation is processed: 1 succeeded; 0 failed.
2025-07-31 08:58:55,778 [INFO] kopf.objects - Handler 'handle_new_pod/spec.nodeName' succeeded.
2025-07-31 08:58:55,779 [INFO] kopf.objects - Creation is processed: 1 succeeded; 0 failed.
2025-07-31 08:58:55,790 [INFO] kopf.objects - Handler 'handle_new_pod/spec.nodeName' succeeded.
2025-07-31 08:58:55,790 [INFO] kopf.objects - Creation is processed: 1 succeeded; 0 failed.
2025-07-31 08:58:55,805 [INFO] kopf.objects - Handler 'handle_new_pod/spec.nodeName' succeeded.
2025-07-31 08:58:55,806 [INFO] kopf.objects - Creation is processed: 1 succeeded; 0 failed.
2025-07-31 08:58:55,817 [INFO] kopf.objects - Handler 'handle_new_pod/spec.nodeName' succeeded.
2025-07-31 08:58:55,818 [INFO] kopf.objects - Creation is processed: 1 succeeded; 0 failed.
2025-07-31 08:58:55,832 [INFO] kopf.objects - Handler 'handle_new_pod/spec.nodeName' succeeded.
2025-07-31 08:58:55,833 [INFO] kopf.objects - Creation is processed: 1 succeeded; 0 failed.
2025-07-31 08:58:55,844 [INFO] kopf.objects - Handler 'handle_new_pod/spec.nodeName' succeeded.
2025-07-31 08:58:55,845 [INFO] kopf.objects - Creation is processed: 1 succeeded; 0 failed.
2025-07-31 08:58:55,860 [INFO] kopf.objects - Handler 'handle_new_pod/spec.nodeName' succeeded.
2025-07-31 08:58:55,860 [INFO] kopf.objects - Creation is processed: 1 succeeded; 0 failed.
