2025-07-30 08:59:41,565 [INFO] /app/code/main_operator.py - Starting Operator with 20 workers.
2025-07-30 08:59:41,565 [INFO] /app/code/main_operator.py - 🚀 Starting Kopf operator in mode: PLS, watching the test-thesis namespace.
2025-07-30 08:59:41,566 [INFO] root - Initializing Openstack Client!
2025-07-30 08:59:41,730 [INFO] root - ================================= LIGHT INITIALISATION DONE (Nodes added)=====================================
2025-07-30 08:59:41,745 [INFO] root - Grasshopper was running, initializing cluster state from database.
2025-07-30 08:59:41,745 [INFO] root - ============= INITIALISING CLUSTER STATE FROM DATABASE ==============
2025-07-30 08:59:41,753 [INFO] root - --------------
Cluster State:
Nodes:
  - Node(name=master-node)
  - Node(name=worker)
  - Node(name=worker-1)
  - Node(name=worker-2)

Pods:
  None

Policies:
  None

Offending Policies:
  None

Security Groups:
  None

Label Sets to Map Entries:
  None
--------------
2025-07-30 08:59:41,753 [INFO] root - ================== END OF INITIALISATION ===========================
2025-07-30 08:59:41,753 [INFO] operator_code.watcher_operator - Watcher class for Kopf Operator!
2025-07-30 08:59:41,754 [INFO] kopf.activities.startup - Activity 'startup_handler' succeeded.
2025-07-30 08:59:41,755 [INFO] kopf._core.engines.activities - Initial authentication has been initiated.
2025-07-30 08:59:41,759 [INFO] kopf.activities.authentication - Activity 'login_via_client' succeeded.
2025-07-30 08:59:41,760 [INFO] kopf._core.engines.activities - Initial authentication has finished.
2025-07-30 08:59:41,802 [WARNING] kopf._core.reactor.observation - Not enough permissions to list namespaces. Falling back to a list of namespaces which are assumed to exist: {'test-thesis'}
2025-07-30 08:59:41,805 [WARNING] kopf._core.reactor.observation - Not enough permissions to watch for namespaces: changes (deletion/creation) will not be noticed; the namespaces are only refreshed on operator restarts.
2025-07-30 08:59:46,903 [INFO] kopf.objects - Handler 'handle_new_policy' succeeded.
2025-07-30 08:59:46,904 [INFO] kopf.objects - Creation is processed: 1 succeeded; 0 failed.
2025-07-30 08:59:47,022 [INFO] matcher - PLS: Configuring new spol Policy(name=app-c-allow-frontend-backend, sel=LabelSet(labels={'app': 'app-c', 'role': 'frontend'}), allow=[
(LabelSet(labels={'app': 'app-c', 'role': 'backend'}), Traffic(direction=ingress, port=80, protocol=TCP)) 
])
2025-07-30 08:59:47,035 [INFO] matcher - PLS: Configuring new spol Policy(name=app-c-allow-frontend-backend, sel=LabelSet(labels={'app': 'app-c', 'role': 'frontend'}), allow=[
(LabelSet(labels={'app': 'app-c', 'role': 'backend'}), Traffic(direction=egress, port=80, protocol=TCP)) 
])
2025-07-30 08:59:47,048 [INFO] kopf.objects - Handler 'handle_new_policy' succeeded.
2025-07-30 08:59:47,049 [INFO] kopf.objects - Creation is processed: 1 succeeded; 0 failed.
2025-07-30 08:59:47,101 [INFO] matcher - PLS: Configuring new spol Policy(name=app-c-allow-database-backend, sel=LabelSet(labels={'app': 'app-c', 'role': 'database'}), allow=[
(LabelSet(labels={'app': 'app-c', 'role': 'backend'}), Traffic(direction=ingress, port=80, protocol=TCP)) 
])
2025-07-30 08:59:47,116 [INFO] matcher - PLS: Configuring new spol Policy(name=app-c-allow-database-backend, sel=LabelSet(labels={'app': 'app-c', 'role': 'database'}), allow=[
(LabelSet(labels={'app': 'app-c', 'role': 'backend'}), Traffic(direction=egress, port=80, protocol=TCP)) 
])
2025-07-30 08:59:47,128 [INFO] kopf.objects - Handler 'handle_new_policy' succeeded.
2025-07-30 08:59:47,130 [INFO] kopf.objects - Creation is processed: 1 succeeded; 0 failed.
2025-07-30 08:59:47,241 [INFO] matcher - PLS: Configuring new spol Policy(name=app-c-allow-backend-frontend, sel=LabelSet(labels={'app': 'app-c', 'role': 'backend'}), allow=[
(LabelSet(labels={'app': 'app-c', 'role': 'frontend'}), Traffic(direction=ingress, port=80, protocol=TCP)) 
])
2025-07-30 08:59:47,255 [INFO] matcher - PLS: Configuring new spol Policy(name=app-c-allow-backend-frontend, sel=LabelSet(labels={'app': 'app-c', 'role': 'backend'}), allow=[
(LabelSet(labels={'app': 'app-c', 'role': 'frontend'}), Traffic(direction=egress, port=80, protocol=TCP)) 
])
2025-07-30 08:59:47,265 [INFO] kopf.objects - Handler 'handle_new_policy' succeeded.
2025-07-30 08:59:47,266 [INFO] kopf.objects - Creation is processed: 1 succeeded; 0 failed.
2025-07-30 08:59:47,371 [INFO] matcher - PLS: Configuring new spol Policy(name=app-c-allow-backend-database, sel=LabelSet(labels={'app': 'app-c', 'role': 'backend'}), allow=[
(LabelSet(labels={'app': 'app-c', 'role': 'database'}), Traffic(direction=ingress, port=80, protocol=TCP)) 
])
2025-07-30 08:59:47,383 [INFO] matcher - PLS: Configuring new spol Policy(name=app-c-allow-backend-database, sel=LabelSet(labels={'app': 'app-c', 'role': 'backend'}), allow=[
(LabelSet(labels={'app': 'app-c', 'role': 'database'}), Traffic(direction=egress, port=80, protocol=TCP)) 
])
2025-07-30 08:59:47,393 [INFO] kopf.objects - Handler 'handle_new_policy' succeeded.
2025-07-30 08:59:47,395 [INFO] kopf.objects - Creation is processed: 1 succeeded; 0 failed.
2025-07-30 08:59:47,509 [INFO] matcher - PLS: Configuring new spol Policy(name=app-b-allow-backend-database, sel=LabelSet(labels={'app': 'app-b', 'role': 'backend'}), allow=[
(LabelSet(labels={'app': 'app-b', 'role': 'database'}), Traffic(direction=ingress, port=80, protocol=TCP)) 
])
2025-07-30 08:59:47,521 [INFO] matcher - PLS: Configuring new spol Policy(name=app-b-allow-backend-database, sel=LabelSet(labels={'app': 'app-b', 'role': 'backend'}), allow=[
(LabelSet(labels={'app': 'app-b', 'role': 'database'}), Traffic(direction=egress, port=80, protocol=TCP)) 
])
2025-07-30 08:59:47,535 [INFO] kopf.objects - Handler 'handle_new_policy' succeeded.
2025-07-30 08:59:47,536 [INFO] kopf.objects - Creation is processed: 1 succeeded; 0 failed.
2025-07-30 08:59:47,601 [INFO] matcher - PLS: Configuring new spol Policy(name=app-b-allow-database-backend, sel=LabelSet(labels={'app': 'app-b', 'role': 'database'}), allow=[
(LabelSet(labels={'app': 'app-b', 'role': 'backend'}), Traffic(direction=ingress, port=80, protocol=TCP)) 
])
2025-07-30 08:59:47,612 [INFO] matcher - PLS: Configuring new spol Policy(name=app-b-allow-database-backend, sel=LabelSet(labels={'app': 'app-b', 'role': 'database'}), allow=[
(LabelSet(labels={'app': 'app-b', 'role': 'backend'}), Traffic(direction=egress, port=80, protocol=TCP)) 
])
2025-07-30 08:59:47,623 [INFO] kopf.objects - Handler 'handle_new_policy' succeeded.
2025-07-30 08:59:47,624 [INFO] kopf.objects - Creation is processed: 1 succeeded; 0 failed.
2025-07-30 08:59:47,723 [INFO] matcher - PLS: Configuring new spol Policy(name=app-b-allow-frontend-backend, sel=LabelSet(labels={'app': 'app-b', 'role': 'frontend'}), allow=[
(LabelSet(labels={'app': 'app-b', 'role': 'backend'}), Traffic(direction=ingress, port=80, protocol=TCP)) 
])
2025-07-30 08:59:47,737 [INFO] matcher - PLS: Configuring new spol Policy(name=app-b-allow-frontend-backend, sel=LabelSet(labels={'app': 'app-b', 'role': 'frontend'}), allow=[
(LabelSet(labels={'app': 'app-b', 'role': 'backend'}), Traffic(direction=egress, port=80, protocol=TCP)) 
])
2025-07-30 08:59:47,750 [INFO] kopf.objects - Handler 'handle_new_policy' succeeded.
2025-07-30 08:59:47,751 [INFO] kopf.objects - Creation is processed: 1 succeeded; 0 failed.
2025-07-30 08:59:47,811 [INFO] kopf.objects - Handler 'handle_new_policy' succeeded.
2025-07-30 08:59:47,811 [INFO] kopf.objects - Creation is processed: 1 succeeded; 0 failed.
2025-07-30 08:59:47,911 [INFO] matcher - PLS: Configuring new spol Policy(name=app-b-allow-backend-frontend, sel=LabelSet(labels={'app': 'app-b', 'role': 'backend'}), allow=[
(LabelSet(labels={'app': 'app-b', 'role': 'frontend'}), Traffic(direction=ingress, port=80, protocol=TCP)) 
])
2025-07-30 08:59:47,923 [INFO] matcher - PLS: Configuring new spol Policy(name=app-b-allow-backend-frontend, sel=LabelSet(labels={'app': 'app-b', 'role': 'backend'}), allow=[
(LabelSet(labels={'app': 'app-b', 'role': 'frontend'}), Traffic(direction=egress, port=80, protocol=TCP)) 
])
2025-07-30 08:59:47,937 [INFO] kopf.objects - Handler 'handle_new_policy' succeeded.
2025-07-30 08:59:47,937 [INFO] kopf.objects - Creation is processed: 1 succeeded; 0 failed.
2025-07-30 08:59:48,028 [INFO] matcher - PLS: Configuring new spol Policy(name=app-a-allow-backend-database, sel=LabelSet(labels={'app': 'app-a', 'role': 'backend'}), allow=[
(LabelSet(labels={'app': 'app-a', 'role': 'database'}), Traffic(direction=ingress, port=80, protocol=TCP)) 
])
2025-07-30 08:59:48,038 [INFO] matcher - PLS: Configuring new spol Policy(name=app-a-allow-backend-database, sel=LabelSet(labels={'app': 'app-a', 'role': 'backend'}), allow=[
(LabelSet(labels={'app': 'app-a', 'role': 'database'}), Traffic(direction=egress, port=80, protocol=TCP)) 
])
2025-07-30 08:59:48,052 [INFO] kopf.objects - Handler 'handle_new_policy' succeeded.
2025-07-30 08:59:48,053 [INFO] kopf.objects - Creation is processed: 1 succeeded; 0 failed.
2025-07-30 08:59:48,122 [INFO] matcher - PLS: Configuring new spol Policy(name=app-a-allow-frontend-backend, sel=LabelSet(labels={'app': 'app-a', 'role': 'frontend'}), allow=[
(LabelSet(labels={'app': 'app-a', 'role': 'backend'}), Traffic(direction=ingress, port=80, protocol=TCP)) 
])
2025-07-30 08:59:48,133 [INFO] matcher - PLS: Configuring new spol Policy(name=app-a-allow-frontend-backend, sel=LabelSet(labels={'app': 'app-a', 'role': 'frontend'}), allow=[
(LabelSet(labels={'app': 'app-a', 'role': 'backend'}), Traffic(direction=egress, port=80, protocol=TCP)) 
])
2025-07-30 08:59:48,149 [INFO] kopf.objects - Handler 'handle_new_policy' succeeded.
2025-07-30 08:59:48,151 [INFO] kopf.objects - Creation is processed: 1 succeeded; 0 failed.
2025-07-30 08:59:48,246 [INFO] matcher - PLS: Configuring new spol Policy(name=app-a-allow-backend-frontend, sel=LabelSet(labels={'app': 'app-a', 'role': 'backend'}), allow=[
(LabelSet(labels={'app': 'app-a', 'role': 'frontend'}), Traffic(direction=ingress, port=80, protocol=TCP)) 
])
2025-07-30 08:59:48,262 [INFO] matcher - PLS: Configuring new spol Policy(name=app-a-allow-backend-frontend, sel=LabelSet(labels={'app': 'app-a', 'role': 'backend'}), allow=[
(LabelSet(labels={'app': 'app-a', 'role': 'frontend'}), Traffic(direction=egress, port=80, protocol=TCP)) 
])
2025-07-30 08:59:48,276 [INFO] kopf.objects - Handler 'handle_new_policy' succeeded.
2025-07-30 08:59:48,276 [INFO] kopf.objects - Creation is processed: 1 succeeded; 0 failed.
2025-07-30 08:59:48,370 [INFO] kopf.objects - Handler 'handle_new_policy' succeeded.
2025-07-30 08:59:48,371 [INFO] kopf.objects - Creation is processed: 1 succeeded; 0 failed.
2025-07-30 08:59:48,481 [INFO] matcher - PLS: Configuring new spol Policy(name=app-a-allow-database-backend, sel=LabelSet(labels={'app': 'app-a', 'role': 'database'}), allow=[
(LabelSet(labels={'app': 'app-a', 'role': 'backend'}), Traffic(direction=ingress, port=80, protocol=TCP)) 
])
2025-07-30 08:59:48,506 [INFO] matcher - PLS: Configuring new spol Policy(name=app-a-allow-database-backend, sel=LabelSet(labels={'app': 'app-a', 'role': 'database'}), allow=[
(LabelSet(labels={'app': 'app-a', 'role': 'backend'}), Traffic(direction=egress, port=80, protocol=TCP)) 
])
2025-07-30 08:59:48,518 [INFO] kopf.objects - Handler 'handle_new_policy' succeeded.
2025-07-30 08:59:48,519 [INFO] kopf.objects - Creation is processed: 1 succeeded; 0 failed.
2025-07-30 08:59:49,208 [INFO] matcher - PLS: Configuring new pod with labelset: {L}
2025-07-30 08:59:49,208 [INFO] matcher - PLS: Configuring new spol Policy(name=app-a-allow-backend-frontend, sel=LabelSet(labels={'app': 'app-a', 'role': 'backend'}), allow=[
(LabelSet(labels={'app': 'app-a', 'role': 'frontend'}), Traffic(direction=ingress, port=80, protocol=TCP)) 
])
2025-07-30 08:59:49,209 [INFO] matcher - PLS: Configuring new spol Policy(name=app-a-allow-frontend-backend, sel=LabelSet(labels={'app': 'app-a', 'role': 'frontend'}), allow=[
(LabelSet(labels={'app': 'app-a', 'role': 'backend'}), Traffic(direction=ingress, port=80, protocol=TCP)) 
])
2025-07-30 08:59:49,209 [INFO] matcher - Adding Security Group for select labelset: LabelSet(labels={'app': 'app-a', 'role': 'frontend'})
2025-07-30 08:59:49,274 [INFO] matcher - PLS: Configuring new pod with labelset: {L}
2025-07-30 08:59:49,274 [INFO] matcher - PLS: Configuring new spol Policy(name=app-c-allow-frontend-backend, sel=LabelSet(labels={'app': 'app-c', 'role': 'frontend'}), allow=[
(LabelSet(labels={'app': 'app-c', 'role': 'backend'}), Traffic(direction=egress, port=80, protocol=TCP)) 
])
2025-07-30 08:59:49,274 [INFO] matcher - Adding Security Group for select labelset: LabelSet(labels={'app': 'app-c', 'role': 'frontend'})
2025-07-30 08:59:49,295 [INFO] matcher - PLS: Configuring new pod with labelset: {L}
2025-07-30 08:59:49,295 [INFO] matcher - PLS: Configuring new spol Policy(name=app-b-allow-backend-frontend, sel=LabelSet(labels={'app': 'app-b', 'role': 'backend'}), allow=[
(LabelSet(labels={'app': 'app-b', 'role': 'frontend'}), Traffic(direction=ingress, port=80, protocol=TCP)) 
])
2025-07-30 08:59:49,295 [INFO] matcher - PLS: Configuring new spol Policy(name=app-b-allow-backend-frontend, sel=LabelSet(labels={'app': 'app-b', 'role': 'backend'}), allow=[
(LabelSet(labels={'app': 'app-b', 'role': 'frontend'}), Traffic(direction=egress, port=80, protocol=TCP)) 
])
2025-07-30 08:59:49,297 [INFO] matcher - PLS: Configuring new spol Policy(name=app-b-allow-frontend-backend, sel=LabelSet(labels={'app': 'app-b', 'role': 'frontend'}), allow=[
(LabelSet(labels={'app': 'app-b', 'role': 'backend'}), Traffic(direction=ingress, port=80, protocol=TCP)) 
])
2025-07-30 08:59:49,297 [INFO] matcher - Adding Security Group for select labelset: LabelSet(labels={'app': 'app-b', 'role': 'frontend'})
[124546163680960] Handling new policy app-c-deny-all, locking app:app-c,  ...
Successfully added policy app-c-deny-all to ClusterState
[124546163680960] Handled new policy app-c-deny-all, Released app:app-c,  ...
[124546163680960] Handling new policy app-c-allow-frontend-backend, locking app:app-crole:backend, app:app-crole:frontend,  ...
Successfully added policy app-c-allow-frontend-backend to ClusterState
[124546163680960] Handled new policy app-c-allow-frontend-backend, Released app:app-crole:backend, app:app-crole:frontend,  ...
[124546163680960] Handling new policy app-c-allow-database-backend, locking app:app-crole:database, app:app-crole:backend,  ...
Successfully added policy app-c-allow-database-backend to ClusterState
[124546163680960] Handled new policy app-c-allow-database-backend, Released app:app-crole:database, app:app-crole:backend,  ...
[124546163680960] Handling new policy app-c-allow-backend-frontend, locking app:app-crole:backend, app:app-crole:frontend,  ...
Successfully added policy app-c-allow-backend-frontend to ClusterState
[124546163680960] Handled new policy app-c-allow-backend-frontend, Released app:app-crole:backend, app:app-crole:frontend,  ...
[124546163680960] Handling new policy app-c-allow-backend-database, locking app:app-crole:database, app:app-crole:backend,  ...
Successfully added policy app-c-allow-backend-database to ClusterState
[124546163680960] Handled new policy app-c-allow-backend-database, Released app:app-crole:database, app:app-crole:backend,  ...
[124546163680960] Handling new policy app-b-allow-backend-database, locking app:app-brole:backend, app:app-brole:database,  ...
Successfully added policy app-b-allow-backend-database to ClusterState
[124546163680960] Handled new policy app-b-allow-backend-database, Released app:app-brole:backend, app:app-brole:database,  ...
[124546163680960] Handling new policy app-b-allow-database-backend, locking app:app-brole:database, app:app-brole:backend,  ...
Successfully added policy app-b-allow-database-backend to ClusterState
[124546163680960] Handled new policy app-b-allow-database-backend, Released app:app-brole:database, app:app-brole:backend,  ...
[124546163680960] Handling new policy app-b-allow-frontend-backend, locking app:app-brole:frontend, app:app-brole:backend,  ...
Successfully added policy app-b-allow-frontend-backend to ClusterState
[124546163680960] Handled new policy app-b-allow-frontend-backend, Released app:app-brole:frontend, app:app-brole:backend,  ...
[124546163680960] Handling new policy app-b-deny-all, locking app:app-b,  ...
Successfully added policy app-b-deny-all to ClusterState
[124546163680960] Handled new policy app-b-deny-all, Released app:app-b,  ...
[124546163680960] Handling new policy app-b-allow-backend-frontend, locking app:app-brole:frontend, app:app-brole:backend,  ...
Successfully added policy app-b-allow-backend-frontend to ClusterState
[124546163680960] Handled new policy app-b-allow-backend-frontend, Released app:app-brole:frontend, app:app-brole:backend,  ...
[124546163680960] Handling new policy app-a-allow-backend-database, locking app:app-arole:database, app:app-arole:backend,  ...
Successfully added policy app-a-allow-backend-database to ClusterState
[124546163680960] Handled new policy app-a-allow-backend-database, Released app:app-arole:database, app:app-arole:backend,  ...
[124546163680960] Handling new policy app-a-allow-frontend-backend, locking app:app-arole:frontend, app:app-arole:backend,  ...
Successfully added policy app-a-allow-frontend-backend to ClusterState
[124546163680960] Handled new policy app-a-allow-frontend-backend, Released app:app-arole:frontend, app:app-arole:backend,  ...
[124546163680960] Handling new policy app-a-allow-backend-frontend, locking app:app-arole:frontend, app:app-arole:backend,  ...
Successfully added policy app-a-allow-backend-frontend to ClusterState
[124546163680960] Handled new policy app-a-allow-backend-frontend, Released app:app-arole:frontend, app:app-arole:backend,  ...
[124546163680960] Handling new policy app-a-deny-all, locking app:app-a,  ...
Successfully added policy app-a-deny-all to ClusterState
[124546163680960] Handled new policy app-a-deny-all, Released app:app-a,  ...
[124546163680960] Handling new policy app-a-allow-database-backend, locking app:app-arole:database, app:app-arole:backend,  ...
Successfully added policy app-a-allow-database-backend to ClusterState
[124546163680960] Handled new policy app-a-allow-database-backend, Released app:app-arole:database, app:app-arole:backend,  ...
New pod test-pod-0! old_node = None, new_node = worker-1.
Handling the new pod object: Pod(name=test-pod-0, label_set=LabelSet(labels={'app': 'app-a', 'role': 'frontend'}), node=Node(name=worker-1)
[124546163680960] Handling pod test-pod-0, locking app:app-arole:frontend, app:app-arole:backend,  ...
New pod: test-pod-0, on node: worker-1
New pod test-pod-2! old_node = None, new_node = worker-1.
Handling the new pod object: Pod(name=test-pod-2, label_set=LabelSet(labels={'app': 'app-a', 'role': 'database'}), node=Node(name=worker-1)
[124546148996800] Handling pod test-pod-2, locking app:app-arole:database, app:app-arole:backend,  ...
New pod test-pod-1! old_node = None, new_node = worker-1.
Handling the new pod object: Pod(name=test-pod-1, label_set=LabelSet(labels={'app': 'app-a', 'role': 'backend'}), node=Node(name=worker-1)
[124546065626816] Handling pod test-pod-1, locking app:app-arole:database, app:app-arole:frontend, app:app-arole:backend,  ...
New pod test-pod-6! old_node = None, new_node = worker-1.
Handling the new pod object: Pod(name=test-pod-6, label_set=LabelSet(labels={'app': 'app-c', 'role': 'frontend'}), node=Node(name=worker-1)
[124546057234112] Handling pod test-pod-6, locking app:app-crole:backend, app:app-crole:frontend,  ...
New pod: test-pod-6, on node: worker-1
New pod test-pod-3! old_node = None, new_node = worker-1.
Handling the new pod object: Pod(name=test-pod-3, label_set=LabelSet(labels={'app': 'app-b', 'role': 'frontend'}), node=Node(name=worker-1)
[124546048841408] Handling pod test-pod-3, locking app:app-brole:frontend, app:app-brole:backend,  ...
New pod: test-pod-3, on node: worker-1
New pod test-pod-4! old_node = None, new_node = worker-1.
Handling the new pod object: Pod(name=test-pod-4, label_set=LabelSet(labels={'app': 'app-b', 'role': 'backend'}), node=Node(name=worker-1)
[124546040448704] Handling pod test-pod-4, locking app:app-brole:frontend, app:app-brole:backend, app:app-brole:database,  ...
New pod test-pod-8! old_node = None, new_node = worker-1.
Handling the new pod object: Pod(name=test-pod-8, label_set=LabelSet(labels={'app': 'app-c', 'role': 'database'}), node=Node(name=worker-1)
[124546032056000] Handling pod test-pod-8, locking app:app-crole:database, app:app-crole:backend,  ...
New pod test-pod-7! old_node = None, new_node = worker-1.
Handling the new pod object: Pod(name=test-pod-7, label_set=LabelSet(labels={'app': 'app-c', 'role': 'backend'}), node=Node(name=worker-1)
[124546023663296] Handling pod test-pod-7, locking app:app-crole:database, app:app-crole:backend, app:app-crole:frontend,  ...
New pod test-pod-9! old_node = None, new_node = worker-1.
Handling the new pod object: Pod(name=test-pod-9, label_set=LabelSet(labels={'app': 'app-a', 'role': 'frontend'}), node=Node(name=worker-1)
[124546015270592] Handling pod test-pod-9, locking app:app-arole:frontend, app:app-arole:backend,  ...
New pod test-pod-5! old_node = None, new_node = worker-1.
Handling the new pod object: Pod(name=test-pod-5, label_set=LabelSet(labels={'app': 'app-b', 'role': 'database'}), node=Node(name=worker-1)
[124545461647040] Handling pod test-pod-5, locking app:app-brole:database, app:app-brole:backend,  ...
New pod test-pod-13! old_node = None, new_node = worker-1.
Handling the new pod object: Pod(name=test-pod-13, label_set=LabelSet(labels={'app': 'app-b', 'role': 'backend'}), node=Node(name=worker-1)
[124545453254336] Handling pod test-pod-13, locking app:app-brole:frontend, app:app-brole:backend, app:app-brole:database,  ...
New pod test-pod-12! old_node = None, new_node = worker-1.
2025-07-30 08:59:49,981 [INFO] root - Creating security group: SG-app:app-crole:frontend
2025-07-30 08:59:50,006 [INFO] root - Creating security group: SG-app:app-arole:frontend
2025-07-30 08:59:50,094 [INFO] root - Creating security group: SG-app:app-brole:frontend
2025-07-30 08:59:51,990 [INFO] security_group_module - Attaching security group SG-app:app-brole:frontend to instance worker-1
2025-07-30 08:59:52,004 [INFO] security_group_module - Attaching security group SG-app:app-crole:frontend to instance worker-1
2025-07-30 08:59:52,255 [INFO] security_group_module - Attaching security group SG-app:app-arole:frontend to instance worker-1
2025-07-30 08:59:52,438 [INFO] matcher - Adding Security Group for allow labelset: LabelSet(labels={'app': 'app-b', 'role': 'backend'})
2025-07-30 08:59:52,495 [INFO] root - Creating security group: SG-app:app-brole:backend
2025-07-30 08:59:52,759 [INFO] security_group_module - SGMod: Adding rule to SG-app:app-brole:frontend, remote SG-app:app-brole:backend, port 80, type ingress
2025-07-30 08:59:52,860 [INFO] matcher - Adding Security Group for allow labelset: LabelSet(labels={'app': 'app-c', 'role': 'backend'})
2025-07-30 08:59:52,912 [INFO] root - Creating security group: SG-app:app-crole:backend
2025-07-30 08:59:52,935 [INFO] matcher - PLS: Configuring new spol Policy(name=app-b-allow-frontend-backend, sel=LabelSet(labels={'app': 'app-b', 'role': 'frontend'}), allow=[
(LabelSet(labels={'app': 'app-b', 'role': 'backend'}), Traffic(direction=egress, port=80, protocol=TCP)) 
])
2025-07-30 08:59:52,936 [INFO] matcher - Adding Security Group for select labelset: LabelSet(labels={'app': 'app-b', 'role': 'frontend'})
2025-07-30 08:59:52,936 [INFO] matcher - Adding Security Group for allow labelset: LabelSet(labels={'app': 'app-b', 'role': 'backend'})
2025-07-30 08:59:52,936 [INFO] security_group_module - SGMod: Adding rule to SG-app:app-brole:frontend, remote SG-app:app-brole:backend, port 80, type egress
2025-07-30 08:59:53,271 [INFO] security_group_module - SGMod: Adding rule to SG-app:app-crole:frontend, remote SG-app:app-crole:backend, port 80, type egress
2025-07-30 08:59:53,503 [INFO] matcher - Adding Security Group for allow labelset: LabelSet(labels={'app': 'app-a', 'role': 'backend'})
2025-07-30 08:59:53,550 [INFO] root - Creating security group: SG-app:app-arole:backend
2025-07-30 08:59:53,554 [INFO] matcher - PLS: Configuring new spol Policy(name=app-c-allow-frontend-backend, sel=LabelSet(labels={'app': 'app-c', 'role': 'frontend'}), allow=[
(LabelSet(labels={'app': 'app-c', 'role': 'backend'}), Traffic(direction=ingress, port=80, protocol=TCP)) 
])
2025-07-30 08:59:53,555 [INFO] matcher - Adding Security Group for select labelset: LabelSet(labels={'app': 'app-c', 'role': 'frontend'})
2025-07-30 08:59:53,556 [INFO] matcher - Adding Security Group for allow labelset: LabelSet(labels={'app': 'app-c', 'role': 'backend'})
2025-07-30 08:59:53,556 [INFO] security_group_module - SGMod: Adding rule to SG-app:app-crole:frontend, remote SG-app:app-crole:backend, port 80, type ingress
2025-07-30 08:59:53,665 [INFO] matcher - PLS: Configuring new spol Policy(name=app-c-allow-backend-frontend, sel=LabelSet(labels={'app': 'app-c', 'role': 'backend'}), allow=[
(LabelSet(labels={'app': 'app-c', 'role': 'frontend'}), Traffic(direction=egress, port=80, protocol=TCP)) 
])
2025-07-30 08:59:53,665 [INFO] matcher - PLS: Configuring new spol Policy(name=app-c-allow-backend-frontend, sel=LabelSet(labels={'app': 'app-c', 'role': 'backend'}), allow=[
(LabelSet(labels={'app': 'app-c', 'role': 'frontend'}), Traffic(direction=ingress, port=80, protocol=TCP)) 
])
2025-07-30 08:59:53,693 [INFO] security_group_module - SGMod: Adding rule to SG-app:app-arole:frontend, remote SG-app:app-arole:backend, port 80, type ingress
2025-07-30 08:59:53,790 [INFO] matcher - PLS: Configuring new spol Policy(name=app-a-allow-backend-frontend, sel=LabelSet(labels={'app': 'app-a', 'role': 'backend'}), allow=[
(LabelSet(labels={'app': 'app-a', 'role': 'frontend'}), Traffic(direction=egress, port=80, protocol=TCP)) 
])
2025-07-30 08:59:53,791 [INFO] matcher - PLS: Configuring new spol Policy(name=app-a-allow-frontend-backend, sel=LabelSet(labels={'app': 'app-a', 'role': 'frontend'}), allow=[
(LabelSet(labels={'app': 'app-a', 'role': 'backend'}), Traffic(direction=egress, port=80, protocol=TCP)) 
])
2025-07-30 08:59:53,791 [INFO] matcher - Adding Security Group for select labelset: LabelSet(labels={'app': 'app-a', 'role': 'frontend'})
2025-07-30 08:59:53,793 [INFO] matcher - Adding Security Group for allow labelset: LabelSet(labels={'app': 'app-a', 'role': 'backend'})
2025-07-30 08:59:53,793 [INFO] security_group_module - SGMod: Adding rule to SG-app:app-arole:frontend, remote SG-app:app-arole:backend, port 80, type egress
2025-07-30 08:59:54,565 [INFO] security_group_module - SG-app:app-crole:frontend already attached to worker-1
2025-07-30 08:59:54,569 [INFO] kopf.objects - Handler 'handle_new_pod/spec.nodeName' succeeded.
2025-07-30 08:59:54,570 [INFO] kopf.objects - Creation is processed: 1 succeeded; 0 failed.
2025-07-30 08:59:54,609 [INFO] matcher - PLS: Configuring new pod with labelset: {L}
2025-07-30 08:59:54,609 [INFO] matcher - PLS: Configuring new spol Policy(name=app-c-allow-backend-database, sel=LabelSet(labels={'app': 'app-c', 'role': 'backend'}), allow=[
(LabelSet(labels={'app': 'app-c', 'role': 'database'}), Traffic(direction=ingress, port=80, protocol=TCP)) 
])
2025-07-30 08:59:54,609 [INFO] matcher - PLS: Configuring new spol Policy(name=app-c-allow-database-backend, sel=LabelSet(labels={'app': 'app-c', 'role': 'database'}), allow=[
(LabelSet(labels={'app': 'app-c', 'role': 'backend'}), Traffic(direction=egress, port=80, protocol=TCP)) 
])
2025-07-30 08:59:54,610 [INFO] matcher - Adding Security Group for select labelset: LabelSet(labels={'app': 'app-c', 'role': 'database'})
2025-07-30 08:59:54,619 [INFO] security_group_module - SG-app:app-brole:frontend already attached to worker-1
2025-07-30 08:59:54,624 [INFO] kopf.objects - Handler 'handle_new_pod/spec.nodeName' succeeded.
2025-07-30 08:59:54,625 [INFO] kopf.objects - Creation is processed: 1 succeeded; 0 failed.
2025-07-30 08:59:54,653 [INFO] matcher - PLS: Configuring new pod with labelset: {L}
2025-07-30 08:59:54,653 [INFO] matcher - PLS: Configuring new spol Policy(name=app-b-allow-backend-frontend, sel=LabelSet(labels={'app': 'app-b', 'role': 'backend'}), allow=[
(LabelSet(labels={'app': 'app-b', 'role': 'frontend'}), Traffic(direction=egress, port=80, protocol=TCP)) 
])
2025-07-30 08:59:54,653 [INFO] matcher - Adding Security Group for select labelset: LabelSet(labels={'app': 'app-b', 'role': 'backend'})
2025-07-30 08:59:54,654 [INFO] matcher - Adding Security Group for allow labelset: LabelSet(labels={'app': 'app-b', 'role': 'frontend'})
2025-07-30 08:59:54,654 [INFO] security_group_module - SGMod: Adding rule to SG-app:app-brole:backend, remote SG-app:app-brole:frontend, port 80, type egress
2025-07-30 08:59:54,656 [INFO] root - Creating security group: SG-app:app-crole:database
2025-07-30 08:59:54,666 [INFO] security_group_module - SG-app:app-arole:frontend already attached to worker-1
2025-07-30 08:59:54,668 [INFO] kopf.objects - Handler 'handle_new_pod/spec.nodeName' succeeded.
2025-07-30 08:59:54,668 [INFO] kopf.objects - Creation is processed: 1 succeeded; 0 failed.
2025-07-30 08:59:54,735 [INFO] matcher - PLS: Configuring new pod with labelset: {L}
2025-07-30 08:59:54,736 [INFO] matcher - PLS: Configuring new spol Policy(name=app-a-allow-database-backend, sel=LabelSet(labels={'app': 'app-a', 'role': 'database'}), allow=[
(LabelSet(labels={'app': 'app-a', 'role': 'backend'}), Traffic(direction=ingress, port=80, protocol=TCP)) 
])
2025-07-30 08:59:54,736 [INFO] matcher - Adding Security Group for select labelset: LabelSet(labels={'app': 'app-a', 'role': 'database'})
2025-07-30 08:59:54,771 [INFO] root - Creating security group: SG-app:app-arole:database
2025-07-30 08:59:54,789 [INFO] matcher - PLS: Configuring new spol Policy(name=app-b-allow-backend-database, sel=LabelSet(labels={'app': 'app-b', 'role': 'backend'}), allow=[
(LabelSet(labels={'app': 'app-b', 'role': 'database'}), Traffic(direction=egress, port=80, protocol=TCP)) 
])
2025-07-30 08:59:54,789 [INFO] matcher - Adding Security Group for select labelset: LabelSet(labels={'app': 'app-b', 'role': 'backend'})
2025-07-30 08:59:54,789 [INFO] matcher - Adding Security Group for allow labelset: LabelSet(labels={'app': 'app-b', 'role': 'database'})
2025-07-30 08:59:54,873 [INFO] root - Creating security group: SG-app:app-brole:database
2025-07-30 08:59:55,006 [INFO] security_group_module - SGMod: Adding rule to SG-app:app-brole:backend, remote SG-app:app-brole:database, port 80, type egress
2025-07-30 08:59:55,312 [INFO] matcher - PLS: Configuring new spol Policy(name=app-b-allow-frontend-backend, sel=LabelSet(labels={'app': 'app-b', 'role': 'frontend'}), allow=[
(LabelSet(labels={'app': 'app-b', 'role': 'backend'}), Traffic(direction=ingress, port=80, protocol=TCP)) 
])
2025-07-30 08:59:55,312 [INFO] matcher - Adding Security Group for select labelset: LabelSet(labels={'app': 'app-b', 'role': 'frontend'})
2025-07-30 08:59:55,313 [INFO] matcher - Adding Security Group for allow labelset: LabelSet(labels={'app': 'app-b', 'role': 'backend'})
2025-07-30 08:59:55,314 [INFO] security_group_module - SGMod: Adding rule to SG-app:app-brole:frontend, remote SG-app:app-brole:backend, port 80, type ingress
2025-07-30 08:59:55,394 [INFO] security_group_module - Cannot add rule to remotes: Security group rule already exists. Rule id is 3bb9d89a-6063-4c31-816b-f95bb3a4ee48.
Neutron server returns request_ids: ['req-077e6362-329a-4735-bdea-df52f0ba7eb3']
2025-07-30 08:59:55,394 [INFO] matcher - PLS: Configuring new spol Policy(name=app-b-allow-frontend-backend, sel=LabelSet(labels={'app': 'app-b', 'role': 'frontend'}), allow=[
(LabelSet(labels={'app': 'app-b', 'role': 'backend'}), Traffic(direction=egress, port=80, protocol=TCP)) 
])
2025-07-30 08:59:55,395 [INFO] matcher - Adding Security Group for select labelset: LabelSet(labels={'app': 'app-b', 'role': 'frontend'})
2025-07-30 08:59:55,395 [INFO] matcher - Adding Security Group for allow labelset: LabelSet(labels={'app': 'app-b', 'role': 'backend'})
2025-07-30 08:59:55,395 [INFO] security_group_module - SGMod: Adding rule to SG-app:app-brole:frontend, remote SG-app:app-brole:backend, port 80, type egress
2025-07-30 08:59:55,545 [INFO] security_group_module - Cannot add rule to remotes: Security group rule already exists. Rule id is bcc60a73-5743-4ae3-85db-af2701eefb75.
Neutron server returns request_ids: ['req-e8a85339-421f-4d4d-8581-63e17798243c']
2025-07-30 08:59:55,545 [INFO] matcher - PLS: Configuring new spol Policy(name=app-b-allow-backend-frontend, sel=LabelSet(labels={'app': 'app-b', 'role': 'backend'}), allow=[
(LabelSet(labels={'app': 'app-b', 'role': 'frontend'}), Traffic(direction=ingress, port=80, protocol=TCP)) 
])
2025-07-30 08:59:55,545 [INFO] matcher - Adding Security Group for select labelset: LabelSet(labels={'app': 'app-b', 'role': 'backend'})
2025-07-30 08:59:55,546 [INFO] matcher - Adding Security Group for allow labelset: LabelSet(labels={'app': 'app-b', 'role': 'frontend'})
2025-07-30 08:59:55,546 [INFO] security_group_module - SGMod: Adding rule to SG-app:app-brole:backend, remote SG-app:app-brole:frontend, port 80, type ingress
2025-07-30 08:59:55,653 [INFO] matcher - PLS: Configuring new spol Policy(name=app-b-allow-database-backend, sel=LabelSet(labels={'app': 'app-b', 'role': 'database'}), allow=[
(LabelSet(labels={'app': 'app-b', 'role': 'backend'}), Traffic(direction=egress, port=80, protocol=TCP)) 
])
2025-07-30 08:59:55,653 [INFO] matcher - PLS: Configuring new spol Policy(name=app-b-allow-database-backend, sel=LabelSet(labels={'app': 'app-b', 'role': 'database'}), allow=[
(LabelSet(labels={'app': 'app-b', 'role': 'backend'}), Traffic(direction=ingress, port=80, protocol=TCP)) 
])
2025-07-30 08:59:55,654 [INFO] matcher - PLS: Configuring new spol Policy(name=app-b-allow-backend-database, sel=LabelSet(labels={'app': 'app-b', 'role': 'backend'}), allow=[
(LabelSet(labels={'app': 'app-b', 'role': 'database'}), Traffic(direction=ingress, port=80, protocol=TCP)) 
])
2025-07-30 08:59:55,654 [INFO] matcher - Adding Security Group for select labelset: LabelSet(labels={'app': 'app-b', 'role': 'backend'})
2025-07-30 08:59:55,654 [INFO] matcher - Adding Security Group for allow labelset: LabelSet(labels={'app': 'app-b', 'role': 'database'})
2025-07-30 08:59:55,654 [INFO] security_group_module - SGMod: Adding rule to SG-app:app-brole:backend, remote SG-app:app-brole:database, port 80, type ingress
2025-07-30 08:59:56,177 [INFO] security_group_module - Attaching security group SG-app:app-crole:database to instance worker-1
2025-07-30 08:59:56,564 [INFO] matcher - Adding Security Group for allow labelset: LabelSet(labels={'app': 'app-c', 'role': 'backend'})
2025-07-30 08:59:56,564 [INFO] security_group_module - SGMod: Adding rule to SG-app:app-crole:database, remote SG-app:app-crole:backend, port 80, type egress
2025-07-30 08:59:56,684 [INFO] matcher - PLS: Configuring new spol Policy(name=app-c-allow-database-backend, sel=LabelSet(labels={'app': 'app-c', 'role': 'database'}), allow=[
(LabelSet(labels={'app': 'app-c', 'role': 'backend'}), Traffic(direction=ingress, port=80, protocol=TCP)) 
])
2025-07-30 08:59:56,684 [INFO] matcher - Adding Security Group for select labelset: LabelSet(labels={'app': 'app-c', 'role': 'database'})
2025-07-30 08:59:56,684 [INFO] matcher - Adding Security Group for allow labelset: LabelSet(labels={'app': 'app-c', 'role': 'backend'})
2025-07-30 08:59:56,685 [INFO] security_group_module - SGMod: Adding rule to SG-app:app-crole:database, remote SG-app:app-crole:backend, port 80, type ingress
2025-07-30 08:59:56,869 [INFO] matcher - PLS: Configuring new spol Policy(name=app-c-allow-backend-database, sel=LabelSet(labels={'app': 'app-c', 'role': 'backend'}), allow=[
(LabelSet(labels={'app': 'app-c', 'role': 'database'}), Traffic(direction=egress, port=80, protocol=TCP)) 
])
2025-07-30 08:59:57,169 [INFO] security_group_module - SG-app:app-crole:database already attached to worker-1
2025-07-30 08:59:57,172 [INFO] kopf.objects - Handler 'handle_new_pod/spec.nodeName' succeeded.
2025-07-30 08:59:57,173 [INFO] kopf.objects - Creation is processed: 1 succeeded; 0 failed.
2025-07-30 08:59:57,199 [INFO] matcher - PLS: Configuring new pod with labelset: {L}
2025-07-30 08:59:57,200 [INFO] matcher - PLS: Configuring new spol Policy(name=app-c-allow-database-backend, sel=LabelSet(labels={'app': 'app-c', 'role': 'database'}), allow=[
(LabelSet(labels={'app': 'app-c', 'role': 'backend'}), Traffic(direction=ingress, port=80, protocol=TCP)) 
])
2025-07-30 08:59:57,201 [INFO] matcher - Adding Security Group for select labelset: LabelSet(labels={'app': 'app-c', 'role': 'database'})
2025-07-30 08:59:57,201 [INFO] matcher - Adding Security Group for allow labelset: LabelSet(labels={'app': 'app-c', 'role': 'backend'})
2025-07-30 08:59:57,201 [INFO] security_group_module - SGMod: Adding rule to SG-app:app-crole:database, remote SG-app:app-crole:backend, port 80, type ingress
2025-07-30 08:59:57,280 [INFO] security_group_module - Cannot add rule to remotes: Security group rule already exists. Rule id is 3c330a39-fa64-408d-9841-4bac26a5b6c3.
Neutron server returns request_ids: ['req-2ae2bbcb-5ca5-4fb2-b485-445ffad916b9']
2025-07-30 08:59:57,281 [INFO] matcher - PLS: Configuring new spol Policy(name=app-c-allow-backend-database, sel=LabelSet(labels={'app': 'app-c', 'role': 'backend'}), allow=[
(LabelSet(labels={'app': 'app-c', 'role': 'database'}), Traffic(direction=ingress, port=80, protocol=TCP)) 
])
2025-07-30 08:59:57,281 [INFO] matcher - Adding Security Group for select labelset: LabelSet(labels={'app': 'app-c', 'role': 'backend'})
2025-07-30 08:59:57,281 [INFO] matcher - Adding Security Group for allow labelset: LabelSet(labels={'app': 'app-c', 'role': 'database'})
2025-07-30 08:59:57,281 [INFO] security_group_module - SGMod: Adding rule to SG-app:app-crole:backend, remote SG-app:app-crole:database, port 80, type ingress
2025-07-30 08:59:57,399 [INFO] matcher - PLS: Configuring new spol Policy(name=app-c-allow-backend-database, sel=LabelSet(labels={'app': 'app-c', 'role': 'backend'}), allow=[
(LabelSet(labels={'app': 'app-c', 'role': 'database'}), Traffic(direction=egress, port=80, protocol=TCP)) 
])
2025-07-30 08:59:57,399 [INFO] matcher - Adding Security Group for select labelset: LabelSet(labels={'app': 'app-c', 'role': 'backend'})
2025-07-30 08:59:57,399 [INFO] matcher - Adding Security Group for allow labelset: LabelSet(labels={'app': 'app-c', 'role': 'database'})
2025-07-30 08:59:57,400 [INFO] security_group_module - SGMod: Adding rule to SG-app:app-crole:backend, remote SG-app:app-crole:database, port 80, type egress
2025-07-30 08:59:57,614 [INFO] matcher - PLS: Configuring new spol Policy(name=app-c-allow-frontend-backend, sel=LabelSet(labels={'app': 'app-c', 'role': 'frontend'}), allow=[
(LabelSet(labels={'app': 'app-c', 'role': 'backend'}), Traffic(direction=ingress, port=80, protocol=TCP)) 
])
2025-07-30 08:59:57,615 [INFO] matcher - Adding Security Group for select labelset: LabelSet(labels={'app': 'app-c', 'role': 'frontend'})
2025-07-30 08:59:57,615 [INFO] matcher - Adding Security Group for allow labelset: LabelSet(labels={'app': 'app-c', 'role': 'backend'})
2025-07-30 08:59:57,615 [INFO] security_group_module - SGMod: Adding rule to SG-app:app-crole:frontend, remote SG-app:app-crole:backend, port 80, type ingress
2025-07-30 08:59:57,717 [INFO] security_group_module - Cannot add rule to remotes: Security group rule already exists. Rule id is c9cb6ce3-27ad-4bb5-b060-e51f64a12db3.
Neutron server returns request_ids: ['req-3a21ee21-048a-4cfa-ae0a-655251f26505']
2025-07-30 08:59:57,717 [INFO] matcher - PLS: Configuring new spol Policy(name=app-c-allow-backend-frontend, sel=LabelSet(labels={'app': 'app-c', 'role': 'backend'}), allow=[
(LabelSet(labels={'app': 'app-c', 'role': 'frontend'}), Traffic(direction=ingress, port=80, protocol=TCP)) 
])
2025-07-30 08:59:57,717 [INFO] matcher - Adding Security Group for select labelset: LabelSet(labels={'app': 'app-c', 'role': 'backend'})
2025-07-30 08:59:57,717 [INFO] matcher - Adding Security Group for allow labelset: LabelSet(labels={'app': 'app-c', 'role': 'frontend'})
2025-07-30 08:59:57,718 [INFO] security_group_module - SGMod: Adding rule to SG-app:app-crole:backend, remote SG-app:app-crole:frontend, port 80, type ingress
2025-07-30 08:59:57,834 [INFO] matcher - PLS: Configuring new spol Policy(name=app-c-allow-database-backend, sel=LabelSet(labels={'app': 'app-c', 'role': 'database'}), allow=[
(LabelSet(labels={'app': 'app-c', 'role': 'backend'}), Traffic(direction=egress, port=80, protocol=TCP)) 
])
2025-07-30 08:59:57,834 [INFO] matcher - Adding Security Group for select labelset: LabelSet(labels={'app': 'app-c', 'role': 'database'})
2025-07-30 08:59:57,834 [INFO] matcher - Adding Security Group for allow labelset: LabelSet(labels={'app': 'app-c', 'role': 'backend'})
2025-07-30 08:59:57,834 [INFO] security_group_module - SGMod: Adding rule to SG-app:app-crole:database, remote SG-app:app-crole:backend, port 80, type egress
2025-07-30 08:59:57,936 [INFO] security_group_module - Cannot add rule to remotes: Security group rule already exists. Rule id is 3006de97-3326-435b-8689-b64fc63da1e6.
Neutron server returns request_ids: ['req-a794b461-3725-4c7c-9594-63a79ad014f1']
2025-07-30 08:59:57,937 [INFO] matcher - PLS: Configuring new spol Policy(name=app-c-allow-backend-frontend, sel=LabelSet(labels={'app': 'app-c', 'role': 'backend'}), allow=[
(LabelSet(labels={'app': 'app-c', 'role': 'frontend'}), Traffic(direction=egress, port=80, protocol=TCP)) 
])
2025-07-30 08:59:57,937 [INFO] matcher - Adding Security Group for select labelset: LabelSet(labels={'app': 'app-c', 'role': 'backend'})
2025-07-30 08:59:57,938 [INFO] matcher - Adding Security Group for allow labelset: LabelSet(labels={'app': 'app-c', 'role': 'frontend'})
2025-07-30 08:59:57,938 [INFO] security_group_module - SGMod: Adding rule to SG-app:app-crole:backend, remote SG-app:app-crole:frontend, port 80, type egress
2025-07-30 08:59:58,029 [INFO] matcher - PLS: Configuring new spol Policy(name=app-c-allow-frontend-backend, sel=LabelSet(labels={'app': 'app-c', 'role': 'frontend'}), allow=[
(LabelSet(labels={'app': 'app-c', 'role': 'backend'}), Traffic(direction=egress, port=80, protocol=TCP)) 
])
2025-07-30 08:59:58,029 [INFO] matcher - Adding Security Group for select labelset: LabelSet(labels={'app': 'app-c', 'role': 'frontend'})
2025-07-30 08:59:58,029 [INFO] matcher - Adding Security Group for allow labelset: LabelSet(labels={'app': 'app-c', 'role': 'backend'})
2025-07-30 08:59:58,030 [INFO] security_group_module - SGMod: Adding rule to SG-app:app-crole:frontend, remote SG-app:app-crole:backend, port 80, type egress
2025-07-30 08:59:58,115 [INFO] security_group_module - Cannot add rule to remotes: Security group rule already exists. Rule id is ee582974-118f-4622-9d30-b9cf4d6e28ec.
Neutron server returns request_ids: ['req-822bf7d0-0e44-4d3e-bc44-63da33c34e68']
2025-07-30 08:59:58,613 [INFO] security_group_module - Attaching security group SG-app:app-brole:backend to instance worker-1
2025-07-30 08:59:59,276 [INFO] security_group_module - Attaching security group SG-app:app-arole:database to instance worker-1
2025-07-30 08:59:59,351 [INFO] security_group_module - Attaching security group SG-app:app-crole:backend to instance worker-1
2025-07-30 08:59:59,880 [INFO] kopf.objects - Handler 'handle_new_pod/spec.nodeName' succeeded.
2025-07-30 08:59:59,881 [INFO] kopf.objects - Creation is processed: 1 succeeded; 0 failed.
2025-07-30 08:59:59,907 [INFO] matcher - PLS: Configuring new pod with labelset: {L}
2025-07-30 08:59:59,908 [INFO] matcher - PLS: Configuring new spol Policy(name=app-b-allow-database-backend, sel=LabelSet(labels={'app': 'app-b', 'role': 'database'}), allow=[
(LabelSet(labels={'app': 'app-b', 'role': 'backend'}), Traffic(direction=egress, port=80, protocol=TCP)) 
])
2025-07-30 08:59:59,908 [INFO] matcher - Adding Security Group for select labelset: LabelSet(labels={'app': 'app-b', 'role': 'database'})
2025-07-30 08:59:59,909 [INFO] matcher - Adding Security Group for allow labelset: LabelSet(labels={'app': 'app-b', 'role': 'backend'})
2025-07-30 08:59:59,910 [INFO] security_group_module - SGMod: Adding rule to SG-app:app-brole:database, remote SG-app:app-brole:backend, port 80, type egress
2025-07-30 09:00:00,043 [INFO] matcher - PLS: Configuring new spol Policy(name=app-b-allow-database-backend, sel=LabelSet(labels={'app': 'app-b', 'role': 'database'}), allow=[
(LabelSet(labels={'app': 'app-b', 'role': 'backend'}), Traffic(direction=ingress, port=80, protocol=TCP)) 
])
2025-07-30 09:00:00,044 [INFO] matcher - Adding Security Group for select labelset: LabelSet(labels={'app': 'app-b', 'role': 'database'})
2025-07-30 09:00:00,044 [INFO] matcher - Adding Security Group for allow labelset: LabelSet(labels={'app': 'app-b', 'role': 'backend'})
2025-07-30 09:00:00,044 [INFO] security_group_module - SGMod: Adding rule to SG-app:app-brole:database, remote SG-app:app-brole:backend, port 80, type ingress
2025-07-30 09:00:00,147 [INFO] matcher - PLS: Configuring new spol Policy(name=app-b-allow-backend-database, sel=LabelSet(labels={'app': 'app-b', 'role': 'backend'}), allow=[
(LabelSet(labels={'app': 'app-b', 'role': 'database'}), Traffic(direction=egress, port=80, protocol=TCP)) 
])
2025-07-30 09:00:00,147 [INFO] matcher - Adding Security Group for select labelset: LabelSet(labels={'app': 'app-b', 'role': 'backend'})
2025-07-30 09:00:00,148 [INFO] matcher - Adding Security Group for allow labelset: LabelSet(labels={'app': 'app-b', 'role': 'database'})
2025-07-30 09:00:00,148 [INFO] security_group_module - SGMod: Adding rule to SG-app:app-brole:backend, remote SG-app:app-brole:database, port 80, type egress
2025-07-30 09:00:00,185 [INFO] matcher - Adding Security Group for allow labelset: LabelSet(labels={'app': 'app-a', 'role': 'backend'})
2025-07-30 09:00:00,185 [INFO] security_group_module - SGMod: Adding rule to SG-app:app-arole:database, remote SG-app:app-arole:backend, port 80, type ingress
2025-07-30 09:00:00,250 [INFO] security_group_module - Cannot add rule to remotes: Security group rule already exists. Rule id is 0db00069-ee02-46ce-b44c-767b2982b900.
Neutron server returns request_ids: ['req-b69d7a59-1cd9-4471-9dfe-54356ce4ba48']
2025-07-30 09:00:00,250 [INFO] matcher - PLS: Configuring new spol Policy(name=app-b-allow-backend-database, sel=LabelSet(labels={'app': 'app-b', 'role': 'backend'}), allow=[
(LabelSet(labels={'app': 'app-b', 'role': 'database'}), Traffic(direction=ingress, port=80, protocol=TCP)) 
])
2025-07-30 09:00:00,250 [INFO] matcher - Adding Security Group for select labelset: LabelSet(labels={'app': 'app-b', 'role': 'backend'})
2025-07-30 09:00:00,251 [INFO] matcher - Adding Security Group for allow labelset: LabelSet(labels={'app': 'app-b', 'role': 'database'})
2025-07-30 09:00:00,251 [INFO] security_group_module - SGMod: Adding rule to SG-app:app-brole:backend, remote SG-app:app-brole:database, port 80, type ingress
2025-07-30 09:00:00,281 [INFO] matcher - PLS: Configuring new spol Policy(name=app-a-allow-database-backend, sel=LabelSet(labels={'app': 'app-a', 'role': 'database'}), allow=[
(LabelSet(labels={'app': 'app-a', 'role': 'backend'}), Traffic(direction=egress, port=80, protocol=TCP)) 
])
2025-07-30 09:00:00,281 [INFO] matcher - Adding Security Group for select labelset: LabelSet(labels={'app': 'app-a', 'role': 'database'})
2025-07-30 09:00:00,281 [INFO] matcher - Adding Security Group for allow labelset: LabelSet(labels={'app': 'app-a', 'role': 'backend'})
2025-07-30 09:00:00,281 [INFO] security_group_module - SGMod: Adding rule to SG-app:app-arole:database, remote SG-app:app-arole:backend, port 80, type egress
2025-07-30 09:00:00,366 [INFO] security_group_module - Cannot add rule to remotes: Security group rule already exists. Rule id is 96a6f0be-1f03-42c2-a52a-0545f0995f09.
Neutron server returns request_ids: ['req-aa777a66-528f-48f5-93c8-2c774d252741']
2025-07-30 09:00:00,403 [INFO] matcher - PLS: Configuring new spol Policy(name=app-a-allow-backend-database, sel=LabelSet(labels={'app': 'app-a', 'role': 'backend'}), allow=[
(LabelSet(labels={'app': 'app-a', 'role': 'database'}), Traffic(direction=ingress, port=80, protocol=TCP)) 
])
2025-07-30 09:00:00,403 [INFO] matcher - PLS: Configuring new spol Policy(name=app-a-allow-backend-database, sel=LabelSet(labels={'app': 'app-a', 'role': 'backend'}), allow=[
(LabelSet(labels={'app': 'app-a', 'role': 'database'}), Traffic(direction=egress, port=80, protocol=TCP)) 
])
2025-07-30 09:00:00,520 [INFO] kopf.objects - Handler 'handle_new_pod/spec.nodeName' succeeded.
2025-07-30 09:00:00,520 [INFO] kopf.objects - Creation is processed: 1 succeeded; 0 failed.
2025-07-30 09:00:00,545 [INFO] kopf.objects - Handler 'handle_new_pod/spec.nodeName' succeeded.
2025-07-30 09:00:00,546 [INFO] kopf.objects - Creation is processed: 1 succeeded; 0 failed.
2025-07-30 09:00:00,558 [INFO] kopf.objects - Handler 'handle_new_pod/spec.nodeName' succeeded.
2025-07-30 09:00:00,560 [INFO] kopf.objects - Creation is processed: 1 succeeded; 0 failed.
2025-07-30 09:00:00,572 [INFO] kopf.objects - Handler 'handle_new_pod/spec.nodeName' succeeded.
2025-07-30 09:00:00,573 [INFO] kopf.objects - Creation is processed: 1 succeeded; 0 failed.
2025-07-30 09:00:00,587 [INFO] kopf.objects - Handler 'handle_new_pod/spec.nodeName' succeeded.
2025-07-30 09:00:00,587 [INFO] kopf.objects - Creation is processed: 1 succeeded; 0 failed.
2025-07-30 09:00:00,600 [INFO] kopf.objects - Handler 'handle_new_pod/spec.nodeName' succeeded.
2025-07-30 09:00:00,600 [INFO] kopf.objects - Creation is processed: 1 succeeded; 0 failed.
Handling the new pod object: Pod(name=test-pod-12, label_set=LabelSet(labels={'app': 'app-b', 'role': 'frontend'}), node=Node(name=worker-1)
[124545444861632] Handling pod test-pod-12, locking app:app-brole:frontend, app:app-brole:backend,  ...
New pod test-pod-14! old_node = None, new_node = worker-1.
Handling the new pod object: Pod(name=test-pod-14, label_set=LabelSet(labels={'app': 'app-b', 'role': 'database'}), node=Node(name=worker-1)
[124545436468928] Handling pod test-pod-14, locking app:app-brole:database, app:app-brole:backend,  ...
New pod test-pod-11! old_node = None, new_node = worker-1.
Handling the new pod object: Pod(name=test-pod-11, label_set=LabelSet(labels={'app': 'app-a', 'role': 'database'}), node=Node(name=worker-1)
[124545428076224] Handling pod test-pod-11, locking app:app-arole:database, app:app-arole:backend,  ...
New pod test-pod-10! old_node = None, new_node = worker-1.
Handling the new pod object: Pod(name=test-pod-10, label_set=LabelSet(labels={'app': 'app-a', 'role': 'backend'}), node=Node(name=worker-1)
[124545419683520] Handling pod test-pod-10, locking app:app-arole:database, app:app-arole:frontend, app:app-arole:backend,  ...
New pod test-pod-15! old_node = None, new_node = worker-1.
Handling the new pod object: Pod(name=test-pod-15, label_set=LabelSet(labels={'app': 'app-c', 'role': 'frontend'}), node=Node(name=worker-1)
[124545411290816] Handling pod test-pod-15, locking app:app-crole:backend, app:app-crole:frontend,  ...
New pod test-pod-16! old_node = None, new_node = worker-1.
Handling the new pod object: Pod(name=test-pod-16, label_set=LabelSet(labels={'app': 'app-c', 'role': 'backend'}), node=Node(name=worker-1)
[124544924776128] Handling pod test-pod-16, locking app:app-crole:database, app:app-crole:backend, app:app-crole:frontend,  ...
New pod test-pod-17! old_node = None, new_node = worker-1.
Handling the new pod object: Pod(name=test-pod-17, label_set=LabelSet(labels={'app': 'app-c', 'role': 'database'}), node=Node(name=worker-1)
[124544916383424] Handling pod test-pod-17, locking app:app-crole:database, app:app-crole:backend,  ...
New pod test-pod-18! old_node = None, new_node = worker-1.
Handling the new pod object: Pod(name=test-pod-18, label_set=LabelSet(labels={'app': 'app-a', 'role': 'frontend'}), node=Node(name=worker-1)
[124544907990720] Handling pod test-pod-18, locking app:app-arole:frontend, app:app-arole:backend,  ...
New pod test-pod-19! old_node = None, new_node = worker-1.
Handling the new pod object: Pod(name=test-pod-19, label_set=LabelSet(labels={'app': 'app-a', 'role': 'backend'}), node=Node(name=worker-1)
[124544899598016] Handling pod test-pod-19, locking app:app-arole:database, app:app-arole:frontend, app:app-arole:backend,  ...
[124546057234112] Pod test-pod-6 handled. Released locks for: app:app-crole:backend, app:app-crole:frontend, 
New pod test-pod-22! old_node = None, new_node = worker-1.
Handling the new pod object: Pod(name=test-pod-22, label_set=LabelSet(labels={'app': 'app-b', 'role': 'backend'}), node=Node(name=worker-1)
[124546057234112] Handling pod test-pod-22, locking app:app-brole:frontend, app:app-brole:backend, app:app-brole:database,  ...
New pod: test-pod-8, on node: worker-1
[124546048841408] Pod test-pod-3 handled. Released locks for: app:app-brole:frontend, app:app-brole:backend, 
New pod test-pod-20! old_node = None, new_node = worker-1.
Handling the new pod object: Pod(name=test-pod-20, label_set=LabelSet(labels={'app': 'app-a', 'role': 'database'}), node=Node(name=worker-1)
[124546048841408] Handling pod test-pod-20, locking app:app-arole:database, app:app-arole:backend,  ...
New pod: test-pod-4, on node: worker-1
[124546163680960] Pod test-pod-0 handled. Released locks for: app:app-arole:frontend, app:app-arole:backend, 
New pod: test-pod-2, on node: worker-1
New pod test-pod-23! old_node = None, new_node = worker-1.
Handling the new pod object: Pod(name=test-pod-23, label_set=LabelSet(labels={'app': 'app-b', 'role': 'database'}), node=Node(name=worker-1)
[124546163680960] Handling pod test-pod-23, locking app:app-brole:database, app:app-brole:backend,  ...
[124546032056000] Pod test-pod-8 handled. Released locks for: app:app-crole:database, app:app-crole:backend, 
New pod test-pod-24! old_node = None, new_node = worker-1.
Handling the new pod object: Pod(name=test-pod-24, label_set=LabelSet(labels={'app': 'app-c', 'role': 'frontend'}), node=Node(name=worker-1)
[124546032056000] Handling pod test-pod-24, locking app:app-crole:backend, app:app-crole:frontend,  ...
New pod: test-pod-7, on node: worker-1
[124546040448704] Pod test-pod-4 handled. Released locks for: app:app-brole:frontend, app:app-brole:backend, app:app-brole:database, 
New pod: test-pod-5, on node: worker-1
New pod test-pod-21! old_node = None, new_node = worker-1.
Handling the new pod object: Pod(name=test-pod-21, label_set=LabelSet(labels={'app': 'app-b', 'role': 'frontend'}), node=Node(name=worker-1)
[124546040448704] Handling pod test-pod-21, locking app:app-brole:frontend, app:app-brole:backend,  ...
[124546023663296] Pod test-pod-7 handled. Released locks for: app:app-crole:database, app:app-crole:backend, app:app-crole:frontend, 
New pod: test-pod-15, on node: worker-1
New pod test-pod-26! old_node = None, new_node = worker-1.
Handling the new pod object: Pod(name=test-pod-26, label_set=LabelSet(labels={'app': 'app-c', 'role': 'database'}), node=Node(name=worker-1)
[124546023663296] Handling pod test-pod-26, locking app:app-crole:database, app:app-crole:backend,  ...
[124545411290816] Pod test-pod-15 handled. Released locks for: app:app-crole:backend, app:app-crole:frontend, 
New pod test-pod-25! old_node = None, new_node = worker-1.
Handling the new pod object: Pod(name=test-pod-25, label_set=LabelSet(labels={'app': 'app-c', 'role': 'backend'}), node=Node(name=worker-1)
[124545411290816] Handling pod test-pod-25, locking app:app-crole:database, app:app-crole:backend, app:app-crole:frontend,  ...
New pod: test-pod-16, on node: worker-1
[124544924776128] Pod test-pod-16 handled. Released locks for: app:app-crole:database, app:app-crole:backend, app:app-crole:frontend, 
New pod: test-pod-17, on node: worker-1
New pod test-pod-27! old_node = None, new_node = worker-1.
Handling the new pod object: Pod(name=test-pod-27, label_set=LabelSet(labels={'app': 'app-a', 'role': 'frontend'}), node=Node(name=worker-1)
[124544924776128] Handling pod test-pod-27, locking app:app-arole:frontend, app:app-arole:backend,  ...
[124544916383424] Pod test-pod-17 handled. Released locks for: app:app-crole:database, app:app-crole:backend, 
New pod test-pod-28! old_node = None, new_node = worker-1.
Handling the new pod object: Pod(name=test-pod-28, label_set=LabelSet(labels={'app': 'app-a', 'role': 'backend'}), node=Node(name=worker-1)
[124544916383424] Handling pod test-pod-28, locking app:app-arole:database, app:app-arole:frontend, app:app-arole:backend,  ...
New pod: test-pod-24, on node: worker-1
[124546032056000] Pod test-pod-24 handled. Released locks for: app:app-crole:backend, app:app-crole:frontend, 
New pod test-pod-30! old_node = None, new_node = worker-1.
Handling the new pod object: Pod(name=test-pod-30, label_set=LabelSet(labels={'app': 'app-b', 'role': 'frontend'}), node=Node(name=worker-1)
[124546032056000] Handling pod test-pod-30, locking app:app-brole:frontend, app:app-brole:backend,  ...
New pod: test-pod-26, on node: worker-1
[124546023663296] Pod test-pod-26 handled. Released locks for: app:app-crole:database, app:app-crole:backend, 
New pod test-pod-29! old_node = None, new_node = worker-1.
Handling the new pod object: Pod(name=test-pod-29, label_set=LabelSet(labels={'app': 'app-a', 'role': 'database'}), node=Node(name=worker-1)
[124546023663296] Handling pod test-pod-29, locking app:app-arole:database, app:app-arole:backend,  ...
New pod: test-pod-25, on node: worker-1
[124545411290816] Pod test-pod-25 handled. Released locks for: app:app-crole:database, app:app-crole:backend, app:app-crole:frontend, 
New pod test-pod-33! old_node = None, new_node = worker-1.
2025-07-30 09:00:00,614 [INFO] kopf.objects - Handler 'handle_new_pod/spec.nodeName' succeeded.
2025-07-30 09:00:00,614 [INFO] kopf.objects - Creation is processed: 1 succeeded; 0 failed.
2025-07-30 09:00:00,627 [INFO] kopf.objects - Handler 'handle_new_pod/spec.nodeName' succeeded.
2025-07-30 09:00:00,628 [INFO] kopf.objects - Creation is processed: 1 succeeded; 0 failed.
2025-07-30 09:00:01,657 [INFO] security_group_module - Attaching security group SG-app:app-brole:database to instance worker-1
2025-07-30 09:00:02,015 [INFO] security_group_module - SG-app:app-arole:database already attached to worker-1
2025-07-30 09:00:02,018 [INFO] kopf.objects - Handler 'handle_new_pod/spec.nodeName' succeeded.
2025-07-30 09:00:02,019 [INFO] kopf.objects - Creation is processed: 1 succeeded; 0 failed.
2025-07-30 09:00:02,050 [INFO] matcher - PLS: Configuring new pod with labelset: {L}
2025-07-30 09:00:02,050 [INFO] matcher - PLS: Configuring new spol Policy(name=app-a-allow-backend-frontend, sel=LabelSet(labels={'app': 'app-a', 'role': 'backend'}), allow=[
(LabelSet(labels={'app': 'app-a', 'role': 'frontend'}), Traffic(direction=ingress, port=80, protocol=TCP)) 
])
2025-07-30 09:00:02,050 [INFO] matcher - Adding Security Group for select labelset: LabelSet(labels={'app': 'app-a', 'role': 'backend'})
2025-07-30 09:00:02,051 [INFO] matcher - Adding Security Group for allow labelset: LabelSet(labels={'app': 'app-a', 'role': 'frontend'})
2025-07-30 09:00:02,051 [INFO] security_group_module - SGMod: Adding rule to SG-app:app-arole:backend, remote SG-app:app-arole:frontend, port 80, type ingress
2025-07-30 09:00:02,179 [INFO] matcher - PLS: Configuring new spol Policy(name=app-a-allow-backend-database, sel=LabelSet(labels={'app': 'app-a', 'role': 'backend'}), allow=[
(LabelSet(labels={'app': 'app-a', 'role': 'database'}), Traffic(direction=ingress, port=80, protocol=TCP)) 
])
2025-07-30 09:00:02,179 [INFO] matcher - Adding Security Group for select labelset: LabelSet(labels={'app': 'app-a', 'role': 'backend'})
2025-07-30 09:00:02,179 [INFO] matcher - Adding Security Group for allow labelset: LabelSet(labels={'app': 'app-a', 'role': 'database'})
2025-07-30 09:00:02,180 [INFO] security_group_module - SGMod: Adding rule to SG-app:app-arole:backend, remote SG-app:app-arole:database, port 80, type ingress
2025-07-30 09:00:02,278 [INFO] matcher - PLS: Configuring new spol Policy(name=app-a-allow-database-backend, sel=LabelSet(labels={'app': 'app-a', 'role': 'database'}), allow=[
(LabelSet(labels={'app': 'app-a', 'role': 'backend'}), Traffic(direction=egress, port=80, protocol=TCP)) 
])
2025-07-30 09:00:02,278 [INFO] matcher - Adding Security Group for select labelset: LabelSet(labels={'app': 'app-a', 'role': 'database'})
2025-07-30 09:00:02,278 [INFO] matcher - Adding Security Group for allow labelset: LabelSet(labels={'app': 'app-a', 'role': 'backend'})
2025-07-30 09:00:02,278 [INFO] security_group_module - SGMod: Adding rule to SG-app:app-arole:database, remote SG-app:app-arole:backend, port 80, type egress
2025-07-30 09:00:02,381 [INFO] security_group_module - Cannot add rule to remotes: Security group rule already exists. Rule id is 98367197-2f93-4c07-a591-d6ff20a204bc.
Neutron server returns request_ids: ['req-27055bf2-8bd6-417b-acb9-c760c59c7907']
2025-07-30 09:00:02,381 [INFO] matcher - PLS: Configuring new spol Policy(name=app-a-allow-frontend-backend, sel=LabelSet(labels={'app': 'app-a', 'role': 'frontend'}), allow=[
(LabelSet(labels={'app': 'app-a', 'role': 'backend'}), Traffic(direction=egress, port=80, protocol=TCP)) 
])
2025-07-30 09:00:02,381 [INFO] matcher - Adding Security Group for select labelset: LabelSet(labels={'app': 'app-a', 'role': 'frontend'})
2025-07-30 09:00:02,381 [INFO] matcher - Adding Security Group for allow labelset: LabelSet(labels={'app': 'app-a', 'role': 'backend'})
2025-07-30 09:00:02,381 [INFO] security_group_module - SGMod: Adding rule to SG-app:app-arole:frontend, remote SG-app:app-arole:backend, port 80, type egress
2025-07-30 09:00:02,458 [INFO] security_group_module - Cannot add rule to remotes: Security group rule already exists. Rule id is ed50088c-9b1d-4260-bbc9-b70b0128be2c.
Neutron server returns request_ids: ['req-a4fca185-4dd9-4df6-9409-5f835317096c']
2025-07-30 09:00:02,459 [INFO] matcher - PLS: Configuring new spol Policy(name=app-a-allow-backend-database, sel=LabelSet(labels={'app': 'app-a', 'role': 'backend'}), allow=[
(LabelSet(labels={'app': 'app-a', 'role': 'database'}), Traffic(direction=egress, port=80, protocol=TCP)) 
])
2025-07-30 09:00:02,459 [INFO] matcher - Adding Security Group for select labelset: LabelSet(labels={'app': 'app-a', 'role': 'backend'})
2025-07-30 09:00:02,459 [INFO] matcher - Adding Security Group for allow labelset: LabelSet(labels={'app': 'app-a', 'role': 'database'})
2025-07-30 09:00:02,459 [INFO] security_group_module - SGMod: Adding rule to SG-app:app-arole:backend, remote SG-app:app-arole:database, port 80, type egress
2025-07-30 09:00:02,569 [INFO] matcher - PLS: Configuring new spol Policy(name=app-a-allow-frontend-backend, sel=LabelSet(labels={'app': 'app-a', 'role': 'frontend'}), allow=[
(LabelSet(labels={'app': 'app-a', 'role': 'backend'}), Traffic(direction=ingress, port=80, protocol=TCP)) 
])
2025-07-30 09:00:02,570 [INFO] matcher - Adding Security Group for select labelset: LabelSet(labels={'app': 'app-a', 'role': 'frontend'})
2025-07-30 09:00:02,571 [INFO] matcher - Adding Security Group for allow labelset: LabelSet(labels={'app': 'app-a', 'role': 'backend'})
2025-07-30 09:00:02,572 [INFO] security_group_module - SGMod: Adding rule to SG-app:app-arole:frontend, remote SG-app:app-arole:backend, port 80, type ingress
2025-07-30 09:00:02,679 [INFO] security_group_module - Cannot add rule to remotes: Security group rule already exists. Rule id is 61ca765c-d0b9-4463-b5c4-0ccd944bac0f.
Neutron server returns request_ids: ['req-a6c196b9-3eb4-441d-8070-f2586e554afb']
2025-07-30 09:00:02,679 [INFO] matcher - PLS: Configuring new spol Policy(name=app-a-allow-backend-frontend, sel=LabelSet(labels={'app': 'app-a', 'role': 'backend'}), allow=[
(LabelSet(labels={'app': 'app-a', 'role': 'frontend'}), Traffic(direction=egress, port=80, protocol=TCP)) 
])
2025-07-30 09:00:02,680 [INFO] matcher - Adding Security Group for select labelset: LabelSet(labels={'app': 'app-a', 'role': 'backend'})
2025-07-30 09:00:02,680 [INFO] matcher - Adding Security Group for allow labelset: LabelSet(labels={'app': 'app-a', 'role': 'frontend'})
2025-07-30 09:00:02,681 [INFO] security_group_module - SGMod: Adding rule to SG-app:app-arole:backend, remote SG-app:app-arole:frontend, port 80, type egress
2025-07-30 09:00:02,797 [INFO] matcher - PLS: Configuring new spol Policy(name=app-a-allow-database-backend, sel=LabelSet(labels={'app': 'app-a', 'role': 'database'}), allow=[
(LabelSet(labels={'app': 'app-a', 'role': 'backend'}), Traffic(direction=ingress, port=80, protocol=TCP)) 
])
2025-07-30 09:00:02,797 [INFO] matcher - Adding Security Group for select labelset: LabelSet(labels={'app': 'app-a', 'role': 'database'})
2025-07-30 09:00:02,798 [INFO] matcher - Adding Security Group for allow labelset: LabelSet(labels={'app': 'app-a', 'role': 'backend'})
2025-07-30 09:00:02,798 [INFO] security_group_module - SGMod: Adding rule to SG-app:app-arole:database, remote SG-app:app-arole:backend, port 80, type ingress
2025-07-30 09:00:02,890 [INFO] security_group_module - Cannot add rule to remotes: Security group rule already exists. Rule id is 00373976-1d22-4ea4-bbd3-2c8e948cd408.
Neutron server returns request_ids: ['req-3441545e-8872-4e5b-b03b-e2959c348e67']
2025-07-30 09:00:03,209 [INFO] kopf.objects - Handler 'handle_new_pod/spec.nodeName' succeeded.
2025-07-30 09:00:03,210 [INFO] kopf.objects - Creation is processed: 1 succeeded; 0 failed.
2025-07-30 09:00:03,232 [INFO] kopf.objects - Handler 'handle_new_pod/spec.nodeName' succeeded.
2025-07-30 09:00:03,232 [INFO] kopf.objects - Creation is processed: 1 succeeded; 0 failed.
2025-07-30 09:00:03,235 [INFO] kopf.objects - Handler 'handle_new_pod/spec.nodeName' succeeded.
2025-07-30 09:00:03,236 [INFO] kopf.objects - Creation is processed: 1 succeeded; 0 failed.
2025-07-30 09:00:03,250 [INFO] kopf.objects - Handler 'handle_new_pod/spec.nodeName' succeeded.
2025-07-30 09:00:03,251 [INFO] kopf.objects - Creation is processed: 1 succeeded; 0 failed.
2025-07-30 09:00:03,268 [INFO] kopf.objects - Handler 'handle_new_pod/spec.nodeName' succeeded.
2025-07-30 09:00:03,268 [INFO] kopf.objects - Creation is processed: 1 succeeded; 0 failed.
2025-07-30 09:00:03,279 [INFO] kopf.objects - Handler 'handle_new_pod/spec.nodeName' succeeded.
2025-07-30 09:00:03,279 [INFO] kopf.objects - Creation is processed: 1 succeeded; 0 failed.
2025-07-30 09:00:03,295 [INFO] kopf.objects - Handler 'handle_new_pod/spec.nodeName' succeeded.
2025-07-30 09:00:03,295 [INFO] kopf.objects - Creation is processed: 1 succeeded; 0 failed.
2025-07-30 09:00:03,310 [INFO] kopf.objects - Handler 'handle_new_pod/spec.nodeName' succeeded.
2025-07-30 09:00:03,310 [INFO] kopf.objects - Creation is processed: 1 succeeded; 0 failed.
2025-07-30 09:00:03,321 [INFO] kopf.objects - Handler 'handle_new_pod/spec.nodeName' succeeded.
2025-07-30 09:00:03,322 [INFO] kopf.objects - Creation is processed: 1 succeeded; 0 failed.
2025-07-30 09:00:03,331 [INFO] kopf.objects - Handler 'handle_new_pod/spec.nodeName' succeeded.
2025-07-30 09:00:03,331 [INFO] kopf.objects - Creation is processed: 1 succeeded; 0 failed.
2025-07-30 09:00:03,343 [INFO] kopf.objects - Handler 'handle_new_pod/spec.nodeName' succeeded.
2025-07-30 09:00:03,343 [INFO] kopf.objects - Creation is processed: 1 succeeded; 0 failed.
2025-07-30 09:00:03,359 [INFO] kopf.objects - Handler 'handle_new_pod/spec.nodeName' succeeded.
2025-07-30 09:00:03,360 [INFO] kopf.objects - Creation is processed: 1 succeeded; 0 failed.
2025-07-30 09:00:03,376 [INFO] kopf.objects - Handler 'handle_new_pod/spec.nodeName' succeeded.
2025-07-30 09:00:03,376 [INFO] kopf.objects - Creation is processed: 1 succeeded; 0 failed.
2025-07-30 09:00:03,385 [INFO] kopf.objects - Handler 'handle_new_pod/spec.nodeName' succeeded.
2025-07-30 09:00:03,385 [INFO] kopf.objects - Creation is processed: 1 succeeded; 0 failed.
Handling the new pod object: Pod(name=test-pod-33, label_set=LabelSet(labels={'app': 'app-c', 'role': 'frontend'}), node=Node(name=worker-1)
[124545411290816] Handling pod test-pod-33, locking app:app-crole:backend, app:app-crole:frontend,  ...
New pod: test-pod-33, on node: worker-1
[124545411290816] Pod test-pod-33 handled. Released locks for: app:app-crole:backend, app:app-crole:frontend, 
New pod test-pod-32! old_node = None, new_node = worker-1.
Handling the new pod object: Pod(name=test-pod-32, label_set=LabelSet(labels={'app': 'app-b', 'role': 'database'}), node=Node(name=worker-1)
[124545411290816] Handling pod test-pod-32, locking app:app-brole:database, app:app-brole:backend,  ...
[124546148996800] Pod test-pod-2 handled. Released locks for: app:app-arole:database, app:app-arole:backend, 
New pod test-pod-31! old_node = None, new_node = worker-1.
Handling the new pod object: Pod(name=test-pod-31, label_set=LabelSet(labels={'app': 'app-b', 'role': 'backend'}), node=Node(name=worker-1)
[124546148996800] Handling pod test-pod-31, locking app:app-brole:frontend, app:app-brole:backend, app:app-brole:database,  ...
New pod: test-pod-1, on node: worker-1
[124545461647040] Pod test-pod-5 handled. Released locks for: app:app-brole:database, app:app-brole:backend, 
New pod test-pod-35! old_node = None, new_node = worker-1.
Handling the new pod object: Pod(name=test-pod-35, label_set=LabelSet(labels={'app': 'app-c', 'role': 'database'}), node=Node(name=worker-1)
[124545461647040] Handling pod test-pod-35, locking app:app-crole:database, app:app-crole:backend,  ...
New pod: test-pod-35, on node: worker-1
New pod: test-pod-13, on node: worker-1
[124545461647040] Pod test-pod-35 handled. Released locks for: app:app-crole:database, app:app-crole:backend, 
New pod test-pod-37! old_node = None, new_node = worker-1.
Handling the new pod object: Pod(name=test-pod-37, label_set=LabelSet(labels={'app': 'app-a', 'role': 'backend'}), node=Node(name=worker-1)
[124545461647040] Handling pod test-pod-37, locking app:app-arole:database, app:app-arole:frontend, app:app-arole:backend,  ...
[124545453254336] Pod test-pod-13 handled. Released locks for: app:app-brole:frontend, app:app-brole:backend, app:app-brole:database, 
New pod test-pod-36! old_node = None, new_node = worker-1.
Handling the new pod object: Pod(name=test-pod-36, label_set=LabelSet(labels={'app': 'app-a', 'role': 'frontend'}), node=Node(name=worker-1)
[124545453254336] Handling pod test-pod-36, locking app:app-arole:frontend, app:app-arole:backend,  ...
New pod: test-pod-12, on node: worker-1
[124545444861632] Pod test-pod-12 handled. Released locks for: app:app-brole:frontend, app:app-brole:backend, 
New pod test-pod-34! old_node = None, new_node = worker-1.
Handling the new pod object: Pod(name=test-pod-34, label_set=LabelSet(labels={'app': 'app-c', 'role': 'backend'}), node=Node(name=worker-1)
[124545444861632] Handling pod test-pod-34, locking app:app-crole:database, app:app-crole:backend, app:app-crole:frontend,  ...
New pod: test-pod-34, on node: worker-1
New pod: test-pod-14, on node: worker-1
[124545444861632] Pod test-pod-34 handled. Released locks for: app:app-crole:database, app:app-crole:backend, app:app-crole:frontend, 
New pod test-pod-38! old_node = None, new_node = worker-1.
Handling the new pod object: Pod(name=test-pod-38, label_set=LabelSet(labels={'app': 'app-a', 'role': 'database'}), node=Node(name=worker-1)
[124545444861632] Handling pod test-pod-38, locking app:app-arole:database, app:app-arole:backend,  ...
[124545436468928] Pod test-pod-14 handled. Released locks for: app:app-brole:database, app:app-brole:backend, 
New pod: test-pod-22, on node: worker-1
New pod test-pod-39! old_node = None, new_node = worker-1.
Handling the new pod object: Pod(name=test-pod-39, label_set=LabelSet(labels={'app': 'app-b', 'role': 'frontend'}), node=Node(name=worker-1)
[124545436468928] Handling pod test-pod-39, locking app:app-brole:frontend, app:app-brole:backend,  ...
[124546057234112] Pod test-pod-22 handled. Released locks for: app:app-brole:frontend, app:app-brole:backend, app:app-brole:database, 
New pod test-pod-40! old_node = None, new_node = worker-1.
Handling the new pod object: Pod(name=test-pod-40, label_set=LabelSet(labels={'app': 'app-b', 'role': 'backend'}), node=Node(name=worker-1)
[124546057234112] Handling pod test-pod-40, locking app:app-brole:frontend, app:app-brole:backend, app:app-brole:database,  ...
New pod: test-pod-40, on node: worker-1
[124546057234112] Pod test-pod-40 handled. Released locks for: app:app-brole:frontend, app:app-brole:backend, app:app-brole:database, 
New pod: test-pod-21, on node: worker-1
New pod test-pod-42! old_node = None, new_node = worker-1.
Handling the new pod object: Pod(name=test-pod-42, label_set=LabelSet(labels={'app': 'app-c', 'role': 'frontend'}), node=Node(name=worker-1)
[124546057234112] Handling pod test-pod-42, locking app:app-crole:backend, app:app-crole:frontend,  ...
New pod: test-pod-42, on node: worker-1
[124546040448704] Pod test-pod-21 handled. Released locks for: app:app-brole:frontend, app:app-brole:backend, 
New pod test-pod-41! old_node = None, new_node = worker-1.
Handling the new pod object: Pod(name=test-pod-41, label_set=LabelSet(labels={'app': 'app-b', 'role': 'database'}), node=Node(name=worker-1)
[124546040448704] Handling pod test-pod-41, locking app:app-brole:database, app:app-brole:backend,  ...
New pod: test-pod-30, on node: worker-1
[124546057234112] Pod test-pod-42 handled. Released locks for: app:app-crole:backend, app:app-crole:frontend, 
New pod test-pod-43! old_node = None, new_node = worker-1.
Handling the new pod object: Pod(name=test-pod-43, label_set=LabelSet(labels={'app': 'app-c', 'role': 'backend'}), node=Node(name=worker-1)
[124546057234112] Handling pod test-pod-43, locking app:app-crole:database, app:app-crole:backend, app:app-crole:frontend,  ...
New pod: test-pod-43, on node: worker-1
[124546032056000] Pod test-pod-30 handled. Released locks for: app:app-brole:frontend, app:app-brole:backend, 
New pod test-pod-44! old_node = None, new_node = worker-1.
Handling the new pod object: Pod(name=test-pod-44, label_set=LabelSet(labels={'app': 'app-c', 'role': 'database'}), node=Node(name=worker-1)
[124546032056000] Handling pod test-pod-44, locking app:app-crole:database, app:app-crole:backend,  ...
New pod: test-pod-32, on node: worker-1
[124546057234112] Pod test-pod-43 handled. Released locks for: app:app-crole:database, app:app-crole:backend, app:app-crole:frontend, 
New pod test-pod-45! old_node = None, new_node = worker-1.
Handling the new pod object: Pod(name=test-pod-45, label_set=LabelSet(labels={'app': 'app-a', 'role': 'frontend'}), node=Node(name=worker-1)
[124546057234112] Handling pod test-pod-45, locking app:app-arole:frontend, app:app-arole:backend,  ...
New pod: test-pod-44, on node: worker-1
[124545411290816] Pod test-pod-32 handled. Released locks for: app:app-brole:database, app:app-brole:backend, 
New pod test-pod-46! old_node = None, new_node = worker-1.
Handling the new pod object: Pod(name=test-pod-46, label_set=LabelSet(labels={'app': 'app-a', 'role': 'backend'}), node=Node(name=worker-1)
[124545411290816] Handling pod test-pod-46, locking app:app-arole:database, app:app-arole:frontend, app:app-arole:backend,  ...
New pod: test-pod-31, on node: worker-1
[124546032056000] Pod test-pod-44 handled. Released locks for: app:app-crole:database, app:app-crole:backend, 
New pod test-pod-47! old_node = None, new_node = worker-1.
Handling the new pod object: Pod(name=test-pod-47, label_set=LabelSet(labels={'app': 'app-a', 'role': 'database'}), node=Node(name=worker-1)
[124546032056000] Handling pod test-pod-47, locking app:app-arole:database, app:app-arole:backend,  ...
[124546148996800] Pod test-pod-31 handled. Released locks for: app:app-brole:frontend, app:app-brole:backend, app:app-brole:database, 
New pod test-pod-48! old_node = None, new_node = worker-1.
Handling the new pod object: Pod(name=test-pod-48, label_set=LabelSet(labels={'app': 'app-b', 'role': 'frontend'}), node=Node(name=worker-1)
2025-07-30 09:00:03,402 [INFO] kopf.objects - Handler 'handle_new_pod/spec.nodeName' succeeded.
2025-07-30 09:00:03,402 [INFO] kopf.objects - Creation is processed: 1 succeeded; 0 failed.
2025-07-30 09:00:03,418 [INFO] kopf.objects - Handler 'handle_new_pod/spec.nodeName' succeeded.
2025-07-30 09:00:03,418 [INFO] kopf.objects - Creation is processed: 1 succeeded; 0 failed.
2025-07-30 09:00:03,430 [INFO] kopf.objects - Handler 'handle_new_pod/spec.nodeName' succeeded.
2025-07-30 09:00:03,430 [INFO] kopf.objects - Creation is processed: 1 succeeded; 0 failed.
2025-07-30 09:00:03,447 [INFO] kopf.objects - Handler 'handle_new_pod/spec.nodeName' succeeded.
2025-07-30 09:00:03,448 [INFO] kopf.objects - Creation is processed: 1 succeeded; 0 failed.
2025-07-30 09:00:03,466 [INFO] kopf.objects - Handler 'handle_new_pod/spec.nodeName' succeeded.
2025-07-30 09:00:03,467 [INFO] kopf.objects - Creation is processed: 1 succeeded; 0 failed.
2025-07-30 09:00:03,485 [INFO] kopf.objects - Handler 'handle_new_pod/spec.nodeName' succeeded.
2025-07-30 09:00:03,486 [INFO] kopf.objects - Creation is processed: 1 succeeded; 0 failed.
2025-07-30 09:00:03,990 [INFO] security_group_module - Attaching security group SG-app:app-arole:backend to instance worker-1
2025-07-30 09:00:05,348 [INFO] kopf.objects - Handler 'handle_new_pod/spec.nodeName' succeeded.
2025-07-30 09:00:05,349 [INFO] kopf.objects - Creation is processed: 1 succeeded; 0 failed.
2025-07-30 09:00:05,361 [INFO] kopf.objects - Handler 'handle_new_pod/spec.nodeName' succeeded.
2025-07-30 09:00:05,361 [INFO] kopf.objects - Creation is processed: 1 succeeded; 0 failed.
2025-07-30 09:00:05,378 [INFO] kopf.objects - Handler 'handle_new_pod/spec.nodeName' succeeded.
2025-07-30 09:00:05,380 [INFO] kopf.objects - Creation is processed: 1 succeeded; 0 failed.
2025-07-30 09:00:05,391 [INFO] kopf.objects - Handler 'handle_new_pod/spec.nodeName' succeeded.
2025-07-30 09:00:05,392 [INFO] kopf.objects - Creation is processed: 1 succeeded; 0 failed.
2025-07-30 09:00:05,408 [INFO] kopf.objects - Handler 'handle_new_pod/spec.nodeName' succeeded.
2025-07-30 09:00:05,408 [INFO] kopf.objects - Creation is processed: 1 succeeded; 0 failed.
2025-07-30 09:00:05,431 [INFO] kopf.objects - Handler 'handle_new_pod/spec.nodeName' succeeded.
2025-07-30 09:00:05,432 [INFO] kopf.objects - Creation is processed: 1 succeeded; 0 failed.
2025-07-30 09:00:05,445 [INFO] kopf.objects - Handler 'handle_new_pod/spec.nodeName' succeeded.
2025-07-30 09:00:05,446 [INFO] kopf.objects - Creation is processed: 1 succeeded; 0 failed.
2025-07-30 09:00:05,464 [INFO] kopf.objects - Handler 'handle_new_pod/spec.nodeName' succeeded.
2025-07-30 09:00:05,464 [INFO] kopf.objects - Creation is processed: 1 succeeded; 0 failed.
2025-07-30 09:00:05,483 [INFO] kopf.objects - Handler 'handle_new_pod/spec.nodeName' succeeded.
2025-07-30 09:00:05,484 [INFO] kopf.objects - Creation is processed: 1 succeeded; 0 failed.
2025-07-30 09:00:05,500 [INFO] kopf.objects - Handler 'handle_new_pod/spec.nodeName' succeeded.
2025-07-30 09:00:05,500 [INFO] kopf.objects - Creation is processed: 1 succeeded; 0 failed.
2025-07-30 09:00:05,515 [INFO] kopf.objects - Handler 'handle_new_pod/spec.nodeName' succeeded.
2025-07-30 09:00:05,516 [INFO] kopf.objects - Creation is processed: 1 succeeded; 0 failed.
2025-07-30 09:00:05,534 [INFO] kopf.objects - Handler 'handle_new_pod/spec.nodeName' succeeded.
2025-07-30 09:00:05,535 [INFO] kopf.objects - Creation is processed: 1 succeeded; 0 failed.
2025-07-30 09:00:05,551 [INFO] kopf.objects - Handler 'handle_new_pod/spec.nodeName' succeeded.
2025-07-30 09:00:05,551 [INFO] kopf.objects - Creation is processed: 1 succeeded; 0 failed.
2025-07-30 09:00:05,571 [INFO] kopf.objects - Handler 'handle_new_pod/spec.nodeName' succeeded.
2025-07-30 09:00:05,572 [INFO] kopf.objects - Creation is processed: 1 succeeded; 0 failed.
2025-07-30 09:00:05,588 [INFO] kopf.objects - Handler 'handle_new_pod/spec.nodeName' succeeded.
2025-07-30 09:00:05,588 [INFO] kopf.objects - Creation is processed: 1 succeeded; 0 failed.
2025-07-30 09:00:05,601 [INFO] kopf.objects - Handler 'handle_new_pod/spec.nodeName' succeeded.
2025-07-30 09:00:05,601 [INFO] kopf.objects - Creation is processed: 1 succeeded; 0 failed.
