Monitoring system-wide CPU, memory, disk, and network usage.
Press Ctrl+C to stop monitoring.
Time                CPU (%)   Mem Used (MB)  Mem Total (MB) Mem (%)   Disk Used (GB) Net Sent (KB)  Net Recv (KB)  
2025-04-25 14:54:49 54.20     2148.43        3915.02        62.40     12.94          1390.16        876.10         
Metrics saved to /home/ubuntu/master-thesis-quinten-lauwaert/experiments/system-usage/results/system_usage_2025-04-25_14-54-48.csv.
2025-04-25 14:54:50 21.20     2148.66        3915.02        62.40     12.94          1490.85        955.84         
Metrics saved to /home/ubuntu/master-thesis-quinten-lauwaert/experiments/system-usage/results/system_usage_2025-04-25_14-54-48.csv.
2025-04-25 14:54:51 22.30     2149.05        3915.02        62.40     12.94          1722.62        1111.97        
Metrics saved to /home/ubuntu/master-thesis-quinten-lauwaert/experiments/system-usage/results/system_usage_2025-04-25_14-54-48.csv.
2025-04-25 14:54:52 18.30     2149.04        3915.02        62.40     12.94          1901.39        1234.12        
Metrics saved to /home/ubuntu/master-thesis-quinten-lauwaert/experiments/system-usage/results/system_usage_2025-04-25_14-54-48.csv.
2025-04-25 14:54:53 12.20     2149.04        3915.02        62.40     12.94          1964.27        1278.10        
Metrics saved to /home/ubuntu/master-thesis-quinten-lauwaert/experiments/system-usage/results/system_usage_2025-04-25_14-54-48.csv.
2025-04-25 14:54:54 10.50     2149.04        3915.02        62.40     12.94          2001.77        1315.37        
Metrics saved to /home/ubuntu/master-thesis-quinten-lauwaert/experiments/system-usage/results/system_usage_2025-04-25_14-54-48.csv.
2025-04-25 14:54:55 10.10     2149.28        3915.02        62.40     12.94          2024.91        1352.54        
Metrics saved to /home/ubuntu/master-thesis-quinten-lauwaert/experiments/system-usage/results/system_usage_2025-04-25_14-54-48.csv.
2025-04-25 14:54:56 14.20     2149.27        3915.02        62.40     12.94          2062.88        1390.24        
Metrics saved to /home/ubuntu/master-thesis-quinten-lauwaert/experiments/system-usage/results/system_usage_2025-04-25_14-54-48.csv.
2025-04-25 14:54:57 12.60     2149.27        3915.02        62.40     12.94          2098.80        1425.02        
Metrics saved to /home/ubuntu/master-thesis-quinten-lauwaert/experiments/system-usage/results/system_usage_2025-04-25_14-54-48.csv.
2025-04-25 14:54:58 20.60     2172.36        3915.02        63.00     12.94          2128.58        1453.25        
Metrics saved to /home/ubuntu/master-thesis-quinten-lauwaert/experiments/system-usage/results/system_usage_2025-04-25_14-54-48.csv.
2025-04-25 14:54:59 12.00     2172.36        3915.02        63.00     12.94          2160.73        1484.70        
Metrics saved to /home/ubuntu/master-thesis-quinten-lauwaert/experiments/system-usage/results/system_usage_2025-04-25_14-54-48.csv.
2025-04-25 14:55:00 16.30     2172.36        3915.02        63.00     12.94          2196.57        1519.99        
Metrics saved to /home/ubuntu/master-thesis-quinten-lauwaert/experiments/system-usage/results/system_usage_2025-04-25_14-54-48.csv.
2025-04-25 14:55:01 15.50     2171.09        3915.02        62.90     12.94          2230.73        1557.55        
Metrics saved to /home/ubuntu/master-thesis-quinten-lauwaert/experiments/system-usage/results/system_usage_2025-04-25_14-54-48.csv.
2025-04-25 14:55:02 10.10     2171.68        3915.02        62.90     12.94          2257.16        1583.85        
Metrics saved to /home/ubuntu/master-thesis-quinten-lauwaert/experiments/system-usage/results/system_usage_2025-04-25_14-54-48.csv.
2025-04-25 14:55:03 32.80     2185.78        3915.02        63.30     12.94          2948.47        2104.95        
Metrics saved to /home/ubuntu/master-thesis-quinten-lauwaert/experiments/system-usage/results/system_usage_2025-04-25_14-54-48.csv.
2025-04-25 14:55:04 9.10      2186.50        3915.02        63.30     12.94          2984.20        2138.93        
Metrics saved to /home/ubuntu/master-thesis-quinten-lauwaert/experiments/system-usage/results/system_usage_2025-04-25_14-54-48.csv.
2025-04-25 14:55:05 11.00     2186.50        3915.02        63.30     12.94          3003.93        2157.66        
Metrics saved to /home/ubuntu/master-thesis-quinten-lauwaert/experiments/system-usage/results/system_usage_2025-04-25_14-54-48.csv.
2025-04-25 14:55:06 17.10     2186.50        3915.02        63.30     12.94          3127.39        2247.54        
Metrics saved to /home/ubuntu/master-thesis-quinten-lauwaert/experiments/system-usage/results/system_usage_2025-04-25_14-54-48.csv.
2025-04-25 14:55:07 12.50     2186.50        3915.02        63.30     12.94          3159.55        2278.82        
Metrics saved to /home/ubuntu/master-thesis-quinten-lauwaert/experiments/system-usage/results/system_usage_2025-04-25_14-54-48.csv.
2025-04-25 14:55:08 14.30     2186.71        3915.02        63.30     12.94          3188.34        2306.36        
Metrics saved to /home/ubuntu/master-thesis-quinten-lauwaert/experiments/system-usage/results/system_usage_2025-04-25_14-54-48.csv.
2025-04-25 14:55:09 15.30     2186.71        3915.02        63.30     12.94          3285.46        2377.58        
Metrics saved to /home/ubuntu/master-thesis-quinten-lauwaert/experiments/system-usage/results/system_usage_2025-04-25_14-54-48.csv.
2025-04-25 14:55:10 13.80     2186.71        3915.02        63.30     12.94          3318.77        2410.98        
Metrics saved to /home/ubuntu/master-thesis-quinten-lauwaert/experiments/system-usage/results/system_usage_2025-04-25_14-54-48.csv.
2025-04-25 14:55:11 10.50     2186.71        3915.02        63.30     12.94          3338.51        2429.60        
Metrics saved to /home/ubuntu/master-thesis-quinten-lauwaert/experiments/system-usage/results/system_usage_2025-04-25_14-54-48.csv.
2025-04-25 14:55:12 10.50     2186.96        3915.02        63.30     12.94          3361.35        2451.80        
Metrics saved to /home/ubuntu/master-thesis-quinten-lauwaert/experiments/system-usage/results/system_usage_2025-04-25_14-54-48.csv.
2025-04-25 14:55:13 11.50     2186.95        3915.02        63.30     12.94          3386.62        2476.23        
Metrics saved to /home/ubuntu/master-thesis-quinten-lauwaert/experiments/system-usage/results/system_usage_2025-04-25_14-54-48.csv.
2025-04-25 14:55:14 10.10     2186.95        3915.02        63.30     12.94          3417.48        2506.73        
Metrics saved to /home/ubuntu/master-thesis-quinten-lauwaert/experiments/system-usage/results/system_usage_2025-04-25_14-54-48.csv.
2025-04-25 14:55:15 9.50      2186.95        3915.02        63.30     12.94          3439.27        2527.91        
Metrics saved to /home/ubuntu/master-thesis-quinten-lauwaert/experiments/system-usage/results/system_usage_2025-04-25_14-54-48.csv.
2025-04-25 14:55:16 10.50     2186.95        3915.02        63.30     12.94          3540.42        2628.81        
Metrics saved to /home/ubuntu/master-thesis-quinten-lauwaert/experiments/system-usage/results/system_usage_2025-04-25_14-54-48.csv.
2025-04-25 14:55:17 15.40     2186.35        3915.02        63.30     12.94          3621.58        2692.21        
Metrics saved to /home/ubuntu/master-thesis-quinten-lauwaert/experiments/system-usage/results/system_usage_2025-04-25_14-54-48.csv.
2025-04-25 14:55:18 11.60     2186.35        3915.02        63.30     12.94          3649.39        2719.04        
Metrics saved to /home/ubuntu/master-thesis-quinten-lauwaert/experiments/system-usage/results/system_usage_2025-04-25_14-54-48.csv.
2025-04-25 14:55:19 13.60     2186.35        3915.02        63.30     12.94          3681.35        2750.16        
Metrics saved to /home/ubuntu/master-thesis-quinten-lauwaert/experiments/system-usage/results/system_usage_2025-04-25_14-54-48.csv.
2025-04-25 14:55:20 18.80     2170.68        3915.02        62.90     12.94          4025.72        2978.80        
Metrics saved to /home/ubuntu/master-thesis-quinten-lauwaert/experiments/system-usage/results/system_usage_2025-04-25_14-54-48.csv.
